Archive member included to satisfy reference by file (symbol)

/opt/devkitpro/libctru/lib/libcitro2d.a(base.o)
                              main.o (C2D_Init)
/opt/devkitpro/libctru/lib/libcitro2d.a(spritesheet.o)
                              main.o (C2D_SpriteSheetLoad)
/opt/devkitpro/libctru/lib/libcitro2d.a(render2d.shbin.o)
                              /opt/devkitpro/libctru/lib/libcitro2d.a(base.o) (render2d_shbin)
/opt/devkitpro/libctru/lib/libcitro3d.a(attribs.o)
                              /opt/devkitpro/libctru/lib/libcitro2d.a(base.o) (AttrInfo_Init)
/opt/devkitpro/libctru/lib/libcitro3d.a(base.o)
                              /opt/devkitpro/libctru/lib/libcitro3d.a(attribs.o) (__C3D_Context)
/opt/devkitpro/libctru/lib/libcitro3d.a(buffers.o)
                              /opt/devkitpro/libctru/lib/libcitro2d.a(base.o) (BufInfo_Init)
/opt/devkitpro/libctru/lib/libcitro3d.a(drawElements.o)
                              /opt/devkitpro/libctru/lib/libcitro2d.a(base.o) (C3D_DrawElements)
/opt/devkitpro/libctru/lib/libcitro3d.a(effect.o)
                              /opt/devkitpro/libctru/lib/libcitro3d.a(base.o) (C3D_DepthMap)
/opt/devkitpro/libctru/lib/libcitro3d.a(framebuffer.o)
                              /opt/devkitpro/libctru/lib/libcitro3d.a(base.o) (C3Di_FrameBufBind)
/opt/devkitpro/libctru/lib/libcitro3d.a(immediate.o)
                              /opt/devkitpro/libctru/lib/libcitro3d.a(base.o) (C3D_ImmSendAttrib)
/opt/devkitpro/libctru/lib/libcitro3d.a(proctex.o)
                              /opt/devkitpro/libctru/lib/libcitro2d.a(base.o) (C3D_ProcTexInit)
/opt/devkitpro/libctru/lib/libcitro3d.a(renderqueue.o)
                              /opt/devkitpro/libctru/lib/libcitro3d.a(base.o) (C3Di_RenderQueueEnableVBlank)
/opt/devkitpro/libctru/lib/libcitro3d.a(tex3ds.o)
                              /opt/devkitpro/libctru/lib/libcitro2d.a(spritesheet.o) (Tex3DS_TextureImport)
/opt/devkitpro/libctru/lib/libcitro3d.a(texenv.o)
                              /opt/devkitpro/libctru/lib/libcitro2d.a(base.o) (C3D_GetTexEnv)
/opt/devkitpro/libctru/lib/libcitro3d.a(texture.o)
                              /opt/devkitpro/libctru/lib/libcitro3d.a(tex3ds.o) (C3D_TexInitWithParams)
/opt/devkitpro/libctru/lib/libcitro3d.a(uniforms.o)
                              /opt/devkitpro/libctru/lib/libcitro3d.a(base.o) (C3D_UpdateUniforms)
/opt/devkitpro/libctru/lib/libcitro3d.a(mtx_multiply.o)
                              /opt/devkitpro/libctru/lib/libcitro2d.a(base.o) (Mtx_Multiply)
/opt/devkitpro/libctru/lib/libcitro3d.a(mtx_ortho.o)
                              /opt/devkitpro/libctru/lib/libcitro2d.a(base.o) (Mtx_Ortho)
/opt/devkitpro/libctru/lib/libcitro3d.a(mtx_orthotilt.o)
                              /opt/devkitpro/libctru/lib/libcitro2d.a(base.o) (Mtx_OrthoTilt)
/opt/devkitpro/libctru/lib/libcitro3d.a(mtx_rotatez.o)
                              /opt/devkitpro/libctru/lib/libcitro2d.a(base.o) (Mtx_RotateZ)
/opt/devkitpro/libctru/lib/libcitro3d.a(mtx_scale.o)
                              /opt/devkitpro/libctru/lib/libcitro2d.a(base.o) (Mtx_Scale)
/opt/devkitpro/libctru/lib/libcitro3d.a(mtx_translate.o)
                              /opt/devkitpro/libctru/lib/libcitro2d.a(base.o) (Mtx_Translate)
/opt/devkitpro/libctru/lib/libctru.a(linear.o)
                              /opt/devkitpro/libctru/lib/libcitro2d.a(base.o) (linearAlloc)
/opt/devkitpro/libctru/lib/libctru.a(mem_pool.o)
                              /opt/devkitpro/libctru/lib/libctru.a(linear.o) (MemPool::Allocate(MemChunk&, unsigned long, int))
/opt/devkitpro/libctru/lib/libctru.a(vram.o)
                              /opt/devkitpro/libctru/lib/libcitro3d.a(renderqueue.o) (vramAlloc)
/opt/devkitpro/libctru/lib/libctru.a(gfx.o)
                              /opt/devkitpro/libctru/lib/libcitro2d.a(base.o) (gfxIsWide)
/opt/devkitpro/libctru/lib/libctru.a(os.o)
                              /opt/devkitpro/libctru/lib/libcitro3d.a(buffers.o) (osConvertVirtToPhys)
/opt/devkitpro/libctru/lib/libctru.a(romfs_dev.o)
                              main.o (romfsMountSelf)
/opt/devkitpro/libctru/lib/libctru.a(gpu.o)
                              /opt/devkitpro/libctru/lib/libcitro3d.a(base.o) (gpuCmdBufOffset)
/opt/devkitpro/libctru/lib/libctru.a(gx.o)
                              /opt/devkitpro/libctru/lib/libcitro3d.a(renderqueue.o) (GX_BindQueue)
/opt/devkitpro/libctru/lib/libctru.a(gxqueue.o)
                              /opt/devkitpro/libctru/lib/libcitro3d.a(renderqueue.o) (gxCmdQueueClear)
/opt/devkitpro/libctru/lib/libctru.a(shaderProgram.o)
                              /opt/devkitpro/libctru/lib/libcitro2d.a(base.o) (shaderInstanceGetUniformLocation)
/opt/devkitpro/libctru/lib/libctru.a(shbin.o)
                              /opt/devkitpro/libctru/lib/libcitro2d.a(base.o) (DVLB_ParseFile)
/opt/devkitpro/libctru/lib/libctru.a(apt.o)
                              /opt/devkitpro/libctru/lib/libcitro3d.a(base.o) (aptHook)
[...]
Memory Configuration

Name             Origin             Length             Attributes
*default*        0x00000000         0xffffffff

Linker script and memory map

                0x00000000                        __sync_synchronize = __sync_synchronize_dmb
                0x00100000                        PROVIDE (__start__ = 0x100000)
                0x00100000                        . = __start__

.text           0x00100000    0x16288
 *(.crt0)
 .crt0          0x00100000       0x94 /opt/devkitpro/devkitARM/bin/../lib/gcc/arm-none-eabi/14.1.0/../../../../arm-none-eabi/lib/armv6k/fpu/3dsx_crt0.o
                0x00100000                _start
                0x00100008                __service_ptr
                0x0010000c                __apt_appid
                0x00100010                __heap_size
                0x00100014                __linear_heap_size
                0x00100018                __system_arglist
                0x0010001c                __system_runflags
 *(.init)
 .init          0x00100094        0xc /opt/devkitpro/devkitARM/bin/../lib/gcc/arm-none-eabi/14.1.0/armv6k/fpu/crti.o
                0x00100094                _init
 .init          0x001000a0        0xc /opt/devkitpro/devkitARM/bin/../lib/gcc/arm-none-eabi/14.1.0/armv6k/fpu/crtn.o
                0x001000ac                        . = ALIGN (0x4)
 *(.text)
 .text          0x001000ac      0x20c /opt/devkitpro/devkitARM/bin/../lib/gcc/arm-none-eabi/14.1.0/armv6k/fpu/libgcc.a(_udivsi3.o)
                0x001000ac                __udivsi3
                0x001000ac                __aeabi_uidiv
                0x00100298                __aeabi_uidivmod
 .text          0x001002b8        0x4 /opt/devkitpro/devkitARM/bin/../lib/gcc/arm-none-eabi/14.1.0/armv6k/fpu/libgcc.a(_dvmd_tls.o)
                0x001002b8                __aeabi_ldiv0
                0x001002b8                __aeabi_idiv0
 .text          0x001002bc      0x3c0 /opt/devkitpro/devkitARM/bin/../lib/gcc/arm-none-eabi/14.1.0/armv6k/fpu/libgcc.a(_arm_addsubdf3.o)
                0x001002bc                __aeabi_drsub
                0x001002c4                __aeabi_dsub
                0x001002c4                __subdf3
                0x001002c8                __adddf3
                0x001002c8                __aeabi_dadd
                0x00100574                __aeabi_ui2d
                0x00100574                __floatunsidf
                0x00100598                __floatsidf
                0x00100598                __aeabi_i2d
                0x001005c0                __extendsfdf2
                0x001005c0                __aeabi_f2d
                0x00100608                __aeabi_ul2d
                0x00100608                __floatundidf
                0x0010061c                __floatdidf
                0x0010061c                __aeabi_l2d
 .text          0x0010067c       0xd4 /opt/devkitpro/devkitARM/bin/../lib/gcc/arm-none-eabi/14.1.0/armv6k/fpu/libgcc.a(_aeabi_ldivmod.o)
                0x0010067c                __aeabi_ldivmod
 *fill*         0x00100750       0x10 
 .text          0x00100760      0x390 /opt/devkitpro/devkitARM/bin/../lib/gcc/arm-none-eabi/14.1.0/../../../../arm-none-eabi/lib/armv6k/fpu/libg.a(libc_a-strcmp.o)
                0x00100768                strcmp
 *(.text.*)
 .text.__do_global_dtors_aux
                0x00100af0       0x40 /opt/devkitpro/devkitARM/bin/../lib/gcc/arm-none-eabi/14.1.0/armv6k/fpu/crtbegin.o
 .text.frame_dummy
                0x00100b30       0x2c /opt/devkitpro/devkitARM/bin/../lib/gcc/arm-none-eabi/14.1.0/armv6k/fpu/crtbegin.o
 .text.generateDeck
                0x00100b5c      0x130 deck.o
                0x00100b5c                generateDeck
 .text.destroyDeck
                0x00100c8c       0x1c deck.o
                0x00100c8c                destroyDeck
 .text.startup.main
                0x00100ca8      0x170 main.o
                0x00100ca8                main
 .text.C2Di_FrameEndHook
                0x00100e18       0x44 /opt/devkitpro/libctru/lib/libcitro2d.a(base.o)
 *fill*         0x00100e5c        0x4 
 .text.C2D_Init
                0x00100e60      0x36c /opt/devkitpro/libctru/lib/libcitro2d.a(base.o)
                0x00100e60                C2D_Init
 .text.C2D_Fini
                0x001011cc       0x4c /opt/devkitpro/libctru/lib/libcitro2d.a(base.o)
                0x001011cc                C2D_Fini
 .text.C2D_Prepare
                0x00101218       0xb8 /opt/devkitpro/libctru/lib/libcitro2d.a(base.o)
                0x00101218                C2D_Prepare
 .text.C2D_Flush
                0x001012d0       0x48 /opt/devkitpro/libctru/lib/libcitro2d.a(base.o)
                0x001012d0                C2D_Flush
 .text.C2D_SceneSize
                0x00101318      0x104 /opt/devkitpro/libctru/lib/libcitro2d.a(base.o)
                0x00101318                C2D_SceneSize
 .text.C2D_CreateScreenTarget
                0x0010141c       0x58 /opt/devkitpro/libctru/lib/libcitro2d.a(base.o)
                0x0010141c                C2D_CreateScreenTarget
 .text.C2D_TargetClear
                0x00101474       0x64 /opt/devkitpro/libctru/lib/libcitro2d.a(base.o)
                0x00101474                C2D_TargetClear
 .text.C2Di_CalcQuad
                0x001014d8      0x13c /opt/devkitpro/libctru/lib/libcitro2d.a(base.o)
                0x001014d8                C2Di_CalcQuad
 .text.C2Di_AppendQuad
                0x00101614       0x58 /opt/devkitpro/libctru/lib/libcitro2d.a(base.o)
                0x00101614                C2Di_AppendQuad
 .text.C2Di_Update
                0x0010166c      0x550 /opt/devkitpro/libctru/lib/libcitro2d.a(base.o)
                0x0010166c                C2Di_Update
 .text.C2D_DrawImage
                0x00101bbc      0x2b0 /opt/devkitpro/libctru/lib/libcitro2d.a(base.o)
                0x00101bbc                C2D_DrawImage
 .text.C2D_SpriteSheetLoadFromHandle
                0x00101e6c       0x6c /opt/devkitpro/libctru/lib/libcitro2d.a(spritesheet.o)
                0x00101e6c                C2D_SpriteSheetLoadFromHandle
 .text.C2D_SpriteSheetLoad
                0x00101ed8       0x48 /opt/devkitpro/libctru/lib/libcitro2d.a(spritesheet.o)
                0x00101ed8                C2D_SpriteSheetLoad
 .text.C2D_SpriteSheetFree
                0x00101f20       0x28 /opt/devkitpro/libctru/lib/libcitro2d.a(spritesheet.o)
                0x00101f20                C2D_SpriteSheetFree
 .text.C2D_SpriteSheetGetImage
                0x00101f48       0x2c /opt/devkitpro/libctru/lib/libcitro2d.a(spritesheet.o)
                0x00101f48                C2D_SpriteSheetGetImage
 .text.AttrInfo_Init
                0x00101f74       0x28 /opt/devkitpro/libctru/lib/libcitro3d.a(attribs.o)
                0x00101f74                AttrInfo_Init
 .text.AttrInfo_AddLoader
                0x00101f9c       0x94 /opt/devkitpro/libctru/lib/libcitro3d.a(attribs.o)
                0x00101f9c                AttrInfo_AddLoader
 .text.C3D_SetAttrInfo
                0x00102030       0x54 /opt/devkitpro/libctru/lib/libcitro3d.a(attribs.o)
                0x00102030                C3D_SetAttrInfo
 .text.C3Di_AttrInfoBind
                0x00102084       0x80 /opt/devkitpro/libctru/lib/libcitro3d.a(attribs.o)
                0x00102084                C3Di_AttrInfoBind
 .text.C3Di_LightEnvUpdate
                0x00102104        0x4 /opt/devkitpro/libctru/lib/libcitro3d.a(base.o)
                0x00102104                C3Di_LightEnvUpdate
 .text.C3Di_LightEnvDirty
                0x00102108        0x4 /opt/devkitpro/libctru/lib/libcitro3d.a(base.o)
                0x00102108                C3Di_LightEnvDirty
 .text.C3Di_AptEventHook
                0x0010210c       0xb4 /opt/devkitpro/libctru/lib/libcitro3d.a(base.o)
 .text.C3Di_GasUpdate
                0x001021c0        0x4 /opt/devkitpro/libctru/lib/libcitro3d.a(base.o)
                0x001021c0                C3Di_GasUpdate
 .text.C3D_Init
                0x001021c4      0x1d0 /opt/devkitpro/libctru/lib/libcitro3d.a(base.o)
                0x001021c4                C3D_Init
 .text.C3D_SetViewport
                0x00102394       0x98 /opt/devkitpro/libctru/lib/libcitro3d.a(base.o)
                0x00102394                C3D_SetViewport
 .text.C3Di_UpdateContext
                0x0010242c      0x4e8 /opt/devkitpro/libctru/lib/libcitro3d.a(base.o)
                0x0010242c                C3Di_UpdateContext
 .text.C3Di_SplitFrame
                0x00102914       0xe0 /opt/devkitpro/libctru/lib/libcitro3d.a(base.o)
                0x00102914                C3Di_SplitFrame
 .text.C3D_Fini
                0x001029f4       0x44 /opt/devkitpro/libctru/lib/libcitro3d.a(base.o)
                0x001029f4                C3D_Fini
 .text.C3D_BindProgram
                0x00102a38      0x194 /opt/devkitpro/libctru/lib/libcitro3d.a(base.o)
                0x00102a38                C3D_BindProgram
 .text.BufInfo_Init
                0x00102bcc       0x24 /opt/devkitpro/libctru/lib/libcitro3d.a(buffers.o)
                0x00102bcc                BufInfo_Init
 .text.BufInfo_Add
                0x00102bf0       0x80 /opt/devkitpro/libctru/lib/libcitro3d.a(buffers.o)
                0x00102bf0                BufInfo_Add
 .text.C3D_SetBufInfo
                0x00102c70       0x3c /opt/devkitpro/libctru/lib/libcitro3d.a(buffers.o)
                0x00102c70                C3D_SetBufInfo
 .text.C3Di_BufInfoBind
                0x00102cac       0x48 /opt/devkitpro/libctru/lib/libcitro3d.a(buffers.o)
                0x00102cac                C3Di_BufInfoBind
 .text.C3D_DrawElements
                0x00102cf4      0x21c /opt/devkitpro/libctru/lib/libcitro3d.a(drawElements.o)
                0x00102cf4                C3D_DrawElements
 .text.C3D_DepthMap
                0x00102f10       0x40 /opt/devkitpro/libctru/lib/libcitro3d.a(effect.o)
                0x00102f10                C3D_DepthMap
 .text.C3D_CullFace
                0x00102f50       0x1c /opt/devkitpro/libctru/lib/libcitro3d.a(effect.o)
                0x00102f50                C3D_CullFace
 .text.C3D_StencilTest
                0x00102f6c       0x40 /opt/devkitpro/libctru/lib/libcitro3d.a(effect.o)
                0x00102f6c                C3D_StencilTest
 .text.C3D_StencilOp
                0x00102fac       0x24 /opt/devkitpro/libctru/lib/libcitro3d.a(effect.o)
                0x00102fac                C3D_StencilOp
 .text.C3D_BlendingColor
                0x00102fd0       0x1c /opt/devkitpro/libctru/lib/libcitro3d.a(effect.o)
                0x00102fd0                C3D_BlendingColor
 .text.C3D_EarlyDepthTest
                0x00102fec       0x24 /opt/devkitpro/libctru/lib/libcitro3d.a(effect.o)
                0x00102fec                C3D_EarlyDepthTest
 .text.C3D_DepthTest
                0x00103010       0x2c /opt/devkitpro/libctru/lib/libcitro3d.a(effect.o)
                0x00103010                C3D_DepthTest
 .text.C3D_AlphaTest
                0x0010303c       0x2c /opt/devkitpro/libctru/lib/libcitro3d.a(effect.o)
                0x0010303c                C3D_AlphaTest
 .text.C3D_AlphaBlend
                0x00103068       0x50 /opt/devkitpro/libctru/lib/libcitro3d.a(effect.o)
                0x00103068                C3D_AlphaBlend
 .text.C3D_FragOpMode
                0x001030b8       0x30 /opt/devkitpro/libctru/lib/libcitro3d.a(effect.o)
                0x001030b8                C3D_FragOpMode
 .text.C3D_FragOpShadow
                0x001030e8       0x44 /opt/devkitpro/libctru/lib/libcitro3d.a(effect.o)
                0x001030e8                C3D_FragOpShadow
 .text.C3Di_EffectBind
                0x0010312c      0x1ac /opt/devkitpro/libctru/lib/libcitro3d.a(effect.o)
                0x0010312c                C3Di_EffectBind
 .text.C3D_CalcColorBufSize
                0x001032d8       0x1c /opt/devkitpro/libctru/lib/libcitro3d.a(framebuffer.o)
                0x001032d8                C3D_CalcColorBufSize
 .text.C3D_CalcDepthBufSize
                0x001032f4       0x1c /opt/devkitpro/libctru/lib/libcitro3d.a(framebuffer.o)
                0x001032f4                C3D_CalcDepthBufSize
 .text.C3D_SetFrameBuf
                0x00103310       0x44 /opt/devkitpro/libctru/lib/libcitro3d.a(framebuffer.o)
                0x00103310                C3D_SetFrameBuf
 .text.C3Di_FrameBufBind
                0x00103354      0x16c /opt/devkitpro/libctru/lib/libcitro3d.a(framebuffer.o)
                0x00103354                C3Di_FrameBufBind
 .text.C3D_FrameBufClear
                0x001034c0       0xc8 /opt/devkitpro/libctru/lib/libcitro3d.a(framebuffer.o)
                0x001034c0                C3D_FrameBufClear
 .text.C3D_FrameBufTransfer
                0x00103588       0x44 /opt/devkitpro/libctru/lib/libcitro3d.a(framebuffer.o)
                0x00103588                C3D_FrameBufTransfer
 .text.C3D_ImmSendAttrib
                0x001035cc       0xa8 /opt/devkitpro/libctru/lib/libcitro3d.a(immediate.o)
                0x001035cc                C3D_ImmSendAttrib
 .text.C3D_ProcTexInit
                0x00103674       0x70 /opt/devkitpro/libctru/lib/libcitro3d.a(proctex.o)
                0x00103674                C3D_ProcTexInit
 .text.C3D_ProcTexBind
                0x001036e4       0x54 /opt/devkitpro/libctru/lib/libcitro3d.a(proctex.o)
                0x001036e4                C3D_ProcTexBind
 .text.C3D_ProcTexLutBind
                0x00103738       0x5c /opt/devkitpro/libctru/lib/libcitro3d.a(proctex.o)
                0x00103738                C3D_ProcTexLutBind
 .text.ProcTexLut_FromArray
                0x00103794       0xa4 /opt/devkitpro/libctru/lib/libcitro3d.a(proctex.o)
                0x00103794                ProcTexLut_FromArray
 .text.C3Di_ProcTexUpdate
                0x00103838      0x178 /opt/devkitpro/libctru/lib/libcitro3d.a(proctex.o)
                0x00103838                C3Di_ProcTexUpdate
 .text.C3Di_ProcTexDirty
                0x001039b0       0x68 /opt/devkitpro/libctru/lib/libcitro3d.a(proctex.o)
                0x001039b0                C3Di_ProcTexDirty
 .text.onVBlank0
                0x00103a18       0x4c /opt/devkitpro/libctru/lib/libcitro3d.a(renderqueue.o)
 .text.onVBlank1
                0x00103a64       0x4c /opt/devkitpro/libctru/lib/libcitro3d.a(renderqueue.o)
 .text.C3Di_RenderTargetDestroy
                0x00103ab0       0x80 /opt/devkitpro/libctru/lib/libcitro3d.a(renderqueue.o)
 .text.onQueueFinish
                0x00103b30       0xf4 /opt/devkitpro/libctru/lib/libcitro3d.a(renderqueue.o)
 .text.C3Di_RenderQueueEnableVBlank
                0x00103c24       0x38 /opt/devkitpro/libctru/lib/libcitro3d.a(renderqueue.o)
                0x00103c24                C3Di_RenderQueueEnableVBlank
 .text.C3Di_RenderQueueDisableVBlank
                0x00103c5c       0x30 /opt/devkitpro/libctru/lib/libcitro3d.a(renderqueue.o)
                0x00103c5c                C3Di_RenderQueueDisableVBlank
 .text.C3Di_RenderQueueInit
                0x00103c8c       0x60 /opt/devkitpro/libctru/lib/libcitro3d.a(renderqueue.o)
                0x00103c8c                C3Di_RenderQueueInit
 .text.C3Di_RenderQueueExit
                0x00103cec       0xb4 /opt/devkitpro/libctru/lib/libcitro3d.a(renderqueue.o)
                0x00103cec                C3Di_RenderQueueExit
 .text.C3Di_RenderQueueWaitDone
                0x00103da0       0x34 /opt/devkitpro/libctru/lib/libcitro3d.a(renderqueue.o)
                0x00103da0                C3Di_RenderQueueWaitDone
 .text.C3D_FrameBegin
                0x00103dd4       0xe8 /opt/devkitpro/libctru/lib/libcitro3d.a(renderqueue.o)
                0x00103dd4                C3D_FrameBegin
 .text.C3D_FrameDrawOn
                0x00103ebc       0x48 /opt/devkitpro/libctru/lib/libcitro3d.a(renderqueue.o)
                0x00103ebc                C3D_FrameDrawOn
 .text.C3D_FrameSplit
                0x00103f04       0x58 /opt/devkitpro/libctru/lib/libcitro3d.a(renderqueue.o)
                0x00103f04                C3D_FrameSplit
 .text.C3D_FrameEnd
                0x00103f5c      0x1d0 /opt/devkitpro/libctru/lib/libcitro3d.a(renderqueue.o)
                0x00103f5c                C3D_FrameEnd
 .text.C3D_FrameEndHook
                0x0010412c       0x1c /opt/devkitpro/libctru/lib/libcitro3d.a(renderqueue.o)
                0x0010412c                C3D_FrameEndHook
 .text.C3D_RenderTargetCreate
                0x00104148      0x170 /opt/devkitpro/libctru/lib/libcitro3d.a(renderqueue.o)
                0x00104148                C3D_RenderTargetCreate
 .text.C3D_RenderTargetSetOutput
                0x001042b8       0xa8 /opt/devkitpro/libctru/lib/libcitro3d.a(renderqueue.o)
                0x001042b8                C3D_RenderTargetSetOutput
 .text.C3D_SyncTextureCopy
                0x00104360       0xfc /opt/devkitpro/libctru/lib/libcitro3d.a(renderqueue.o)
                0x00104360                C3D_SyncTextureCopy
 .text.Tex3DSi_ImportCommon
                0x0010445c      0x3d8 /opt/devkitpro/libctru/lib/libcitro3d.a(tex3ds.o)
 .text.Tex3DS_TextureImportStdio
                0x00104834       0x38 /opt/devkitpro/libctru/lib/libcitro3d.a(tex3ds.o)
                0x00104834                Tex3DS_TextureImportStdio
 .text.Tex3DS_GetSubTexture
                0x0010486c       0x1c /opt/devkitpro/libctru/lib/libcitro3d.a(tex3ds.o)
                0x0010486c                Tex3DS_GetSubTexture
 .text.Tex3DS_TextureFree
                0x00104888        0x4 /opt/devkitpro/libctru/lib/libcitro3d.a(tex3ds.o)
                0x00104888                Tex3DS_TextureFree
 .text.C3D_GetTexEnv
                0x0010488c       0x34 /opt/devkitpro/libctru/lib/libcitro3d.a(texenv.o)
                0x0010488c                C3D_GetTexEnv
 .text.C3Di_TexEnvBind
                0x001048c0       0x24 /opt/devkitpro/libctru/lib/libcitro3d.a(texenv.o)
                0x001048c0                C3Di_TexEnvBind
 .text.C3D_TexInitWithParams
                0x001048e4      0x290 /opt/devkitpro/libctru/lib/libcitro3d.a(texture.o)
                0x001048e4                C3D_TexInitWithParams
 .text.C3D_TexLoadImage
                0x00104b74       0xc8 /opt/devkitpro/libctru/lib/libcitro3d.a(texture.o)
                0x00104b74                C3D_TexLoadImage
 .text.C3D_TexBind
                0x00104c3c       0x44 /opt/devkitpro/libctru/lib/libcitro3d.a(texture.o)
                0x00104c3c                C3D_TexBind
 .text.C3D_TexDelete
                0x00104c80       0x74 /opt/devkitpro/libctru/lib/libcitro3d.a(texture.o)
                0x00104c80                C3D_TexDelete
 .text.C3Di_SetTex
                0x00104cf4      0x14c /opt/devkitpro/libctru/lib/libcitro3d.a(texture.o)
                0x00104cf4                C3Di_SetTex
 .text.C3D_UpdateUniforms
                0x00104e40      0x290 /opt/devkitpro/libctru/lib/libcitro3d.a(uniforms.o)
                0x00104e40                C3D_UpdateUniforms
 .text.C3Di_DirtyUniforms
                0x001050d0       0xc0 /opt/devkitpro/libctru/lib/libcitro3d.a(uniforms.o)
                0x001050d0                C3Di_DirtyUniforms
 .text.C3Di_LoadShaderUniforms
                0x00105190       0xd8 /opt/devkitpro/libctru/lib/libcitro3d.a(uniforms.o)
                0x00105190                C3Di_LoadShaderUniforms
 .text.C3Di_ClearShaderUniforms
                0x00105268       0x28 /opt/devkitpro/libctru/lib/libcitro3d.a(uniforms.o)
                0x00105268                C3Di_ClearShaderUniforms
 .text.Mtx_Ortho
                0x00105290       0xcc /opt/devkitpro/libctru/lib/libcitro3d.a(mtx_ortho.o)
                0x00105290                Mtx_Ortho
 .text.Mtx_OrthoTilt
                0x0010535c       0xcc /opt/devkitpro/libctru/lib/libcitro3d.a(mtx_orthotilt.o)
                0x0010535c                Mtx_OrthoTilt
 .text._ZL21addrMapNodeComparatorPK11rbtree_nodeS1_
                0x00105428       0x24 /opt/devkitpro/libctru/lib/libctru.a(linear.o)
 .text._ZL21addrMapNodeDestructorP11rbtree_node
                0x0010544c        0x4 /opt/devkitpro/libctru/lib/libctru.a(linear.o)
 .text.linearMemAlign
                0x00105450      0x120 /opt/devkitpro/libctru/lib/libctru.a(linear.o)
                0x00105450                linearMemAlign
 .text.linearAlloc
                0x00105570        0x8 /opt/devkitpro/libctru/lib/libctru.a(linear.o)
                0x00105570                linearAlloc
 .text.linearFree
                0x00105578       0x5c /opt/devkitpro/libctru/lib/libctru.a(linear.o)
                0x00105578                linearFree
 .text._ZN7MemPool13CoalesceRightEP8MemBlock
                0x001055d4       0x80 /opt/devkitpro/libctru/lib/libctru.a(mem_pool.o)
                0x001055d4                MemPool::CoalesceRight(MemBlock*)
 .text._ZN7MemPool8AllocateER8MemChunkmi
                0x00105654      0x16c /opt/devkitpro/libctru/lib/libctru.a(mem_pool.o)
                0x00105654                MemPool::Allocate(MemChunk&, unsigned long, int)
 .text._ZN7MemPool10DeallocateERK8MemChunk
                0x001057c0       0xfc /opt/devkitpro/libctru/lib/libctru.a(mem_pool.o)
                0x001057c0                MemPool::Deallocate(MemChunk const&)
 .text._ZN7MemPool12GetFreeSpaceEv
                0x001058bc       0x30 /opt/devkitpro/libctru/lib/libctru.a(mem_pool.o)
                0x001058bc                MemPool::GetFreeSpace()
 .text._ZL21addrMapNodeComparatorPK11rbtree_nodeS1_
                0x001058ec       0x24 /opt/devkitpro/libctru/lib/libctru.a(vram.o)
 .text._ZL21addrMapNodeDestructorP11rbtree_node
                0x00105910        0x4 /opt/devkitpro/libctru/lib/libctru.a(vram.o)
 .text.vramMemAlignAt
                0x00105914      0x24c /opt/devkitpro/libctru/lib/libctru.a(vram.o)
                0x00105914                vramMemAlignAt
 .text.vramAlloc
                0x00105b60        0xc /opt/devkitpro/libctru/lib/libctru.a(vram.o)
                0x00105b60                vramAlloc
 .text.vramAllocAt
                0x00105b6c        0xc /opt/devkitpro/libctru/lib/libctru.a(vram.o)
                0x00105b6c                vramAllocAt
 .text.vramFree
                0x00105b78       0x90 /opt/devkitpro/libctru/lib/libctru.a(vram.o)
                0x00105b78                vramFree
 .text.gfxPresentFramebuffer
                0x00105c08       0xd0 /opt/devkitpro/libctru/lib/libctru.a(gfx.o)
 .text.gfxIsWide
                0x00105cd8       0x1c /opt/devkitpro/libctru/lib/libctru.a(gfx.o)
                0x00105cd8                gfxIsWide
 .text.gfxSetScreenFormat
                0x00105cf4       0xec /opt/devkitpro/libctru/lib/libctru.a(gfx.o)
                0x00105cf4                gfxSetScreenFormat
 .text.gfxInit  0x00105de0       0xe0 /opt/devkitpro/libctru/lib/libctru.a(gfx.o)
                0x00105de0                gfxInit
 .text.gfxInitDefault
                0x00105ec0       0x10 /opt/devkitpro/libctru/lib/libctru.a(gfx.o)
                0x00105ec0                gfxInitDefault
 .text.gfxExit  0x00105ed0       0xb4 /opt/devkitpro/libctru/lib/libctru.a(gfx.o)
                0x00105ed0                gfxExit
 .text.gfxGetFramebuffer
                0x00105f84       0xa0 /opt/devkitpro/libctru/lib/libctru.a(gfx.o)
                0x00105f84                gfxGetFramebuffer
 .text.gfxScreenSwapBuffers
                0x00106024       0x30 /opt/devkitpro/libctru/lib/libctru.a(gfx.o)
                0x00106024                gfxScreenSwapBuffers
 .text.osConvertVirtToPhys
                0x00106054       0x74 /opt/devkitpro/libctru/lib/libctru.a(os.o)
                0x00106054                osConvertVirtToPhys
 .text.osGetTimeRef
                0x001060c8       0x54 /opt/devkitpro/libctru/lib/libctru.a(os.o)
                0x001060c8                osGetTimeRef
 .text.osGetTime
                0x0010611c       0xec /opt/devkitpro/libctru/lib/libctru.a(os.o)
                0x0010611c                osGetTime
 .text.__ctru_speedup_config
                0x00106208       0x34 /opt/devkitpro/libctru/lib/libctru.a(os.o)
                0x00106208                __ctru_speedup_config
 .text.romfs_close
                0x0010623c        0x8 /opt/devkitpro/libctru/lib/libctru.a(romfs_dev.o)
 .text.romfs_seek
                0x00106244       0xc4 /opt/devkitpro/libctru/lib/libctru.a(romfs_dev.o)
 .text.romfs_dirreset
                0x00106308       0x24 /opt/devkitpro/libctru/lib/libctru.a(romfs_dev.o)
 .text.fill_dir
                0x0010632c       0xc8 /opt/devkitpro/libctru/lib/libctru.a(romfs_dev.o)
 .text.romfs_dirnext
                0x001063f4      0x2a8 /opt/devkitpro/libctru/lib/libctru.a(romfs_dev.o)
 .text.romfs_free
                0x0010669c       0x84 /opt/devkitpro/libctru/lib/libctru.a(romfs_dev.o)
 .text.searchForFile.constprop.0
                0x00106720       0xd4 /opt/devkitpro/libctru/lib/libctru.a(romfs_dev.o)
 .text.searchForDir.constprop.0
                0x001067f4       0xd8 /opt/devkitpro/libctru/lib/libctru.a(romfs_dev.o)
 .text.navigateToDir.constprop.0
                0x001068cc      0x1c0 /opt/devkitpro/libctru/lib/libctru.a(romfs_dev.o)
 .text.romfs_open
                0x00106a8c      0x10c /opt/devkitpro/libctru/lib/libctru.a(romfs_dev.o)
 .text.romfs_chdir
                0x00106b98       0x4c /opt/devkitpro/libctru/lib/libctru.a(romfs_dev.o)
 .text.romfs_diropen
                0x00106be4       0x70 /opt/devkitpro/libctru/lib/libctru.a(romfs_dev.o)
 .text.romfs_stat
                0x00106c54      0x174 /opt/devkitpro/libctru/lib/libctru.a(romfs_dev.o)
 .text.romfs_dirclose
                0x00106dc8        0x8 /opt/devkitpro/libctru/lib/libctru.a(romfs_dev.o)
 .text.romfs_fstat
                0x00106dd0       0x84 /opt/devkitpro/libctru/lib/libctru.a(romfs_dev.o)
 .text.romfs_read
                0x00106e54       0xd0 /opt/devkitpro/libctru/lib/libctru.a(romfs_dev.o)
 .text.romfsMountFromFile
                0x00106f24      0x28c /opt/devkitpro/libctru/lib/libctru.a(romfs_dev.o)
                0x00106f24                romfsMountFromFile
 .text.romfsMountFromCurrentProcess
                0x001071b0       0x98 /opt/devkitpro/libctru/lib/libctru.a(romfs_dev.o)
                0x001071b0                romfsMountFromCurrentProcess
 .text.romfsMountSelf
                0x00107248      0x260 /opt/devkitpro/libctru/lib/libctru.a(romfs_dev.o)
                0x00107248                romfsMountSelf
 .text.GPUCMD_Add
                0x001074a8      0x13c /opt/devkitpro/libctru/lib/libctru.a(gpu.o)
                0x001074a8                GPUCMD_Add
 .text.GPUCMD_Split
                0x001075e4       0xb0 /opt/devkitpro/libctru/lib/libctru.a(gpu.o)
                0x001075e4                GPUCMD_Split
 .text.f32tof16
                0x00107694       0x34 /opt/devkitpro/libctru/lib/libctru.a(gpu.o)
                0x00107694                f32tof16
 .text.f32tof24
                0x001076c8       0x34 /opt/devkitpro/libctru/lib/libctru.a(gpu.o)
                0x001076c8                f32tof24
 .text.f32tof31
                0x001076fc       0x38 /opt/devkitpro/libctru/lib/libctru.a(gpu.o)
                0x001076fc                f32tof31
 .text.GX_BindQueue
                0x00107734       0x10 /opt/devkitpro/libctru/lib/libctru.a(gx.o)
                0x00107734                GX_BindQueue
 .text.GX_ProcessCommandList
                0x00107744       0x78 /opt/devkitpro/libctru/lib/libctru.a(gx.o)
                0x00107744                GX_ProcessCommandList
 .text.GX_MemoryFill
                0x001077bc       0x74 /opt/devkitpro/libctru/lib/libctru.a(gx.o)
                0x001077bc                GX_MemoryFill
 .text.GX_DisplayTransfer
                0x00107830       0x70 /opt/devkitpro/libctru/lib/libctru.a(gx.o)
                0x00107830                GX_DisplayTransfer
 .text.GX_TextureCopy
                0x001078a0       0x74 /opt/devkitpro/libctru/lib/libctru.a(gx.o)
                0x001078a0                GX_TextureCopy
 .text.gxCmdQueueDoCommands.part.0
                0x00107914       0x68 /opt/devkitpro/libctru/lib/libctru.a(gxqueue.o)
 .text.gxCmdQueueInterrupt
                0x0010797c       0xc8 /opt/devkitpro/libctru/lib/libctru.a(gxqueue.o)
                0x0010797c                gxCmdQueueInterrupt
 .text.gxCmdQueueClear
                0x00107a44       0x4c /opt/devkitpro/libctru/lib/libctru.a(gxqueue.o)
                0x00107a44                gxCmdQueueClear
 .text.gxCmdQueueAdd
                0x00107a90       0xf8 /opt/devkitpro/libctru/lib/libctru.a(gxqueue.o)
                0x00107a90                gxCmdQueueAdd
 .text.gxCmdQueueRun
                0x00107b88       0x80 /opt/devkitpro/libctru/lib/libctru.a(gxqueue.o)
                0x00107b88                gxCmdQueueRun
 .text.gxCmdQueueStop
                0x00107c08       0x60 /opt/devkitpro/libctru/lib/libctru.a(gxqueue.o)
                0x00107c08                gxCmdQueueStop
 .text.gxCmdQueueWait
                0x00107c68       0x8c /opt/devkitpro/libctru/lib/libctru.a(gxqueue.o)
                0x00107c68                gxCmdQueueWait
 .text.shaderInstanceInit
                0x00107cf4      0x1d0 /opt/devkitpro/libctru/lib/libctru.a(shaderProgram.o)
                0x00107cf4                shaderInstanceInit
 .text.shaderInstanceGetUniformLocation
                0x00107ec4       0x18 /opt/devkitpro/libctru/lib/libctru.a(shaderProgram.o)
                0x00107ec4                shaderInstanceGetUniformLocation
 .text.shaderProgramInit
                0x00107edc       0x1c /opt/devkitpro/libctru/lib/libctru.a(shaderProgram.o)
                0x00107edc                shaderProgramInit
 .text.shaderProgramFree
                0x00107ef8       0x64 /opt/devkitpro/libctru/lib/libctru.a(shaderProgram.o)
                0x00107ef8                shaderProgramFree
 .text.shaderProgramSetVsh
                0x00107f5c       0x80 /opt/devkitpro/libctru/lib/libctru.a(shaderProgram.o)
                0x00107f5c                shaderProgramSetVsh
 .text.shaderProgramConfigure
                0x00107fdc      0x8e0 /opt/devkitpro/libctru/lib/libctru.a(shaderProgram.o)
                0x00107fdc                shaderProgramConfigure
 .text.DVLE_GenerateOutmap.part.0
                0x001088bc      0x1cc /opt/devkitpro/libctru/lib/libctru.a(shbin.o)
 .text.DVLB_ParseFile
                0x00108a88      0x1b4 /opt/devkitpro/libctru/lib/libctru.a(shbin.o)
                0x00108a88                DVLB_ParseFile
 .text.DVLB_Free
                0x00108c3c       0x38 /opt/devkitpro/libctru/lib/libctru.a(shbin.o)
                0x00108c3c                DVLB_Free
 .text.DVLE_GetUniformRegister
                0x00108c74       0x74 /opt/devkitpro/libctru/lib/libctru.a(shbin.o)
                0x00108c74                DVLE_GetUniformRegister
 .text.aptConvertScreenForCapture
                0x00108ce8      0x1ac /opt/devkitpro/libctru/lib/libctru.a(apt.o)
 .text.aptDspSleep
                0x00108e94        0x8 /opt/devkitpro/libctru/lib/libctru.a(apt.o)
                0x00108e94                aptDspSleep
 .text.aptDspWakeup
                0x00108e9c        0x4 /opt/devkitpro/libctru/lib/libctru.a(apt.o)
                0x00108e9c                aptDspWakeup
 .text.aptDspCancel
                0x00108ea0        0x4 /opt/devkitpro/libctru/lib/libctru.a(apt.o)
                0x00108ea0                aptDspCancel
 .text.aptSendCommand
                0x00108ea4      0x158 /opt/devkitpro/libctru/lib/libctru.a(apt.o)
                0x00108ea4                aptSendCommand
 *fill*         0x00108ffc        0x4 
 .text.aptExitProcess
                0x00109000       0x44 /opt/devkitpro/libctru/lib/libctru.a(apt.o)
 .text.aptExit  0x00109044      0x38c /opt/devkitpro/libctru/lib/libctru.a(apt.o)
                0x00109044                aptExit
 .text.aptHandleSleep
                0x001093d0       0xe0 /opt/devkitpro/libctru/lib/libctru.a(apt.o)
                0x001093d0                aptHandleSleep
 .text.aptHook  0x001094b0       0x30 /opt/devkitpro/libctru/lib/libctru.a(apt.o)
                0x001094b0                aptHook
 .text.aptUnhook
                0x001094e0       0x30 /opt/devkitpro/libctru/lib/libctru.a(apt.o)
                0x001094e0                aptUnhook
 .text.APT_SleepIfShellClosed
                0x00109510       0x84 /opt/devkitpro/libctru/lib/libctru.a(apt.o)
                0x00109510                APT_SleepIfShellClosed
 .text.aptSetSleepAllowed
                0x00109594       0x84 /opt/devkitpro/libctru/lib/libctru.a(apt.o)
                0x00109594                aptSetSleepAllowed
 .text.APT_UnlockTransition
                0x00109618       0x84 /opt/devkitpro/libctru/lib/libctru.a(apt.o)
                0x00109618                APT_UnlockTransition
 *fill*         0x0010969c        0x4 
 .text.aptEventHandler
                0x001096a0      0x4a4 /opt/devkitpro/libctru/lib/libctru.a(apt.o)
 .text.APT_ReceiveParameter
                0x00109b44       0xb0 /opt/devkitpro/libctru/lib/libctru.a(apt.o)
                0x00109b44                APT_ReceiveParameter
 .text.aptReceiveParameter.constprop.0
                0x00109bf4       0xac /opt/devkitpro/libctru/lib/libctru.a(apt.o)
 .text.aptScreenTransfer
                0x00109ca0      0x2ac /opt/devkitpro/libctru/lib/libctru.a(apt.o)
 .text.aptWaitForWakeUp.isra.0
                0x00109f4c      0x320 /opt/devkitpro/libctru/lib/libctru.a(apt.o)
 .text.aptJumpToHomeMenu
                0x0010a26c       0xf8 /opt/devkitpro/libctru/lib/libctru.a(apt.o)
                0x0010a26c                aptJumpToHomeMenu
 .text.aptMainLoop
                0x0010a364       0x48 /opt/devkitpro/libctru/lib/libctru.a(apt.o)
                0x0010a364                aptMainLoop
 .text.aptInit  0x0010a3ac      0x22c /opt/devkitpro/libctru/lib/libctru.a(apt.o)
                0x0010a3ac                aptInit
 .text.APT_CheckNew3DS
                0x0010a5d8       0x7c /opt/devkitpro/libctru/lib/libctru.a(apt.o)
                0x0010a5d8                APT_CheckNew3DS
 .text.fsInit   0x0010a654       0xcc /opt/devkitpro/libctru/lib/libctru.a(fs.o)
                0x0010a654                fsInit
 .text.fsExit   0x0010a720       0x3c /opt/devkitpro/libctru/lib/libctru.a(fs.o)
                0x0010a720                fsExit
 .text.fsExemptFromSession
                0x0010a75c       0x60 /opt/devkitpro/libctru/lib/libctru.a(fs.o)
                0x0010a75c                fsExemptFromSession
 .text.fsUnexemptFromSession
                0x0010a7bc       0x50 /opt/devkitpro/libctru/lib/libctru.a(fs.o)
                0x0010a7bc                fsUnexemptFromSession
 .text.FSUSER_OpenFile
                0x0010a80c       0xcc /opt/devkitpro/libctru/lib/libctru.a(fs.o)
                0x0010a80c                FSUSER_OpenFile
 .text.FSUSER_OpenFileDirectly
                0x0010a8d8       0xd4 /opt/devkitpro/libctru/lib/libctru.a(fs.o)
                0x0010a8d8                FSUSER_OpenFileDirectly
 .text.FSUSER_DeleteFile
                0x0010a9ac       0xbc /opt/devkitpro/libctru/lib/libctru.a(fs.o)
                0x0010a9ac                FSUSER_DeleteFile
 .text.FSUSER_RenameFile
                0x0010aa68       0xf8 /opt/devkitpro/libctru/lib/libctru.a(fs.o)
                0x0010aa68                FSUSER_RenameFile
 .text.FSUSER_DeleteDirectory
                0x0010ab60       0xbc /opt/devkitpro/libctru/lib/libctru.a(fs.o)
                0x0010ab60                FSUSER_DeleteDirectory
 .text.FSUSER_CreateFile
                0x0010ac1c       0xd4 /opt/devkitpro/libctru/lib/libctru.a(fs.o)
                0x0010ac1c                FSUSER_CreateFile
 .text.FSUSER_CreateDirectory
                0x0010acf0       0xc4 /opt/devkitpro/libctru/lib/libctru.a(fs.o)
                0x0010acf0                FSUSER_CreateDirectory
 .text.FSUSER_RenameDirectory
                0x0010adb4       0xf8 /opt/devkitpro/libctru/lib/libctru.a(fs.o)
                0x0010adb4                FSUSER_RenameDirectory
 .text.FSUSER_OpenDirectory
                0x0010aeac       0xb4 /opt/devkitpro/libctru/lib/libctru.a(fs.o)
                0x0010aeac                FSUSER_OpenDirectory
 .text.FSUSER_OpenArchive
                0x0010af60       0x94 /opt/devkitpro/libctru/lib/libctru.a(fs.o)
                0x0010af60                FSUSER_OpenArchive
 .text.FSUSER_CloseArchive
                0x0010aff4       0x8c /opt/devkitpro/libctru/lib/libctru.a(fs.o)
                0x0010aff4                FSUSER_CloseArchive
 .text.FSUSER_GetSdmcArchiveResource
                0x0010b080       0x74 /opt/devkitpro/libctru/lib/libctru.a(fs.o)
                0x0010b080                FSUSER_GetSdmcArchiveResource
 .text.FSUSER_IsSdmcWritable
                0x0010b0f4       0x64 /opt/devkitpro/libctru/lib/libctru.a(fs.o)
                0x0010b0f4                FSUSER_IsSdmcWritable
 .text.FSFILE_Read
                0x0010b158       0x58 /opt/devkitpro/libctru/lib/libctru.a(fs.o)
                0x0010b158                FSFILE_Read
 .text.FSFILE_Write
                0x0010b1b0       0x60 /opt/devkitpro/libctru/lib/libctru.a(fs.o)
                0x0010b1b0                FSFILE_Write
 .text.FSFILE_GetSize
                0x0010b210       0x38 /opt/devkitpro/libctru/lib/libctru.a(fs.o)
                0x0010b210                FSFILE_GetSize
 .text.FSFILE_SetSize
                0x0010b248       0x28 /opt/devkitpro/libctru/lib/libctru.a(fs.o)
                0x0010b248                FSFILE_SetSize
 .text.FSFILE_Close
                0x0010b270       0x3c /opt/devkitpro/libctru/lib/libctru.a(fs.o)
                0x0010b270                FSFILE_Close
 .text.FSFILE_Flush
                0x0010b2ac       0x24 /opt/devkitpro/libctru/lib/libctru.a(fs.o)
                0x0010b2ac                FSFILE_Flush
 .text.FSDIR_Read
                0x0010b2d0       0x50 /opt/devkitpro/libctru/lib/libctru.a(fs.o)
                0x0010b2d0                FSDIR_Read
 .text.FSDIR_Close
                0x0010b320       0x3c /opt/devkitpro/libctru/lib/libctru.a(fs.o)
                0x0010b320                FSDIR_Close
 .text.gspHardwareInit
                0x0010b35c      0xc64 /opt/devkitpro/libctru/lib/libctru.a(gspgpu.o)
 .text.gspInit  0x0010bfc0      0x248 /opt/devkitpro/libctru/lib/libctru.a(gspgpu.o)
                0x0010bfc0                gspInit
 .text.gspExit  0x0010c208       0xf0 /opt/devkitpro/libctru/lib/libctru.a(gspgpu.o)
                0x0010c208                gspExit
 .text.gspHasGpuRight
                0x0010c2f8       0x10 /opt/devkitpro/libctru/lib/libctru.a(gspgpu.o)
                0x0010c2f8                gspHasGpuRight
 .text.gspPresentBuffer
                0x0010c308       0xa0 /opt/devkitpro/libctru/lib/libctru.a(gspgpu.o)
                0x0010c308                gspPresentBuffer
 .text.gspSetEventCallback
                0x0010c3a8       0x30 /opt/devkitpro/libctru/lib/libctru.a(gspgpu.o)
                0x0010c3a8                gspSetEventCallback
 .text.gspWaitForEvent
                0x0010c3d8       0x44 /opt/devkitpro/libctru/lib/libctru.a(gspgpu.o)
                0x0010c3d8                gspWaitForEvent
 .text.gspWaitForAnyEvent
                0x0010c41c       0x4c /opt/devkitpro/libctru/lib/libctru.a(gspgpu.o)
                0x0010c41c                gspWaitForAnyEvent
 .text.gspEventThreadMain
                0x0010c468      0x158 /opt/devkitpro/libctru/lib/libctru.a(gspgpu.o)
 .text.gspSubmitGxCommand
                0x0010c5c0      0x130 /opt/devkitpro/libctru/lib/libctru.a(gspgpu.o)
                0x0010c5c0                gspSubmitGxCommand
 .text.GSPGPU_FlushDataCache
                0x0010c6f0       0x50 /opt/devkitpro/libctru/lib/libctru.a(gspgpu.o)
                0x0010c6f0                GSPGPU_FlushDataCache
 .text.GSPGPU_SetLcdForceBlack
                0x0010c740       0x34 /opt/devkitpro/libctru/lib/libctru.a(gspgpu.o)
                0x0010c740                GSPGPU_SetLcdForceBlack
 .text.GSPGPU_AcquireRight
                0x0010c774       0x68 /opt/devkitpro/libctru/lib/libctru.a(gspgpu.o)
                0x0010c774                GSPGPU_AcquireRight
 .text.GSPGPU_ReleaseRight
                0x0010c7dc       0x48 /opt/devkitpro/libctru/lib/libctru.a(gspgpu.o)
                0x0010c7dc                GSPGPU_ReleaseRight
 .text.GSPGPU_ImportDisplayCaptureInfo
                0x0010c824       0x7c /opt/devkitpro/libctru/lib/libctru.a(gspgpu.o)
                0x0010c824                GSPGPU_ImportDisplayCaptureInfo
 .text.GSPGPU_SaveVramSysArea
                0x0010c8a0       0x2c /opt/devkitpro/libctru/lib/libctru.a(gspgpu.o)
                0x0010c8a0                GSPGPU_SaveVramSysArea
 .text.GSPGPU_RestoreVramSysArea
                0x0010c8cc       0x2c /opt/devkitpro/libctru/lib/libctru.a(gspgpu.o)
                0x0010c8cc                GSPGPU_RestoreVramSysArea
 .text.hidShouldUseIrrst
                0x0010c8f8       0x24 /opt/devkitpro/libctru/lib/libctru.a(hid.o)
                0x0010c8f8                hidShouldUseIrrst
 .text.hidInit  0x0010c91c      0x18c /opt/devkitpro/libctru/lib/libctru.a(hid.o)
                0x0010c91c                hidInit
 .text.hidExit  0x0010caa8       0xe8 /opt/devkitpro/libctru/lib/libctru.a(hid.o)
                0x0010caa8                hidExit
 .text.hidScanInput
                0x0010cb90      0x2a4 /opt/devkitpro/libctru/lib/libctru.a(hid.o)
                0x0010cb90                hidScanInput
 .text.hidKeysDown
                0x0010ce34       0x10 /opt/devkitpro/libctru/lib/libctru.a(hid.o)
                0x0010ce34                hidKeysDown
 .text.irrstInit
                0x0010ce44      0x160 /opt/devkitpro/libctru/lib/libctru.a(irrst.o)
                0x0010ce44                irrstInit
 .text.irrstExit
                0x0010cfa4       0xcc /opt/devkitpro/libctru/lib/libctru.a(irrst.o)
                0x0010cfa4                irrstExit
 .text.irrstScanInput
                0x0010d070       0xb4 /opt/devkitpro/libctru/lib/libctru.a(irrst.o)
                0x0010d070                irrstScanInput
 .text.irrstKeysHeld
                0x0010d124       0x24 /opt/devkitpro/libctru/lib/libctru.a(irrst.o)
                0x0010d124                irrstKeysHeld
 .text.ptmSysmInit
                0x0010d148       0x74 /opt/devkitpro/libctru/lib/libctru.a(ptmsysm.o)
                0x0010d148                ptmSysmInit
 .text.ptmSysmExit
                0x0010d1bc       0x3c /opt/devkitpro/libctru/lib/libctru.a(ptmsysm.o)
                0x0010d1bc                ptmSysmExit
 .text.PTMSYSM_ConfigureNew3DSCPU
                0x0010d1f8       0x34 /opt/devkitpro/libctru/lib/libctru.a(ptmsysm.o)
                0x0010d1f8                PTMSYSM_ConfigureNew3DSCPU
 .text.buffer_read
                0x0010d22c       0xc4 /opt/devkitpro/libctru/lib/libctru.a(decompress.o)
 .text.iov_read
                0x0010d2f0       0xcc /opt/devkitpro/libctru/lib/libctru.a(decompress.o)
 .text.iov_memmove
                0x0010d3bc      0x148 /opt/devkitpro/libctru/lib/libctru.a(decompress.o)
 .text.decompress_rle
                0x0010d504      0x1dc /opt/devkitpro/libctru/lib/libctru.a(decompress.o)
 .text.decompress_lzss
                0x0010d6e0      0x244 /opt/devkitpro/libctru/lib/libctru.a(decompress.o)
 .text.decompress_lz11
                0x0010d924      0x428 /opt/devkitpro/libctru/lib/libctru.a(decompress.o)
 .text.decompress_huff
                0x0010dd4c      0x2d4 /opt/devkitpro/libctru/lib/libctru.a(decompress.o)
 .text.decompressCallback_Stdio
                0x0010e020       0x10 /opt/devkitpro/libctru/lib/libctru.a(decompress.o)
                0x0010e020                decompressCallback_Stdio
 .text.decompressHeader
                0x0010e030       0xdc /opt/devkitpro/libctru/lib/libctru.a(decompress.o)
                0x0010e030                decompressHeader
 .text.decompressV
                0x0010e10c      0x240 /opt/devkitpro/libctru/lib/libctru.a(decompress.o)
                0x0010e10c                decompressV
 .text.rbtree_find
                0x0010e34c       0x74 /opt/devkitpro/libctru/lib/libctru.a(rbtree_find.o)
                0x0010e34c                rbtree_find
 .text.rbtree_init
                0x0010e3c0       0x10 /opt/devkitpro/libctru/lib/libctru.a(rbtree_init.o)
                0x0010e3c0                rbtree_init
 .text.do_insert
                0x0010e3d0      0x1b0 /opt/devkitpro/libctru/lib/libctru.a(rbtree_insert.o)
 .text.rbtree_insert
                0x0010e580        0x8 /opt/devkitpro/libctru/lib/libctru.a(rbtree_insert.o)
                0x0010e580                rbtree_insert
 .text.rbtree_remove
                0x0010e588      0x318 /opt/devkitpro/libctru/lib/libctru.a(rbtree_remove.o)
                0x0010e588                rbtree_remove
 .text.rbtree_rotate
                0x0010e8a0       0x90 /opt/devkitpro/libctru/lib/libctru.a(rbtree_rotate.o)
                0x0010e8a0                rbtree_rotate
 .text.utf16_to_utf8
                0x0010e930       0xe8 /opt/devkitpro/libctru/lib/libctru.a(utf16_to_utf8.o)
                0x0010e930                utf16_to_utf8
 .text.utf8_to_utf16
                0x0010ea18       0xc0 /opt/devkitpro/libctru/lib/libctru.a(utf8_to_utf16.o)
                0x0010ea18                utf8_to_utf16
 .text.__system_allocateHeaps
                0x0010ead8      0x1e0 /opt/devkitpro/libctru/lib/libctru.a(allocateHeaps.o)
                0x0010ead8                __system_allocateHeaps
 .text.__libctru_init
                0x0010ecb8       0x38 /opt/devkitpro/libctru/lib/libctru.a(ctru_init.o)
                0x0010ecb8                __libctru_init
 .text.__system_initArgv
                0x0010ecf0      0x170 /opt/devkitpro/libctru/lib/libctru.a(initArgv.o)
                0x0010ecf0                __system_initArgv
 .text.__syscall_getreent
                0x0010ee60       0x30 /opt/devkitpro/libctru/lib/libctru.a(syscalls.o)
                0x0010ee60                __syscall_getreent
 .text.__syscall_gettod_r
                0x0010ee90       0x64 /opt/devkitpro/libctru/lib/libctru.a(syscalls.o)
                0x0010ee90                __syscall_gettod_r
 .text.__syscall_lock_acquire
                0x0010eef4        0x4 /opt/devkitpro/libctru/lib/libctru.a(syscalls.o)
                0x0010eef4                __syscall_lock_acquire
 .text.__syscall_lock_release
                0x0010eef8        0x4 /opt/devkitpro/libctru/lib/libctru.a(syscalls.o)
                0x0010eef8                __syscall_lock_release
 .text.__syscall_lock_acquire_recursive
                0x0010eefc        0x4 /opt/devkitpro/libctru/lib/libctru.a(syscalls.o)
                0x0010eefc                __syscall_lock_acquire_recursive
 .text.__syscall_lock_release_recursive
                0x0010ef00        0x4 /opt/devkitpro/libctru/lib/libctru.a(syscalls.o)
                0x0010ef00                __syscall_lock_release_recursive
 .text.__syscall_exit
                0x0010ef04        0x4 /opt/devkitpro/libctru/lib/libctru.a(syscalls.o)
                0x0010ef04                __syscall_exit
 .text.initThreadVars
                0x0010ef08       0x50 /opt/devkitpro/libctru/lib/libctru.a(syscalls.o)
                0x0010ef08                initThreadVars
 .text.__system_initSyscalls
                0x0010ef58       0x80 /opt/devkitpro/libctru/lib/libctru.a(syscalls.o)
                0x0010ef58                __system_initSyscalls
 .text.svcControlMemory
                0x0010efd8       0x20 /opt/devkitpro/libctru/lib/libctru.a(svc.o)
                0x0010efd8                svcControlMemory
 .text.svcQueryMemory
                0x0010eff8       0x30 /opt/devkitpro/libctru/lib/libctru.a(svc.o)
                0x0010eff8                svcQueryMemory
 .text.svcExitProcess
                0x0010f028        0x8 /opt/devkitpro/libctru/lib/libctru.a(svc.o)
                0x0010f028                svcExitProcess
 .text.svcCreateThread
                0x0010f030       0x20 /opt/devkitpro/libctru/lib/libctru.a(svc.o)
                0x0010f030                svcCreateThread
 .text.svcExitThread
                0x0010f050        0x8 /opt/devkitpro/libctru/lib/libctru.a(svc.o)
                0x0010f050                svcExitThread
 .text.svcSleepThread
                0x0010f058        0x8 /opt/devkitpro/libctru/lib/libctru.a(svc.o)
                0x0010f058                svcSleepThread
 .text.svcReleaseMutex
                0x0010f060        0x8 /opt/devkitpro/libctru/lib/libctru.a(svc.o)
                0x0010f060                svcReleaseMutex
 .text.svcCreateEvent
                0x0010f068       0x14 /opt/devkitpro/libctru/lib/libctru.a(svc.o)
                0x0010f068                svcCreateEvent
 .text.svcSignalEvent
                0x0010f07c        0x8 /opt/devkitpro/libctru/lib/libctru.a(svc.o)
                0x0010f07c                svcSignalEvent
 .text.svcClearEvent
                0x0010f084        0x8 /opt/devkitpro/libctru/lib/libctru.a(svc.o)
                0x0010f084                svcClearEvent
 .text.svcMapMemoryBlock
                0x0010f08c        0x8 /opt/devkitpro/libctru/lib/libctru.a(svc.o)
                0x0010f08c                svcMapMemoryBlock
 .text.svcUnmapMemoryBlock
                0x0010f094        0x8 /opt/devkitpro/libctru/lib/libctru.a(svc.o)
                0x0010f094                svcUnmapMemoryBlock
 .text.svcCreateAddressArbiter
                0x0010f09c       0x14 /opt/devkitpro/libctru/lib/libctru.a(svc.o)
                0x0010f09c                svcCreateAddressArbiter
 .text.svcArbitrateAddressNoTimeout
                0x0010f0b0        0x8 /opt/devkitpro/libctru/lib/libctru.a(svc.o)
                0x0010f0b0                svcArbitrateAddressNoTimeout
 .text.svcCloseHandle
                0x0010f0b8        0x8 /opt/devkitpro/libctru/lib/libctru.a(svc.o)
                0x0010f0b8                svcCloseHandle
 .text.svcWaitSynchronization
                0x0010f0c0        0x8 /opt/devkitpro/libctru/lib/libctru.a(svc.o)
                0x0010f0c0                svcWaitSynchronization
 .text.svcWaitSynchronizationN
                0x0010f0c8       0x28 /opt/devkitpro/libctru/lib/libctru.a(svc.o)
                0x0010f0c8                svcWaitSynchronizationN
 .text.svcDuplicateHandle
                0x0010f0f0       0x14 /opt/devkitpro/libctru/lib/libctru.a(svc.o)
                0x0010f0f0                svcDuplicateHandle
 .text.svcGetSystemTick
                0x0010f104        0x8 /opt/devkitpro/libctru/lib/libctru.a(svc.o)
                0x0010f104                svcGetSystemTick
 .text.svcConnectToPort
                0x0010f10c       0x14 /opt/devkitpro/libctru/lib/libctru.a(svc.o)
                0x0010f10c                svcConnectToPort
 .text.svcSendSyncRequest
                0x0010f120        0x8 /opt/devkitpro/libctru/lib/libctru.a(svc.o)
                0x0010f120                svcSendSyncRequest
 .text.svcGetResourceLimit
                0x0010f128       0x14 /opt/devkitpro/libctru/lib/libctru.a(svc.o)
                0x0010f128                svcGetResourceLimit
 .text.svcGetResourceLimitLimitValues
                0x0010f13c        0x8 /opt/devkitpro/libctru/lib/libctru.a(svc.o)
                0x0010f13c                svcGetResourceLimitLimitValues
 .text.svcGetResourceLimitCurrentValues
                0x0010f144        0x8 /opt/devkitpro/libctru/lib/libctru.a(svc.o)
                0x0010f144                svcGetResourceLimitCurrentValues
 .text.svcBreak
                0x0010f14c        0x8 /opt/devkitpro/libctru/lib/libctru.a(svc.o)
                0x0010f14c                svcBreak
 .text.__aeabi_read_tp
                0x0010f154        0xc /opt/devkitpro/libctru/lib/libctru.a(readtp.o)
                0x0010f154                __aeabi_read_tp
 .text.initSystem
                0x0010f160       0x50 /opt/devkitpro/libctru/lib/libctru.a(stack_adjust.o)
                0x0010f160                initSystem
 .text.__ctru_exit
                0x0010f1b0       0x14 /opt/devkitpro/libctru/lib/libctru.a(stack_adjust.o)
                0x0010f1b0                __ctru_exit
 .text.envGetHandle
                0x0010f1c4       0x84 /opt/devkitpro/libctru/lib/libctru.a(env.o)
                0x0010f1c4                envGetHandle
 .text.envDestroyHandles
                0x0010f248       0x50 /opt/devkitpro/libctru/lib/libctru.a(env.o)
                0x0010f248                envDestroyHandles
 .text.srvInit  0x0010f298      0x12c /opt/devkitpro/libctru/lib/libctru.a(srv.o)
                0x0010f298                srvInit
 .text.srvExit  0x0010f3c4       0x58 /opt/devkitpro/libctru/lib/libctru.a(srv.o)
                0x0010f3c4                srvExit
 .text.srvEnableNotification
                0x0010f41c       0x60 /opt/devkitpro/libctru/lib/libctru.a(srv.o)
                0x0010f41c                srvEnableNotification
 .text.srvGetServiceHandleDirect
                0x0010f47c       0xa0 /opt/devkitpro/libctru/lib/libctru.a(srv.o)
                0x0010f47c                srvGetServiceHandleDirect
 .text.srvGetServiceHandle
                0x0010f51c       0x38 /opt/devkitpro/libctru/lib/libctru.a(srv.o)
                0x0010f51c                srvGetServiceHandle
 .text.srvSubscribe
                0x0010f554       0x34 /opt/devkitpro/libctru/lib/libctru.a(srv.o)
                0x0010f554                srvSubscribe
 .text.srvReceiveNotification
                0x0010f588       0x60 /opt/devkitpro/libctru/lib/libctru.a(srv.o)
                0x0010f588                srvReceiveNotification
 .text.srvPublishToSubscriber
                0x0010f5e8       0x38 /opt/devkitpro/libctru/lib/libctru.a(srv.o)
                0x0010f5e8                srvPublishToSubscriber
 .text.__sync_init
                0x0010f620        0xc /opt/devkitpro/libctru/lib/libctru.a(synchronization.o)
                0x0010f620                __sync_init
 .text.__sync_fini
                0x0010f62c       0x18 /opt/devkitpro/libctru/lib/libctru.a(synchronization.o)
                0x0010f62c                __sync_fini
 .text.syncArbitrateAddress
                0x0010f644       0x2c /opt/devkitpro/libctru/lib/libctru.a(synchronization.o)
                0x0010f644                syncArbitrateAddress
 .text.LightLock_Lock
                0x0010f670       0xac /opt/devkitpro/libctru/lib/libctru.a(synchronization.o)
                0x0010f670                LightLock_Lock
 .text.LightLock_Unlock
                0x0010f71c       0x40 /opt/devkitpro/libctru/lib/libctru.a(synchronization.o)
                0x0010f71c                LightLock_Unlock
 .text.RecursiveLock_Lock
                0x0010f75c       0x30 /opt/devkitpro/libctru/lib/libctru.a(synchronization.o)
                0x0010f75c                RecursiveLock_Lock
 .text.RecursiveLock_Unlock
                0x0010f78c       0x54 /opt/devkitpro/libctru/lib/libctru.a(synchronization.o)
                0x0010f78c                RecursiveLock_Unlock
 .text.LightEvent_Init
                0x0010f7e0       0x40 /opt/devkitpro/libctru/lib/libctru.a(synchronization.o)
                0x0010f7e0                LightEvent_Init
 .text.LightEvent_Clear
                0x0010f820       0xa4 /opt/devkitpro/libctru/lib/libctru.a(synchronization.o)
                0x0010f820                LightEvent_Clear
 .text.LightEvent_Signal
                0x0010f8c4       0xc8 /opt/devkitpro/libctru/lib/libctru.a(synchronization.o)
                0x0010f8c4                LightEvent_Signal
 .text.LightEvent_TryWait
                0x0010f98c       0x50 /opt/devkitpro/libctru/lib/libctru.a(synchronization.o)
                0x0010f98c                LightEvent_TryWait
 .text.LightEvent_Wait
                0x0010f9dc       0xa0 /opt/devkitpro/libctru/lib/libctru.a(synchronization.o)
                0x0010f9dc                LightEvent_Wait
 .text.threadCreate
                0x0010fa7c      0x1d8 /opt/devkitpro/libctru/lib/libctru.a(thread.o)
                0x0010fa7c                threadCreate
 .text.threadFree
                0x0010fc54       0x2c /opt/devkitpro/libctru/lib/libctru.a(thread.o)
                0x0010fc54                threadFree
 .text.threadJoin
                0x0010fc80       0x24 /opt/devkitpro/libctru/lib/libctru.a(thread.o)
                0x0010fc80                threadJoin
 .text.threadGetCurrent
                0x0010fca4       0x30 /opt/devkitpro/libctru/lib/libctru.a(thread.o)
                0x0010fca4                threadGetCurrent
 .text.threadExit
                0x0010fcd4       0x40 /opt/devkitpro/libctru/lib/libctru.a(thread.o)
                0x0010fcd4                threadExit
 .text._thread_begin
                0x0010fd14       0x20 /opt/devkitpro/libctru/lib/libctru.a(thread.o)
 .text.mappableFindAddressWithin
                0x0010fd34       0xb4 /opt/devkitpro/libctru/lib/libctru.a(mappable.o)
 .text.mappableInit
                0x0010fde8       0x28 /opt/devkitpro/libctru/lib/libctru.a(mappable.o)
                0x0010fde8                mappableInit
 .text.mappableAlloc
                0x0010fe10       0x80 /opt/devkitpro/libctru/lib/libctru.a(mappable.o)
                0x0010fe10                mappableAlloc
 .text.mappableFree
                0x0010fe90        0x4 /opt/devkitpro/libctru/lib/libctru.a(mappable.o)
                0x0010fe90                mappableFree
 .text.srvPmGetSessionHandle
                0x0010fe94        0xc /opt/devkitpro/libctru/lib/libctru.a(srvpm.o)
                0x0010fe94                srvPmGetSessionHandle
 .text.rbtree_node_next
                0x0010fea0       0x5c /opt/devkitpro/libctru/lib/libctru.a(rbtree_iterator.o)
                0x0010fea0                rbtree_node_next
 .text.decode_utf16
                0x0010fefc       0x64 /opt/devkitpro/libctru/lib/libctru.a(decode_utf16.o)
                0x0010fefc                decode_utf16
 .text.decode_utf8
                0x0010ff60      0x13c /opt/devkitpro/libctru/lib/libctru.a(decode_utf8.o)
                0x0010ff60                decode_utf8
 .text.encode_utf16
                0x0011009c       0x54 /opt/devkitpro/libctru/lib/libctru.a(encode_utf16.o)
                0x0011009c                encode_utf16
 .text.encode_utf8
                0x001100f0       0xe0 /opt/devkitpro/libctru/lib/libctru.a(encode_utf8.o)
                0x001100f0                encode_utf8
 .text.__appExit
                0x001101d0       0x30 /opt/devkitpro/libctru/lib/libctru.a(appExit.o)
                0x001101d0                __appExit
 .text.__appInit
                0x00110200       0x30 /opt/devkitpro/libctru/lib/libctru.a(appInit.o)
                0x00110200                __appInit
 .text.__libctru_exit
                0x00110230       0x90 /opt/devkitpro/libctru/lib/libctru.a(ctru_exit.o)
                0x00110230                __libctru_exit
 .text.archive_link
                0x001102c0       0x14 /opt/devkitpro/libctru/lib/libctru.a(archive_dev.o)
 .text.archive_dirreset
                0x001102d4       0x14 /opt/devkitpro/libctru/lib/libctru.a(archive_dev.o)
 .text.archive_chmod
                0x001102e8       0x14 /opt/devkitpro/libctru/lib/libctru.a(archive_dev.o)
 .text.error_cmp
                0x001102fc       0x24 /opt/devkitpro/libctru/lib/libctru.a(archive_dev.o)
 .text.archive_translate_error
                0x00110320       0x50 /opt/devkitpro/libctru/lib/libctru.a(archive_dev.o)
 .text.archive_seek
                0x00110370       0xc8 /opt/devkitpro/libctru/lib/libctru.a(archive_dev.o)
 .text._archiveInit.part.0
                0x00110438       0x7c /opt/devkitpro/libctru/lib/libctru.a(archive_dev.o)
 .text.archiveFindDevice.part.0
                0x001104b4       0xc4 /opt/devkitpro/libctru/lib/libctru.a(archive_dev.o)
 .text.archive_utf16path
                0x00110578      0x280 /opt/devkitpro/libctru/lib/libctru.a(archive_dev.o)
 .text._archiveUnmountDeviceStruct.part.0
                0x001107f8       0x9c /opt/devkitpro/libctru/lib/libctru.a(archive_dev.o)
 .text.archive_fchmod
                0x00110894       0x14 /opt/devkitpro/libctru/lib/libctru.a(archive_dev.o)
 .text.archive_statvfs
                0x001108a8       0x14 /opt/devkitpro/libctru/lib/libctru.a(archive_dev.o)
 .text._archiveMountDevice
                0x001108bc      0x164 /opt/devkitpro/libctru/lib/libctru.a(archive_dev.o)
 .text.archive_diropen
                0x00110a20       0xe8 /opt/devkitpro/libctru/lib/libctru.a(archive_dev.o)
 .text.archive_fstat
                0x00110b08       0xa4 /opt/devkitpro/libctru/lib/libctru.a(archive_dev.o)
 .text.archive_fsync
                0x00110bac       0x6c /opt/devkitpro/libctru/lib/libctru.a(archive_dev.o)
 .text.archive_close
                0x00110c18       0x6c /opt/devkitpro/libctru/lib/libctru.a(archive_dev.o)
 .text.archive_dirclose
                0x00110c84       0x70 /opt/devkitpro/libctru/lib/libctru.a(archive_dev.o)
 .text.sdmc_statvfs
                0x00110cf4       0xe8 /opt/devkitpro/libctru/lib/libctru.a(archive_dev.o)
 .text.archive_chdir
                0x00110ddc       0xec /opt/devkitpro/libctru/lib/libctru.a(archive_dev.o)
 .text.archive_ftruncate
                0x00110ec8       0x7c /opt/devkitpro/libctru/lib/libctru.a(archive_dev.o)
 .text.archive_read
                0x00110f44       0xac /opt/devkitpro/libctru/lib/libctru.a(archive_dev.o)
 .text.archive_unlink
                0x00110ff0       0xa4 /opt/devkitpro/libctru/lib/libctru.a(archive_dev.o)
 .text.archive_rmdir
                0x00111094       0xbc /opt/devkitpro/libctru/lib/libctru.a(archive_dev.o)
 .text.archive_mkdir
                0x00111150       0xdc /opt/devkitpro/libctru/lib/libctru.a(archive_dev.o)
 .text.archive_stat
                0x0011122c      0x194 /opt/devkitpro/libctru/lib/libctru.a(archive_dev.o)
 .text.archive_dirnext
                0x001113c0      0x160 /opt/devkitpro/libctru/lib/libctru.a(archive_dev.o)
 .text.archive_write
                0x00111520      0x124 /opt/devkitpro/libctru/lib/libctru.a(archive_dev.o)
 .text.archive_open
                0x00111644      0x20c /opt/devkitpro/libctru/lib/libctru.a(archive_dev.o)
 .text.archive_rename
                0x00111850      0x278 /opt/devkitpro/libctru/lib/libctru.a(archive_dev.o)
 .text.archiveMountSdmc
                0x00111ac8      0x19c /opt/devkitpro/libctru/lib/libctru.a(archive_dev.o)
                0x00111ac8                archiveMountSdmc
 .text.archiveUnmountAll
                0x00111c64       0x54 /opt/devkitpro/libctru/lib/libctru.a(archive_dev.o)
                0x00111c64                archiveUnmountAll
 .text.sinf     0x00111cb8      0x25c /opt/devkitpro/devkitARM/bin/../lib/gcc/arm-none-eabi/14.1.0/../../../../arm-none-eabi/lib/armv6k/fpu/libm.a(libm_a-sinf.o)
                0x00111cb8                sinf
 .text.with_errnof
                0x00111f14       0x24 /opt/devkitpro/devkitARM/bin/../lib/gcc/arm-none-eabi/14.1.0/../../../../arm-none-eabi/lib/armv6k/fpu/libm.a(libm_a-math_errf.o)
 .text.__math_invalidf
                0x00111f38       0x1c /opt/devkitpro/devkitARM/bin/../lib/gcc/arm-none-eabi/14.1.0/../../../../arm-none-eabi/lib/armv6k/fpu/libm.a(libm_a-math_errf.o)
                0x00111f38                __math_invalidf
 *fill*         0x00111f54        0x4 
 .text.cosf     0x00111f58      0x21c /opt/devkitpro/devkitARM/bin/../lib/gcc/arm-none-eabi/14.1.0/../../../../arm-none-eabi/lib/armv6k/fpu/libm.a(libm_a-cosf.o)
                0x00111f58                cosf
 .text.__udivmoddi4
                0x00112174      0x120 /opt/devkitpro/devkitARM/bin/../lib/gcc/arm-none-eabi/14.1.0/armv6k/fpu/libgcc.a(_udivmoddi4.o)
                0x00112174                __udivmoddi4
 .text.strncmp  0x00112294       0xd8 /opt/devkitpro/devkitARM/bin/../lib/gcc/arm-none-eabi/14.1.0/../../../../arm-none-eabi/lib/armv6k/fpu/libg.a(libc_a-strncmp.o)
                0x00112294                strncmp
 .text.strchr   0x0011236c      0x130 /opt/devkitpro/devkitARM/bin/../lib/gcc/arm-none-eabi/14.1.0/../../../../arm-none-eabi/lib/armv6k/fpu/libg.a(libc_a-strchr.o)
                0x0011236c                strchr
 .text.strlen   0x0011249c       0x5c /opt/devkitpro/devkitARM/bin/../lib/gcc/arm-none-eabi/14.1.0/../../../../arm-none-eabi/lib/armv6k/fpu/libg.a(libc_a-strlen-stub.o)
                0x0011249c                strlen
 .text.memcmp   0x001124f8       0xd4 /opt/devkitpro/devkitARM/bin/../lib/gcc/arm-none-eabi/14.1.0/../../../../arm-none-eabi/lib/armv6k/fpu/libg.a(libc_a-memcmp.o)
                0x001124f8                memcmp
 .text._strtoul_l.isra.0
                0x001125cc      0x1e4 /opt/devkitpro/devkitARM/bin/../lib/gcc/arm-none-eabi/14.1.0/../../../../arm-none-eabi/lib/armv6k/fpu/libg.a(libc_a-strtoul.o)
 .text.strtoul  0x001127b0       0x34 /opt/devkitpro/devkitARM/bin/../lib/gcc/arm-none-eabi/14.1.0/../../../../arm-none-eabi/lib/armv6k/fpu/libg.a(libc_a-strtoul.o)
                0x001127b0                strtoul
 .text.strncat  0x001127e4       0xe4 /opt/devkitpro/devkitARM/bin/../lib/gcc/arm-none-eabi/14.1.0/../../../../arm-none-eabi/lib/armv6k/fpu/libg.a(libc_a-strncat.o)
                0x001127e4                strncat
 .text.bsearch  0x001128c8       0x78 /opt/devkitpro/devkitARM/bin/../lib/gcc/arm-none-eabi/14.1.0/../../../../arm-none-eabi/lib/armv6k/fpu/libg.a(libc_a-bsearch.o)
                0x001128c8                bsearch
 .text._fread_r
                0x00112940      0x344 /opt/devkitpro/devkitARM/bin/../lib/gcc/arm-none-eabi/14.1.0/../../../../arm-none-eabi/lib/armv6k/fpu/libg.a(libc_a-fread.o)
                0x00112940                _fread_r
 .text.fread    0x00112c84       0x38 /opt/devkitpro/devkitARM/bin/../lib/gcc/arm-none-eabi/14.1.0/../../../../arm-none-eabi/lib/armv6k/fpu/libg.a(libc_a-fread.o)
                0x00112c84                fread
 .text.calloc   0x00112cbc       0x20 /opt/devkitpro/devkitARM/bin/../lib/gcc/arm-none-eabi/14.1.0/../../../../arm-none-eabi/lib/armv6k/fpu/libg.a(libc_a-calloc.o)
                0x00112cbc                calloc
 .text.lflush   0x00112cdc       0x38 /opt/devkitpro/devkitARM/bin/../lib/gcc/arm-none-eabi/14.1.0/../../../../arm-none-eabi/lib/armv6k/fpu/libg.a(libc_a-refill.o)
 .text.__srefill_r
                0x00112d14      0x19c /opt/devkitpro/devkitARM/bin/../lib/gcc/arm-none-eabi/14.1.0/../../../../arm-none-eabi/lib/armv6k/fpu/libg.a(libc_a-refill.o)
                0x00112d14                __srefill_r
 .text._fclose_r
                0x00112eb0      0x148 /opt/devkitpro/devkitARM/bin/../lib/gcc/arm-none-eabi/14.1.0/../../../../arm-none-eabi/lib/armv6k/fpu/libg.a(libc_a-fclose.o)
                0x00112eb0                _fclose_r
 .text.fclose   0x00112ff8       0x18 /opt/devkitpro/devkitARM/bin/../lib/gcc/arm-none-eabi/14.1.0/../../../../arm-none-eabi/lib/armv6k/fpu/libg.a(libc_a-fclose.o)
                0x00112ff8                fclose
 .text._calloc_r
                0x00113010       0xc0 /opt/devkitpro/devkitARM/bin/../lib/gcc/arm-none-eabi/14.1.0/../../../../arm-none-eabi/lib/armv6k/fpu/libg.a(libc_a-callocr.o)
                0x00113010                _calloc_r
 .text.__smakebuf_r
                0x001130d0      0x144 /opt/devkitpro/devkitARM/bin/../lib/gcc/arm-none-eabi/14.1.0/../../../../arm-none-eabi/lib/armv6k/fpu/libg.a(libc_a-makebuf.o)
                0x001130d0                __smakebuf_r
 .text.__swhatbuf_r
                0x00113214       0x8c /opt/devkitpro/devkitARM/bin/../lib/gcc/arm-none-eabi/14.1.0/../../../../arm-none-eabi/lib/armv6k/fpu/libg.a(libc_a-makebuf.o)
                0x00113214                __swhatbuf_r
 .text.memalign
                0x001132a0       0x20 /opt/devkitpro/devkitARM/bin/../lib/gcc/arm-none-eabi/14.1.0/../../../../arm-none-eabi/lib/armv6k/fpu/libg.a(libc_a-malign.o)
                0x001132a0                memalign
 .text.stdio_exit_handler
                0x001132c0       0x1c /opt/devkitpro/devkitARM/bin/../lib/gcc/arm-none-eabi/14.1.0/../../../../arm-none-eabi/lib/armv6k/fpu/libg.a(libc_a-findfp.o)
 .text.cleanup_stdio
                0x001132dc       0x5c /opt/devkitpro/devkitARM/bin/../lib/gcc/arm-none-eabi/14.1.0/../../../../arm-none-eabi/lib/armv6k/fpu/libg.a(libc_a-findfp.o)
 .text.global_stdio_init.part.0
                0x00113338      0x154 /opt/devkitpro/devkitARM/bin/../lib/gcc/arm-none-eabi/14.1.0/../../../../arm-none-eabi/lib/armv6k/fpu/libg.a(libc_a-findfp.o)
 .text.__sfp    0x0011348c      0x134 /opt/devkitpro/devkitARM/bin/../lib/gcc/arm-none-eabi/14.1.0/../../../../arm-none-eabi/lib/armv6k/fpu/libg.a(libc_a-findfp.o)
                0x0011348c                __sfp
 .text.__sinit  0x001135c0       0x5c /opt/devkitpro/devkitARM/bin/../lib/gcc/arm-none-eabi/14.1.0/../../../../arm-none-eabi/lib/armv6k/fpu/libg.a(libc_a-findfp.o)
                0x001135c0                __sinit
 .text.__sfp_lock_acquire
                0x0011361c        0xc /opt/devkitpro/devkitARM/bin/../lib/gcc/arm-none-eabi/14.1.0/../../../../arm-none-eabi/lib/armv6k/fpu/libg.a(libc_a-findfp.o)
                0x0011361c                __sfp_lock_acquire
 .text.__sfp_lock_release
                0x00113628        0xc /opt/devkitpro/devkitARM/bin/../lib/gcc/arm-none-eabi/14.1.0/../../../../arm-none-eabi/lib/armv6k/fpu/libg.a(libc_a-findfp.o)
                0x00113628                __sfp_lock_release
 .text._malloc_r
                0x00113634      0x7e8 /opt/devkitpro/devkitARM/bin/../lib/gcc/arm-none-eabi/14.1.0/../../../../arm-none-eabi/lib/armv6k/fpu/libg.a(libc_a-mallocr.o)
                0x00113634                _malloc_r
 .text._malloc_trim_r
                0x00113e1c       0xf8 /opt/devkitpro/devkitARM/bin/../lib/gcc/arm-none-eabi/14.1.0/../../../../arm-none-eabi/lib/armv6k/fpu/libg.a(libc_a-freer.o)
                0x00113e1c                _malloc_trim_r
 .text._free_r  0x00113f14      0x300 /opt/devkitpro/devkitARM/bin/../lib/gcc/arm-none-eabi/14.1.0/../../../../arm-none-eabi/lib/armv6k/fpu/libg.a(libc_a-freer.o)
                0x00113f14                _free_r
 .text.setvbuf  0x00114214      0x294 /opt/devkitpro/devkitARM/bin/../lib/gcc/arm-none-eabi/14.1.0/../../../../arm-none-eabi/lib/armv6k/fpu/libg.a(libc_a-setvbuf.o)
                0x00114214                setvbuf
 .text.strnlen  0x001144a8       0x4c /opt/devkitpro/devkitARM/bin/../lib/gcc/arm-none-eabi/14.1.0/../../../../arm-none-eabi/lib/armv6k/fpu/libg.a(libc_a-strnlen.o)
                0x001144a8                strnlen
 .text.__errno  0x001144f4        0xc /opt/devkitpro/devkitARM/bin/../lib/gcc/arm-none-eabi/14.1.0/../../../../arm-none-eabi/lib/armv6k/fpu/libg.a(libc_a-errno.o)
                0x001144f4                __errno
 .text.malloc   0x00114500       0x34 /opt/devkitpro/devkitARM/bin/../lib/gcc/arm-none-eabi/14.1.0/../../../../arm-none-eabi/lib/armv6k/fpu/libg.a(libc_a-malloc.o)
                0x00114500                malloc
 .text.free     0x00114534       0x18 /opt/devkitpro/devkitARM/bin/../lib/gcc/arm-none-eabi/14.1.0/../../../../arm-none-eabi/lib/armv6k/fpu/libg.a(libc_a-malloc.o)
                0x00114534                free
 .text.memcpy   0x0011454c      0x130 /opt/devkitpro/devkitARM/bin/../lib/gcc/arm-none-eabi/14.1.0/../../../../arm-none-eabi/lib/armv6k/fpu/libg.a(libc_a-memcpy-stub.o)
                0x0011454c                memcpy
 .text._fopen_r
                0x0011467c      0x134 /opt/devkitpro/devkitARM/bin/../lib/gcc/arm-none-eabi/14.1.0/../../../../arm-none-eabi/lib/armv6k/fpu/libg.a(libc_a-fopen.o)
                0x0011467c                _fopen_r
 .text.fopen    0x001147b0       0x20 /opt/devkitpro/devkitARM/bin/../lib/gcc/arm-none-eabi/14.1.0/../../../../arm-none-eabi/lib/armv6k/fpu/libg.a(libc_a-fopen.o)
                0x001147b0                fopen
 .text.time     0x001147d0       0x4c /opt/devkitpro/devkitARM/bin/../lib/gcc/arm-none-eabi/14.1.0/../../../../arm-none-eabi/lib/armv6k/fpu/libg.a(libc_a-time.o)
                0x001147d0                time
 .text.memset   0x0011481c       0xe8 /opt/devkitpro/devkitARM/bin/../lib/gcc/arm-none-eabi/14.1.0/../../../../arm-none-eabi/lib/armv6k/fpu/libg.a(libc_a-memset.o)
                0x0011481c                memset
 .text._fwalk_sglue
                0x00114904       0x70 /opt/devkitpro/devkitARM/bin/../lib/gcc/arm-none-eabi/14.1.0/../../../../arm-none-eabi/lib/armv6k/fpu/libg.a(libc_a-fwalk.o)
                0x00114904                _fwalk_sglue
 .text.__malloc_lock
                0x00114974        0xc /opt/devkitpro/devkitARM/bin/../lib/gcc/arm-none-eabi/14.1.0/../../../../arm-none-eabi/lib/armv6k/fpu/libg.a(libc_a-mlock.o)
                0x00114974                __malloc_lock
 .text.__malloc_unlock
                0x00114980        0xc /opt/devkitpro/devkitARM/bin/../lib/gcc/arm-none-eabi/14.1.0/../../../../arm-none-eabi/lib/armv6k/fpu/libg.a(libc_a-mlock.o)
                0x00114980                __malloc_unlock
 .text.__call_exitprocs
                0x0011498c        0x4 /opt/devkitpro/devkitARM/bin/../lib/gcc/arm-none-eabi/14.1.0/../../../../arm-none-eabi/lib/armv6k/fpu/libg.a(libc_a-exit.o)
                0x0011498c                __call_exitprocs
 .text.exit     0x00114990       0x30 /opt/devkitpro/devkitARM/bin/../lib/gcc/arm-none-eabi/14.1.0/../../../../arm-none-eabi/lib/armv6k/fpu/libg.a(libc_a-exit.o)
                0x00114990                exit
 .text._fseek_r
                0x001149c0       0x1c /opt/devkitpro/devkitARM/bin/../lib/gcc/arm-none-eabi/14.1.0/../../../../arm-none-eabi/lib/armv6k/fpu/libg.a(libc_a-fseek.o)
                0x001149c0                _fseek_r
 .text.strncpy  0x001149dc       0xc4 /opt/devkitpro/devkitARM/bin/../lib/gcc/arm-none-eabi/14.1.0/../../../../arm-none-eabi/lib/armv6k/fpu/libg.a(libc_a-strncpy.o)
                0x001149dc                strncpy
 .text.__sflags
                0x00114aa0       0xb4 /opt/devkitpro/devkitARM/bin/../lib/gcc/arm-none-eabi/14.1.0/../../../../arm-none-eabi/lib/armv6k/fpu/libg.a(libc_a-flags.o)
                0x00114aa0                __sflags
 .text.__libc_init_array
                0x00114b54       0x84 /opt/devkitpro/devkitARM/bin/../lib/gcc/arm-none-eabi/14.1.0/../../../../arm-none-eabi/lib/armv6k/fpu/libg.a(libc_a-init.o)
                0x00114b54                __libc_init_array
 .text.__sflush_r
                0x00114bd8      0x228 /opt/devkitpro/devkitARM/bin/../lib/gcc/arm-none-eabi/14.1.0/../../../../arm-none-eabi/lib/armv6k/fpu/libg.a(libc_a-fflush.o)
                0x00114bd8                __sflush_r
 .text._fflush_r
                0x00114e00       0x94 /opt/devkitpro/devkitARM/bin/../lib/gcc/arm-none-eabi/14.1.0/../../../../arm-none-eabi/lib/armv6k/fpu/libg.a(libc_a-fflush.o)
                0x00114e00                _fflush_r
 .text._memalign_r
                0x00114e94      0x150 /opt/devkitpro/devkitARM/bin/../lib/gcc/arm-none-eabi/14.1.0/../../../../arm-none-eabi/lib/armv6k/fpu/libg.a(libc_a-malignr.o)
                0x00114e94                _memalign_r
 .text.__libc_fini_array
                0x00114fe4       0x3c /opt/devkitpro/devkitARM/bin/../lib/gcc/arm-none-eabi/14.1.0/../../../../arm-none-eabi/lib/armv6k/fpu/libg.a(libc_a-fini.o)
                0x00114fe4                __libc_fini_array
 .text._fseeko_r
                0x00115020      0x58c /opt/devkitpro/devkitARM/bin/../lib/gcc/arm-none-eabi/14.1.0/../../../../arm-none-eabi/lib/armv6k/fpu/libg.a(libc_a-fseeko.o)
                0x00115020                _fseeko_r
 .text.__sread  0x001155ac       0x44 /opt/devkitpro/devkitARM/bin/../lib/gcc/arm-none-eabi/14.1.0/../../../../arm-none-eabi/lib/armv6k/fpu/libg.a(libc_a-stdio.o)
                0x001155ac                __sread
 .text.__swrite
                0x001155f0       0x68 /opt/devkitpro/devkitARM/bin/../lib/gcc/arm-none-eabi/14.1.0/../../../../arm-none-eabi/lib/armv6k/fpu/libg.a(libc_a-stdio.o)
                0x001155f0                __swrite
 .text.__sseek  0x00115658       0x40 /opt/devkitpro/devkitARM/bin/../lib/gcc/arm-none-eabi/14.1.0/../../../../arm-none-eabi/lib/armv6k/fpu/libg.a(libc_a-stdio.o)
                0x00115658                __sseek
 .text.__sclose
                0x00115698        0x8 /opt/devkitpro/devkitARM/bin/../lib/gcc/arm-none-eabi/14.1.0/../../../../arm-none-eabi/lib/armv6k/fpu/libg.a(libc_a-stdio.o)
                0x00115698                __sclose
 .text._exit    0x001156a0       0x20 /opt/devkitpro/devkitARM/bin/../lib/gcc/arm-none-eabi/14.1.0/../../../../arm-none-eabi/lib/armv6k/fpu/libsysbase.a(libsysbase_libsysbase_a-_exit.o)
                0x001156a0                _exit
 .text.chdir    0x001156c0      0x13c /opt/devkitpro/devkitARM/bin/../lib/gcc/arm-none-eabi/14.1.0/../../../../arm-none-eabi/lib/armv6k/fpu/libsysbase.a(libsysbase_libsysbase_a-chdir.o)
                0x001156c0                chdir
 .text._concatenate_path
                0x001157fc      0x1cc /opt/devkitpro/devkitARM/bin/../lib/gcc/arm-none-eabi/14.1.0/../../../../arm-none-eabi/lib/armv6k/fpu/libsysbase.a(libsysbase_libsysbase_a-concatenate.o)
                0x001157fc                _concatenate_path
 .text._fstat_r
                0x001159c8       0x88 /opt/devkitpro/devkitARM/bin/../lib/gcc/arm-none-eabi/14.1.0/../../../../arm-none-eabi/lib/armv6k/fpu/libsysbase.a(libsysbase_libsysbase_a-fstat.o)
                0x001159c8                _fstat_r
 .text.__getreent
                0x00115a50       0x2c /opt/devkitpro/devkitARM/bin/../lib/gcc/arm-none-eabi/14.1.0/../../../../arm-none-eabi/lib/armv6k/fpu/libsysbase.a(libsysbase_libsysbase_a-getreent.o)
                0x00115a50                __getreent
 .text._gettimeofday_r
                0x00115a7c       0x30 /opt/devkitpro/devkitARM/bin/../lib/gcc/arm-none-eabi/14.1.0/../../../../arm-none-eabi/lib/armv6k/fpu/libsysbase.a(libsysbase_libsysbase_a-gettod.o)
                0x00115a7c                _gettimeofday_r
 .text.__release_handle
                0x00115aac       0x8c /opt/devkitpro/devkitARM/bin/../lib/gcc/arm-none-eabi/14.1.0/../../../../arm-none-eabi/lib/armv6k/fpu/libsysbase.a(libsysbase_libsysbase_a-handle_manager.o)
                0x00115aac                __release_handle
 .text.__alloc_handle
                0x00115b38       0xb0 /opt/devkitpro/devkitARM/bin/../lib/gcc/arm-none-eabi/14.1.0/../../../../arm-none-eabi/lib/armv6k/fpu/libsysbase.a(libsysbase_libsysbase_a-handle_manager.o)
                0x00115b38                __alloc_handle
 .text.__get_handle
                0x00115be8       0x3c /opt/devkitpro/devkitARM/bin/../lib/gcc/arm-none-eabi/14.1.0/../../../../arm-none-eabi/lib/armv6k/fpu/libsysbase.a(libsysbase_libsysbase_a-handle_manager.o)
                0x00115be8                __get_handle
 .text._close_r
                0x00115c24       0xf4 /opt/devkitpro/devkitARM/bin/../lib/gcc/arm-none-eabi/14.1.0/../../../../arm-none-eabi/lib/armv6k/fpu/libsysbase.a(libsysbase_libsysbase_a-handle_manager.o)
                0x00115c24                _close_r
 .text.null_write
                0x00115d18        0x8 /opt/devkitpro/devkitARM/bin/../lib/gcc/arm-none-eabi/14.1.0/../../../../arm-none-eabi/lib/armv6k/fpu/libsysbase.a(libsysbase_libsysbase_a-iosupport.o)
 .text.setDefaultDevice
                0x00115d20       0x18 /opt/devkitpro/devkitARM/bin/../lib/gcc/arm-none-eabi/14.1.0/../../../../arm-none-eabi/lib/armv6k/fpu/libsysbase.a(libsysbase_libsysbase_a-iosupport.o)
                0x00115d20                setDefaultDevice
 .text.FindDevice
                0x00115d38       0xc8 /opt/devkitpro/devkitARM/bin/../lib/gcc/arm-none-eabi/14.1.0/../../../../arm-none-eabi/lib/armv6k/fpu/libsysbase.a(libsysbase_libsysbase_a-iosupport.o)
                0x00115d38                FindDevice
 .text.RemoveDevice
                0x00115e00       0x28 /opt/devkitpro/devkitARM/bin/../lib/gcc/arm-none-eabi/14.1.0/../../../../arm-none-eabi/lib/armv6k/fpu/libsysbase.a(libsysbase_libsysbase_a-iosupport.o)
                0x00115e00                RemoveDevice
 .text.AddDevice
                0x00115e28       0x98 /opt/devkitpro/devkitARM/bin/../lib/gcc/arm-none-eabi/14.1.0/../../../../arm-none-eabi/lib/armv6k/fpu/libsysbase.a(libsysbase_libsysbase_a-iosupport.o)
                0x00115e28                AddDevice
 .text.GetDeviceOpTab
                0x00115ec0       0x20 /opt/devkitpro/devkitARM/bin/../lib/gcc/arm-none-eabi/14.1.0/../../../../arm-none-eabi/lib/armv6k/fpu/libsysbase.a(libsysbase_libsysbase_a-iosupport.o)
                0x00115ec0                GetDeviceOpTab
 .text._isatty_r
                0x00115ee0        0x8 /opt/devkitpro/devkitARM/bin/../lib/gcc/arm-none-eabi/14.1.0/../../../../arm-none-eabi/lib/armv6k/fpu/libsysbase.a(libsysbase_libsysbase_a-isatty.o)
                0x00115ee0                _isatty_r
 .text._lseek_r
                0x00115ee8       0x8c /opt/devkitpro/devkitARM/bin/../lib/gcc/arm-none-eabi/14.1.0/../../../../arm-none-eabi/lib/armv6k/fpu/libsysbase.a(libsysbase_libsysbase_a-lseek.o)
                0x00115ee8                _lseek_r
 .text._open_r  0x00115f74       0xbc /opt/devkitpro/devkitARM/bin/../lib/gcc/arm-none-eabi/14.1.0/../../../../arm-none-eabi/lib/armv6k/fpu/libsysbase.a(libsysbase_libsysbase_a-open.o)
                0x00115f74                _open_r
 .text._read_r  0x00116030       0x88 /opt/devkitpro/devkitARM/bin/../lib/gcc/arm-none-eabi/14.1.0/../../../../arm-none-eabi/lib/armv6k/fpu/libsysbase.a(libsysbase_libsysbase_a-read.o)
                0x00116030                _read_r
 .text._sbrk_r  0x001160b8       0x78 /opt/devkitpro/devkitARM/bin/../lib/gcc/arm-none-eabi/14.1.0/../../../../arm-none-eabi/lib/armv6k/fpu/libsysbase.a(libsysbase_libsysbase_a-sbrk.o)
                0x001160b8                _sbrk_r
 .text.__libc_lock_acquire
                0x00116130       0x1c /opt/devkitpro/devkitARM/bin/../lib/gcc/arm-none-eabi/14.1.0/../../../../arm-none-eabi/lib/armv6k/fpu/libsysbase.a(libsysbase_libsysbase_a-syscall_support.o)
                0x00116130                __libc_lock_acquire
 .text.__libc_lock_release
                0x0011614c       0x1c /opt/devkitpro/devkitARM/bin/../lib/gcc/arm-none-eabi/14.1.0/../../../../arm-none-eabi/lib/armv6k/fpu/libsysbase.a(libsysbase_libsysbase_a-syscall_support.o)
                0x0011614c                __libc_lock_release
 .text.__libc_lock_acquire_recursive
                0x00116168       0x1c /opt/devkitpro/devkitARM/bin/../lib/gcc/arm-none-eabi/14.1.0/../../../../arm-none-eabi/lib/armv6k/fpu/libsysbase.a(libsysbase_libsysbase_a-syscall_support.o)
                0x00116168                __libc_lock_acquire_recursive
 .text.__libc_lock_release_recursive
                0x00116184       0x1c /opt/devkitpro/devkitARM/bin/../lib/gcc/arm-none-eabi/14.1.0/../../../../arm-none-eabi/lib/armv6k/fpu/libsysbase.a(libsysbase_libsysbase_a-syscall_support.o)
                0x00116184                __libc_lock_release_recursive
 .text._write_r
                0x001161a0       0x88 /opt/devkitpro/devkitARM/bin/../lib/gcc/arm-none-eabi/14.1.0/../../../../arm-none-eabi/lib/armv6k/fpu/libsysbase.a(libsysbase_libsysbase_a-write.o)
                0x001161a0                _write_r
 .text.strrchr  0x00116228       0x48 /opt/devkitpro/devkitARM/bin/../lib/gcc/arm-none-eabi/14.1.0/../../../../arm-none-eabi/lib/armv6k/fpu/libg.a(libc_a-strrchr.o)
                0x00116228                strrchr
 *(.glue_7)
 .glue_7        0x00116270        0x0 linker stubs
 *(.glue_7t)
 .glue_7t       0x00116270        0x0 linker stubs
 *(.stub)
 *(.gnu.warning)
 *(.gnu.linkonce.t*)
                0x00116270                        . = ALIGN (0x4)
 *(.fini)
 .fini          0x00116270        0xc /opt/devkitpro/devkitARM/bin/../lib/gcc/arm-none-eabi/14.1.0/armv6k/fpu/crti.o
                0x00116270                _fini
 .fini          0x0011627c        0xc /opt/devkitpro/devkitARM/bin/../lib/gcc/arm-none-eabi/14.1.0/armv6k/fpu/crtn.o
                0x00116288                        . = ALIGN (0x4)

.vfp11_veneer   0x00116288        0x0
 .vfp11_veneer  0x00116288        0x0 linker stubs

.v4_bx          0x00116288        0x0
 .v4_bx         0x00116288        0x0 linker stubs

.iplt           0x00116288        0x0
 .iplt          0x00116288        0x0 /opt/devkitpro/devkitARM/bin/../lib/gcc/arm-none-eabi/14.1.0/../../../../arm-none-eabi/lib/armv6k/fpu/3dsx_crt0.o
                0x00117000                        . = ALIGN (0x1000)

.rodata         0x00117000      0x6f8
 *(.rodata)
 .rodata        0x00117000        0xc /opt/devkitpro/libctru/lib/libctru.a(romfs_dev.o)
 .rodata        0x0011700c        0xc /opt/devkitpro/libctru/lib/libctru.a(archive_dev.o)
 *(.roda)
 *(.rodata.*)
 .rodata.str1.4
                0x00117018       0xe4 main.o
                                 0x21 (size before relaxing)
 .rodata.C2D_Init.str1.4
                0x001170fc       0x10 /opt/devkitpro/libctru/lib/libcitro2d.a(base.o)
 .rodata.s_defaultTint.0
                0x001170fc        0x8 /opt/devkitpro/libctru/lib/libcitro2d.a(base.o)
 .rodata.C2D_SpriteSheetLoad.str1.4
                0x00117104        0x3 /opt/devkitpro/libctru/lib/libcitro2d.a(spritesheet.o)
 .rodata.render2d_shbin
                0x00117104      0x190 /opt/devkitpro/libctru/lib/libcitro2d.a(render2d.shbin.o)
                0x00117104                render2d_shbin
                0x00117290                render2d_shbin_size
                0x00117290                render2d_shbin_end
 .rodata.depthFmtSizes
                0x00117294        0x4 /opt/devkitpro/libctru/lib/libcitro3d.a(framebuffer.o)
 .rodata.colorFmtSizes
                0x00117298        0x5 /opt/devkitpro/libctru/lib/libcitro3d.a(framebuffer.o)
 *fill*         0x0011729d        0x3 
 .rodata.CSWTCH.11
                0x001172a0       0x10 /opt/devkitpro/libctru/lib/libcitro3d.a(proctex.o)
 .rodata.CSWTCH.19
                0x001172b0       0x38 /opt/devkitpro/libctru/lib/libcitro3d.a(texture.o)
 .rodata.romfs_dirnext.str1.4
                0x001172e8        0x7 /opt/devkitpro/libctru/lib/libctru.a(romfs_dev.o)
 .rodata.romfsMountSelf.str1.4
                0x001172e8       0x19 /opt/devkitpro/libctru/lib/libctru.a(romfs_dev.o)
 .rodata.str1.4
                0x001172e8        0x1 /opt/devkitpro/libctru/lib/libctru.a(romfs_dev.o)
 .rodata.romFS_devoptab
                0x001172e8       0x80 /opt/devkitpro/libctru/lib/libctru.a(romfs_dev.o)
 .rodata.aptSendCommand.str1.4
                0x00117368       0x16 /opt/devkitpro/libctru/lib/libctru.a(apt.o)
 .rodata.morton_y.2
                0x00117368        0x8 /opt/devkitpro/libctru/lib/libctru.a(apt.o)
 .rodata.morton_x.3
                0x00117370        0x8 /opt/devkitpro/libctru/lib/libctru.a(apt.o)
 .rodata.s_sleepWakeEvents.4
                0x00117378        0x8 /opt/devkitpro/libctru/lib/libctru.a(apt.o)
 .rodata.fsInit.str1.4
                0x00117380        0x8 /opt/devkitpro/libctru/lib/libctru.a(fs.o)
 .rodata.gspInit.str1.4
                0x00117380        0x9 /opt/devkitpro/libctru/lib/libctru.a(gspgpu.o)
 .rodata.hidInit.str1.4
                0x00117380       0x15 /opt/devkitpro/libctru/lib/libctru.a(hid.o)
 .rodata.irrstInit.str1.4
                0x00117380        0x7 /opt/devkitpro/libctru/lib/libctru.a(irrst.o)
 .rodata.ptmSysmInit.str1.4
                0x00117380        0x9 /opt/devkitpro/libctru/lib/libctru.a(ptmsysm.o)
 .rodata.__system_initArgv.str1.4
                0x00117380        0xa /opt/devkitpro/libctru/lib/libctru.a(initArgv.o)
 .rodata.srvInit.str1.4
                0x00117380        0x5 /opt/devkitpro/libctru/lib/libctru.a(srv.o)
 .rodata.archive_utf16path.str1.4
                0x00117380        0x2 /opt/devkitpro/libctru/lib/libctru.a(archive_dev.o)
 .rodata._archiveUnmountDeviceStruct.part.0.str1.4
                0x00117380        0x2 /opt/devkitpro/libctru/lib/libctru.a(archive_dev.o)
 .rodata._archiveMountDevice.str1.4
                0x00117380        0xc /opt/devkitpro/libctru/lib/libctru.a(archive_dev.o)
 .rodata.archiveMountSdmc.str1.4
                0x00117380        0x5 /opt/devkitpro/libctru/lib/libctru.a(archive_dev.o)
 .rodata.error_table
                0x00117380       0x30 /opt/devkitpro/libctru/lib/libctru.a(archive_dev.o)
 .rodata.str1.4
                0x001173b0        0x8 /opt/devkitpro/libctru/lib/libctru.a(archive_dev.o)
 .rodata.archive_devoptab
                0x001173b0       0x80 /opt/devkitpro/libctru/lib/libctru.a(archive_dev.o)
 .rodata.__inv_pio4
                0x00117430       0x60 /opt/devkitpro/devkitARM/bin/../lib/gcc/arm-none-eabi/14.1.0/../../../../arm-none-eabi/lib/armv6k/fpu/libm.a(libm_a-sincosf_data.o)
                0x00117430                __inv_pio4
 .rodata.__sincosf_table
                0x00117490       0xe0 /opt/devkitpro/devkitARM/bin/../lib/gcc/arm-none-eabi/14.1.0/../../../../arm-none-eabi/lib/armv6k/fpu/libm.a(libm_a-sincosf_data.o)
                0x00117490                __sincosf_table
 .rodata._ctype_
                0x00117570      0x101 /opt/devkitpro/devkitARM/bin/../lib/gcc/arm-none-eabi/14.1.0/../../../../arm-none-eabi/lib/armv6k/fpu/libg.a(libc_a-ctype_.o)
                0x00117570                _ctype_
 .rodata.AddDevice.str1.4
                0x00117671        0x8 /opt/devkitpro/devkitARM/bin/../lib/gcc/arm-none-eabi/14.1.0/../../../../arm-none-eabi/lib/armv6k/fpu/libsysbase.a(libsysbase_libsysbase_a-iosupport.o)
 *fill*         0x00117671        0x3 
 .rodata.dotab_stdnull
                0x00117674       0x80 /opt/devkitpro/devkitARM/bin/../lib/gcc/arm-none-eabi/14.1.0/../../../../arm-none-eabi/lib/armv6k/fpu/libsysbase.a(libsysbase_libsysbase_a-iosupport.o)
                0x00117674                dotab_stdnull
 *all.rodata*(*)
 *(.gnu.linkonce.r*)
                0x001176f4                        . = ALIGN (0x4)
                0x001176f4                        __tdata_align = .
                0x001176f4        0x4 LONG 0x4 ALIGNOF (.tdata)
                0x001176f8                        . = ALIGN (0x4)

.eh_frame       0x001176f8        0x0
 .eh_frame      0x001176f8        0x0 /opt/devkitpro/devkitARM/bin/../lib/gcc/arm-none-eabi/14.1.0/armv6k/fpu/crtbegin.o

.rel.dyn        0x001176f8        0x0
 .rel.iplt      0x001176f8        0x0 /opt/devkitpro/devkitARM/bin/../lib/gcc/arm-none-eabi/14.1.0/../../../../arm-none-eabi/lib/armv6k/fpu/3dsx_crt0.o
 .rel.got       0x001176f8        0x0 /opt/devkitpro/devkitARM/bin/../lib/gcc/arm-none-eabi/14.1.0/../../../../arm-none-eabi/lib/armv6k/fpu/3dsx_crt0.o

.ARM.extab
 *(.ARM.extab* .gnu.linkonce.armextab.*)
                0x001176f8                        __exidx_start = .

.ARM.exidx
 *(.ARM.exidx* .gnu.linkonce.armexidx.*)
                0x001176f8                        __exidx_end = .
                0x00118000                        . = ALIGN (0x1000)

.data           0x00118000     0x1a1c
 *(.data)
 *(.data.*)
 .data.framerateCounter
                0x00118000        0x8 /opt/devkitpro/libctru/lib/libcitro3d.a(renderqueue.o)
 .data.framerate
                0x00118008        0x4 /opt/devkitpro/libctru/lib/libcitro3d.a(renderqueue.o)
 .data.queueLock
                0x0011800c        0x4 /opt/devkitpro/libctru/lib/libctru.a(gxqueue.o)
 .data.aptChainloadDeliverArgSize
                0x00118010        0x4 /opt/devkitpro/libctru/lib/libctru.a(apt.o)
 .data.kCount   0x00118014        0x4 /opt/devkitpro/libctru/lib/libctru.a(hid.o)
 .data.kInterval
                0x00118018        0x4 /opt/devkitpro/libctru/lib/libctru.a(hid.o)
 .data.kDelay   0x0011801c        0x4 /opt/devkitpro/libctru/lib/libctru.a(hid.o)
 .data.__stacksize__
                0x00118020        0x4 /opt/devkitpro/libctru/lib/libctru.a(stack_adjust.o)
                0x00118020                __stacksize__
 .data._impure_ptr
                0x00118024        0x4 /opt/devkitpro/devkitARM/bin/../lib/gcc/arm-none-eabi/14.1.0/../../../../arm-none-eabi/lib/armv6k/fpu/libg.a(libc_a-impure.o)
                0x00118024                _impure_ptr
 .data._impure_data
                0x00118028      0x120 /opt/devkitpro/devkitARM/bin/../lib/gcc/arm-none-eabi/14.1.0/../../../../arm-none-eabi/lib/armv6k/fpu/libg.a(libc_a-impure.o)
                0x00118028                _impure_data
 .data.__sglue  0x00118148        0xc /opt/devkitpro/devkitARM/bin/../lib/gcc/arm-none-eabi/14.1.0/../../../../arm-none-eabi/lib/armv6k/fpu/libg.a(libc_a-findfp.o)
                0x00118148                __sglue
 .data.__malloc_sbrk_base
                0x00118154        0x4 /opt/devkitpro/devkitARM/bin/../lib/gcc/arm-none-eabi/14.1.0/../../../../arm-none-eabi/lib/armv6k/fpu/libg.a(libc_a-mallocr.o)
                0x00118154                __malloc_sbrk_base
 .data.__malloc_trim_threshold
                0x00118158        0x4 /opt/devkitpro/devkitARM/bin/../lib/gcc/arm-none-eabi/14.1.0/../../../../arm-none-eabi/lib/armv6k/fpu/libg.a(libc_a-mallocr.o)
                0x00118158                __malloc_trim_threshold
 *fill*         0x0011815c        0x4 
 .data.__malloc_av_
                0x00118160      0x408 /opt/devkitpro/devkitARM/bin/../lib/gcc/arm-none-eabi/14.1.0/../../../../arm-none-eabi/lib/armv6k/fpu/libg.a(libc_a-mallocr.o)
                0x00118160                __malloc_av_
 .data._current_working_directory
                0x00118568      0x400 /opt/devkitpro/devkitARM/bin/../lib/gcc/arm-none-eabi/14.1.0/../../../../arm-none-eabi/lib/armv6k/fpu/libsysbase.a(libsysbase_libsysbase_a-chdir.o)
 .data.handles  0x00118968     0x1000 /opt/devkitpro/devkitARM/bin/../lib/gcc/arm-none-eabi/14.1.0/../../../../arm-none-eabi/lib/armv6k/fpu/libsysbase.a(libsysbase_libsysbase_a-handle_manager.o)
 .data.__stderr_handle
                0x00119968        0xc /opt/devkitpro/devkitARM/bin/../lib/gcc/arm-none-eabi/14.1.0/../../../../arm-none-eabi/lib/armv6k/fpu/libsysbase.a(libsysbase_libsysbase_a-handle_manager.o)
 .data.__stdout_handle
                0x00119974        0xc /opt/devkitpro/devkitARM/bin/../lib/gcc/arm-none-eabi/14.1.0/../../../../arm-none-eabi/lib/armv6k/fpu/libsysbase.a(libsysbase_libsysbase_a-handle_manager.o)
 .data.__stdin_handle
                0x00119980        0xc /opt/devkitpro/devkitARM/bin/../lib/gcc/arm-none-eabi/14.1.0/../../../../arm-none-eabi/lib/armv6k/fpu/libsysbase.a(libsysbase_libsysbase_a-handle_manager.o)
 .data.devoptab_list
                0x0011998c       0x8c /opt/devkitpro/devkitARM/bin/../lib/gcc/arm-none-eabi/14.1.0/../../../../arm-none-eabi/lib/armv6k/fpu/libsysbase.a(libsysbase_libsysbase_a-iosupport.o)
                0x0011998c                devoptab_list
 .data.defaultDevice
                0x00119a18        0x4 /opt/devkitpro/devkitARM/bin/../lib/gcc/arm-none-eabi/14.1.0/../../../../arm-none-eabi/lib/armv6k/fpu/libsysbase.a(libsysbase_libsysbase_a-iosupport.o)
 *(.gnu.linkonce.d*)