Archive member included to satisfy reference by file (symbol)

/opt/devkitpro/libctru/lib/libcitro2d.a(base.o)
                              main.o (C2D_Init)
/opt/devkitpro/libctru/lib/libcitro2d.a(spritesheet.o)
                              main.o (C2D_SpriteSheetLoad)
/opt/devkitpro/libctru/lib/libcitro2d.a(render2d.shbin.o)
                              /opt/devkitpro/libctru/lib/libcitro2d.a(base.o) (render2d_shbin)
/opt/devkitpro/libctru/lib/libcitro3d.a(attribs.o)
                              /opt/devkitpro/libctru/lib/libcitro2d.a(base.o) (AttrInfo_Init)
/opt/devkitpro/libctru/lib/libcitro3d.a(base.o)
                              /opt/devkitpro/libctru/lib/libcitro3d.a(attribs.o) (__C3D_Context)
/opt/devkitpro/libctru/lib/libcitro3d.a(buffers.o)
                              /opt/devkitpro/libctru/lib/libcitro2d.a(base.o) (BufInfo_Init)
/opt/devkitpro/libctru/lib/libcitro3d.a(drawElements.o)
                              /opt/devkitpro/libctru/lib/libcitro2d.a(base.o) (C3D_DrawElements)
/opt/devkitpro/libctru/lib/libcitro3d.a(effect.o)
                              /opt/devkitpro/libctru/lib/libcitro3d.a(base.o) (C3D_DepthMap)
/opt/devkitpro/libctru/lib/libcitro3d.a(framebuffer.o)
                              /opt/devkitpro/libctru/lib/libcitro3d.a(base.o) (C3Di_FrameBufBind)
/opt/devkitpro/libctru/lib/libcitro3d.a(immediate.o)
                              /opt/devkitpro/libctru/lib/libcitro3d.a(base.o) (C3D_ImmSendAttrib)
/opt/devkitpro/libctru/lib/libcitro3d.a(proctex.o)
                              /opt/devkitpro/libctru/lib/libcitro2d.a(base.o) (C3D_ProcTexInit)
/opt/devkitpro/libctru/lib/libcitro3d.a(renderqueue.o)
                              /opt/devkitpro/libctru/lib/libcitro3d.a(base.o) (C3Di_RenderQueueEnableVBlank)
/opt/devkitpro/libctru/lib/libcitro3d.a(tex3ds.o)
                              /opt/devkitpro/libctru/lib/libcitro2d.a(spritesheet.o) (Tex3DS_TextureImport)
/opt/devkitpro/libctru/lib/libcitro3d.a(texenv.o)
                              /opt/devkitpro/libctru/lib/libcitro2d.a(base.o) (C3D_GetTexEnv)
/opt/devkitpro/libctru/lib/libcitro3d.a(texture.o)
                              /opt/devkitpro/libctru/lib/libcitro3d.a(tex3ds.o) (C3D_TexInitWithParams)
/opt/devkitpro/libctru/lib/libcitro3d.a(uniforms.o)
                              /opt/devkitpro/libctru/lib/libcitro3d.a(base.o) (C3D_UpdateUniforms)
/opt/devkitpro/libctru/lib/libcitro3d.a(mtx_multiply.o)
                              /opt/devkitpro/libctru/lib/libcitro2d.a(base.o) (Mtx_Multiply)
/opt/devkitpro/libctru/lib/libcitro3d.a(mtx_ortho.o)
                              /opt/devkitpro/libctru/lib/libcitro2d.a(base.o) (Mtx_Ortho)
/opt/devkitpro/libctru/lib/libcitro3d.a(mtx_orthotilt.o)
                              /opt/devkitpro/libctru/lib/libcitro2d.a(base.o) (Mtx_OrthoTilt)
/opt/devkitpro/libctru/lib/libcitro3d.a(mtx_rotatez.o)
                              /opt/devkitpro/libctru/lib/libcitro2d.a(base.o) (Mtx_RotateZ)
/opt/devkitpro/libctru/lib/libcitro3d.a(mtx_scale.o)
                              /opt/devkitpro/libctru/lib/libcitro2d.a(base.o) (Mtx_Scale)
/opt/devkitpro/libctru/lib/libcitro3d.a(mtx_translate.o)
                              /opt/devkitpro/libctru/lib/libcitro2d.a(base.o) (Mtx_Translate)
/opt/devkitpro/libctru/lib/libctru.a(linear.o)
                              /opt/devkitpro/libctru/lib/libcitro2d.a(base.o) (linearAlloc)
/opt/devkitpro/libctru/lib/libctru.a(mem_pool.o)
                              /opt/devkitpro/libctru/lib/libctru.a(linear.o) (MemPool::Allocate(MemChunk&, unsigned long, int))
/opt/devkitpro/libctru/lib/libctru.a(vram.o)
                              /opt/devkitpro/libctru/lib/libcitro3d.a(renderqueue.o) (vramAlloc)
/opt/devkitpro/libctru/lib/libctru.a(gfx.o)
                              /opt/devkitpro/libctru/lib/libcitro2d.a(base.o) (gfxIsWide)
/opt/devkitpro/libctru/lib/libctru.a(os.o)
                              /opt/devkitpro/libctru/lib/libcitro3d.a(buffers.o) (osConvertVirtToPhys)
/opt/devkitpro/libctru/lib/libctru.a(romfs_dev.o)
                              main.o (romfsMountSelf)
/opt/devkitpro/libctru/lib/libctru.a(gpu.o)
                              /opt/devkitpro/libctru/lib/libcitro3d.a(base.o) (gpuCmdBufOffset)
/opt/devkitpro/libctru/lib/libctru.a(gx.o)
                              /opt/devkitpro/libctru/lib/libcitro3d.a(renderqueue.o) (GX_BindQueue)
/opt/devkitpro/libctru/lib/libctru.a(gxqueue.o)
                              /opt/devkitpro/libctru/lib/libcitro3d.a(renderqueue.o) (gxCmdQueueClear)
/opt/devkitpro/libctru/lib/libctru.a(shaderProgram.o)
                              /opt/devkitpro/libctru/lib/libcitro2d.a(base.o) (shaderInstanceGetUniformLocation)
/opt/devkitpro/libctru/lib/libctru.a(shbin.o)
                              /opt/devkitpro/libctru/lib/libcitro2d.a(base.o) (DVLB_ParseFile)
/opt/devkitpro/libctru/lib/libctru.a(apt.o)
                              /opt/devkitpro/libctru/lib/libcitro3d.a(base.o) (aptHook)
[...]
Memory Configuration

Name             Origin             Length             Attributes
*default*        0x00000000         0xffffffff

Linker script and memory map

                0x00000000                        __sync_synchronize = __sync_synchronize_dmb
                0x00100000                        PROVIDE (__start__ = 0x100000)
                0x00100000                        . = __start__

.text           0x00100000    0x16880
 *(.crt0)
 .crt0          0x00100000       0x94 /opt/devkitpro/devkitARM/bin/../lib/gcc/arm-none-eabi/14.1.0/../../../../arm-none-eabi/lib/armv6k/fpu/3dsx_crt0.o
                0x00100000                _start
                0x00100008                __service_ptr
                0x0010000c                __apt_appid
                0x00100010                __heap_size
                0x00100014                __linear_heap_size
                0x00100018                __system_arglist
                0x0010001c                __system_runflags
 *(.init)
 .init          0x00100094        0xc /opt/devkitpro/devkitARM/bin/../lib/gcc/arm-none-eabi/14.1.0/armv6k/fpu/crti.o
                0x00100094                _init
 .init          0x001000a0        0xc /opt/devkitpro/devkitARM/bin/../lib/gcc/arm-none-eabi/14.1.0/armv6k/fpu/crtn.o
                0x001000ac                        . = ALIGN (0x4)
 *(.text)
 .text          0x001000ac      0x20c /opt/devkitpro/devkitARM/bin/../lib/gcc/arm-none-eabi/14.1.0/armv6k/fpu/libgcc.a(_udivsi3.o)
                0x001000ac                __udivsi3
                0x001000ac                __aeabi_uidiv
                0x00100298                __aeabi_uidivmod
 .text          0x001002b8      0x240 /opt/devkitpro/devkitARM/bin/../lib/gcc/arm-none-eabi/14.1.0/armv6k/fpu/libgcc.a(_divsi3.o)
                0x001002b8                __aeabi_idiv
                0x001002b8                __divsi3
                0x001004d8                __aeabi_idivmod
 .text          0x001004f8        0x4 /opt/devkitpro/devkitARM/bin/../lib/gcc/arm-none-eabi/14.1.0/armv6k/fpu/libgcc.a(_dvmd_tls.o)
                0x001004f8                __aeabi_ldiv0
                0x001004f8                __aeabi_idiv0
 .text          0x001004fc      0x3c0 /opt/devkitpro/devkitARM/bin/../lib/gcc/arm-none-eabi/14.1.0/armv6k/fpu/libgcc.a(_arm_addsubdf3.o)
                0x001004fc                __aeabi_drsub
                0x00100504                __aeabi_dsub
                0x00100504                __subdf3
                0x00100508                __adddf3
                0x00100508                __aeabi_dadd
                0x001007b4                __aeabi_ui2d
                0x001007b4                __floatunsidf
                0x001007d8                __floatsidf
                0x001007d8                __aeabi_i2d
                0x00100800                __extendsfdf2
                0x00100800                __aeabi_f2d
                0x00100848                __aeabi_ul2d
                0x00100848                __floatundidf
                0x0010085c                __floatdidf
                0x0010085c                __aeabi_l2d
 .text          0x001008bc       0xd4 /opt/devkitpro/devkitARM/bin/../lib/gcc/arm-none-eabi/14.1.0/armv6k/fpu/libgcc.a(_aeabi_ldivmod.o)
                0x001008bc                __aeabi_ldivmod
 *fill*         0x00100990       0x10 
 .text          0x001009a0      0x390 /opt/devkitpro/devkitARM/bin/../lib/gcc/arm-none-eabi/14.1.0/../../../../arm-none-eabi/lib/armv6k/fpu/libg.a(libc_a-strcmp.o)
                0x001009a8                strcmp
 *(.text.*)
 .text.__do_global_dtors_aux
                0x00100d30       0x40 /opt/devkitpro/devkitARM/bin/../lib/gcc/arm-none-eabi/14.1.0/armv6k/fpu/crtbegin.o
 .text.frame_dummy
                0x00100d70       0x2c /opt/devkitpro/devkitARM/bin/../lib/gcc/arm-none-eabi/14.1.0/armv6k/fpu/crtbegin.o
 .text.generateDeck
                0x00100d9c       0xa0 deck.o
                0x00100d9c                generateDeck
 .text.destroyDeck
                0x00100e3c       0x58 deck.o
                0x00100e3c                destroyDeck
 .text.shuffleDeck
                0x00100e94       0x90 deck.o
                0x00100e94                shuffleDeck
 .text.dealCard
                0x00100f24       0x34 deck.o
                0x00100f24                dealCard
 .text.loadCardSprite.part.0
                0x00100f58       0xc0 draw.o
 .text.drawHand
                0x00101018       0xd8 draw.o
                0x00101018                drawHand
 .text.updateHandTotal
                0x001010f0       0xb4 hand.o
                0x001010f0                updateHandTotal
 .text.generateHand
                0x001011a4       0x5c hand.o
                0x001011a4                generateHand
 .text.destroyHand
                0x00101200       0x1c hand.o
                0x00101200                destroyHand
 .text.startup.main
                0x0010121c      0x194 main.o
                0x0010121c                main
 .text.C2Di_FrameEndHook
                0x001013b0       0x44 /opt/devkitpro/libctru/lib/libcitro2d.a(base.o)
 *fill*         0x001013f4        0x4 
 .text.C2D_Init
                0x001013f8      0x36c /opt/devkitpro/libctru/lib/libcitro2d.a(base.o)
                0x001013f8                C2D_Init
 .text.C2D_Fini
                0x00101764       0x4c /opt/devkitpro/libctru/lib/libcitro2d.a(base.o)
                0x00101764                C2D_Fini
 .text.C2D_Prepare
                0x001017b0       0xb8 /opt/devkitpro/libctru/lib/libcitro2d.a(base.o)
                0x001017b0                C2D_Prepare
 .text.C2D_Flush
                0x00101868       0x48 /opt/devkitpro/libctru/lib/libcitro2d.a(base.o)
                0x00101868                C2D_Flush
 .text.C2D_SceneSize
                0x001018b0      0x104 /opt/devkitpro/libctru/lib/libcitro2d.a(base.o)
                0x001018b0                C2D_SceneSize
 .text.C2D_CreateScreenTarget
                0x001019b4       0x58 /opt/devkitpro/libctru/lib/libcitro2d.a(base.o)
                0x001019b4                C2D_CreateScreenTarget
 .text.C2D_TargetClear
                0x00101a0c       0x64 /opt/devkitpro/libctru/lib/libcitro2d.a(base.o)
                0x00101a0c                C2D_TargetClear
 .text.C2Di_CalcQuad
                0x00101a70      0x13c /opt/devkitpro/libctru/lib/libcitro2d.a(base.o)
                0x00101a70                C2Di_CalcQuad
 .text.C2Di_AppendQuad
                0x00101bac       0x58 /opt/devkitpro/libctru/lib/libcitro2d.a(base.o)
                0x00101bac                C2Di_AppendQuad
 .text.C2Di_Update
                0x00101c04      0x550 /opt/devkitpro/libctru/lib/libcitro2d.a(base.o)
                0x00101c04                C2Di_Update
 .text.C2D_DrawImage
                0x00102154      0x2b0 /opt/devkitpro/libctru/lib/libcitro2d.a(base.o)
                0x00102154                C2D_DrawImage
 .text.C2D_SpriteSheetLoadFromHandle
                0x00102404       0x6c /opt/devkitpro/libctru/lib/libcitro2d.a(spritesheet.o)
                0x00102404                C2D_SpriteSheetLoadFromHandle
 .text.C2D_SpriteSheetLoad
                0x00102470       0x48 /opt/devkitpro/libctru/lib/libcitro2d.a(spritesheet.o)
                0x00102470                C2D_SpriteSheetLoad
 .text.C2D_SpriteSheetFree
                0x001024b8       0x28 /opt/devkitpro/libctru/lib/libcitro2d.a(spritesheet.o)
                0x001024b8                C2D_SpriteSheetFree
 .text.C2D_SpriteSheetGetImage
                0x001024e0       0x2c /opt/devkitpro/libctru/lib/libcitro2d.a(spritesheet.o)
                0x001024e0                C2D_SpriteSheetGetImage
 .text.AttrInfo_Init
                0x0010250c       0x28 /opt/devkitpro/libctru/lib/libcitro3d.a(attribs.o)
                0x0010250c                AttrInfo_Init
 .text.AttrInfo_AddLoader
                0x00102534       0x94 /opt/devkitpro/libctru/lib/libcitro3d.a(attribs.o)
                0x00102534                AttrInfo_AddLoader
 .text.C3D_SetAttrInfo
                0x001025c8       0x54 /opt/devkitpro/libctru/lib/libcitro3d.a(attribs.o)
                0x001025c8                C3D_SetAttrInfo
 .text.C3Di_AttrInfoBind
                0x0010261c       0x80 /opt/devkitpro/libctru/lib/libcitro3d.a(attribs.o)
                0x0010261c                C3Di_AttrInfoBind
 .text.C3Di_LightEnvUpdate
                0x0010269c        0x4 /opt/devkitpro/libctru/lib/libcitro3d.a(base.o)
                0x0010269c                C3Di_LightEnvUpdate
 .text.C3Di_LightEnvDirty
                0x001026a0        0x4 /opt/devkitpro/libctru/lib/libcitro3d.a(base.o)
                0x001026a0                C3Di_LightEnvDirty
 .text.C3Di_AptEventHook
                0x001026a4       0xb4 /opt/devkitpro/libctru/lib/libcitro3d.a(base.o)
 .text.C3Di_GasUpdate
                0x00102758        0x4 /opt/devkitpro/libctru/lib/libcitro3d.a(base.o)
                0x00102758                C3Di_GasUpdate
 .text.C3D_Init
                0x0010275c      0x1d0 /opt/devkitpro/libctru/lib/libcitro3d.a(base.o)
                0x0010275c                C3D_Init
 .text.C3D_SetViewport
                0x0010292c       0x98 /opt/devkitpro/libctru/lib/libcitro3d.a(base.o)
                0x0010292c                C3D_SetViewport
 .text.C3Di_UpdateContext
                0x001029c4      0x4e8 /opt/devkitpro/libctru/lib/libcitro3d.a(base.o)
                0x001029c4                C3Di_UpdateContext
 .text.C3Di_SplitFrame
                0x00102eac       0xe0 /opt/devkitpro/libctru/lib/libcitro3d.a(base.o)
                0x00102eac                C3Di_SplitFrame
 .text.C3D_Fini
                0x00102f8c       0x44 /opt/devkitpro/libctru/lib/libcitro3d.a(base.o)
                0x00102f8c                C3D_Fini
 .text.C3D_BindProgram
                0x00102fd0      0x194 /opt/devkitpro/libctru/lib/libcitro3d.a(base.o)
                0x00102fd0                C3D_BindProgram
 .text.BufInfo_Init
                0x00103164       0x24 /opt/devkitpro/libctru/lib/libcitro3d.a(buffers.o)
                0x00103164                BufInfo_Init
 .text.BufInfo_Add
                0x00103188       0x80 /opt/devkitpro/libctru/lib/libcitro3d.a(buffers.o)
                0x00103188                BufInfo_Add
 .text.C3D_SetBufInfo
                0x00103208       0x3c /opt/devkitpro/libctru/lib/libcitro3d.a(buffers.o)
                0x00103208                C3D_SetBufInfo
 .text.C3Di_BufInfoBind
                0x00103244       0x48 /opt/devkitpro/libctru/lib/libcitro3d.a(buffers.o)
                0x00103244                C3Di_BufInfoBind
 .text.C3D_DrawElements
                0x0010328c      0x21c /opt/devkitpro/libctru/lib/libcitro3d.a(drawElements.o)
                0x0010328c                C3D_DrawElements
 .text.C3D_DepthMap
                0x001034a8       0x40 /opt/devkitpro/libctru/lib/libcitro3d.a(effect.o)
                0x001034a8                C3D_DepthMap
 .text.C3D_CullFace
                0x001034e8       0x1c /opt/devkitpro/libctru/lib/libcitro3d.a(effect.o)
                0x001034e8                C3D_CullFace
 .text.C3D_StencilTest
                0x00103504       0x40 /opt/devkitpro/libctru/lib/libcitro3d.a(effect.o)
                0x00103504                C3D_StencilTest
 .text.C3D_StencilOp
                0x00103544       0x24 /opt/devkitpro/libctru/lib/libcitro3d.a(effect.o)
                0x00103544                C3D_StencilOp
 .text.C3D_BlendingColor
                0x00103568       0x1c /opt/devkitpro/libctru/lib/libcitro3d.a(effect.o)
                0x00103568                C3D_BlendingColor
 .text.C3D_EarlyDepthTest
                0x00103584       0x24 /opt/devkitpro/libctru/lib/libcitro3d.a(effect.o)
                0x00103584                C3D_EarlyDepthTest
 .text.C3D_DepthTest
                0x001035a8       0x2c /opt/devkitpro/libctru/lib/libcitro3d.a(effect.o)
                0x001035a8                C3D_DepthTest
 .text.C3D_AlphaTest
                0x001035d4       0x2c /opt/devkitpro/libctru/lib/libcitro3d.a(effect.o)
                0x001035d4                C3D_AlphaTest
 .text.C3D_AlphaBlend
                0x00103600       0x50 /opt/devkitpro/libctru/lib/libcitro3d.a(effect.o)
                0x00103600                C3D_AlphaBlend
 .text.C3D_FragOpMode
                0x00103650       0x30 /opt/devkitpro/libctru/lib/libcitro3d.a(effect.o)
                0x00103650                C3D_FragOpMode
 .text.C3D_FragOpShadow
                0x00103680       0x44 /opt/devkitpro/libctru/lib/libcitro3d.a(effect.o)
                0x00103680                C3D_FragOpShadow
 .text.C3Di_EffectBind
                0x001036c4      0x1ac /opt/devkitpro/libctru/lib/libcitro3d.a(effect.o)
                0x001036c4                C3Di_EffectBind
 .text.C3D_CalcColorBufSize
                0x00103870       0x1c /opt/devkitpro/libctru/lib/libcitro3d.a(framebuffer.o)
                0x00103870                C3D_CalcColorBufSize
 .text.C3D_CalcDepthBufSize
                0x0010388c       0x1c /opt/devkitpro/libctru/lib/libcitro3d.a(framebuffer.o)
                0x0010388c                C3D_CalcDepthBufSize
 .text.C3D_SetFrameBuf
                0x001038a8       0x44 /opt/devkitpro/libctru/lib/libcitro3d.a(framebuffer.o)
                0x001038a8                C3D_SetFrameBuf
 .text.C3Di_FrameBufBind
                0x001038ec      0x16c /opt/devkitpro/libctru/lib/libcitro3d.a(framebuffer.o)
                0x001038ec                C3Di_FrameBufBind
 .text.C3D_FrameBufClear
                0x00103a58       0xc8 /opt/devkitpro/libctru/lib/libcitro3d.a(framebuffer.o)
                0x00103a58                C3D_FrameBufClear
 .text.C3D_FrameBufTransfer
                0x00103b20       0x44 /opt/devkitpro/libctru/lib/libcitro3d.a(framebuffer.o)
                0x00103b20                C3D_FrameBufTransfer
 .text.C3D_ImmSendAttrib
                0x00103b64       0xa8 /opt/devkitpro/libctru/lib/libcitro3d.a(immediate.o)
                0x00103b64                C3D_ImmSendAttrib
 .text.C3D_ProcTexInit
                0x00103c0c       0x70 /opt/devkitpro/libctru/lib/libcitro3d.a(proctex.o)
                0x00103c0c                C3D_ProcTexInit
 .text.C3D_ProcTexBind
                0x00103c7c       0x54 /opt/devkitpro/libctru/lib/libcitro3d.a(proctex.o)
                0x00103c7c                C3D_ProcTexBind
 .text.C3D_ProcTexLutBind
                0x00103cd0       0x5c /opt/devkitpro/libctru/lib/libcitro3d.a(proctex.o)
                0x00103cd0                C3D_ProcTexLutBind
 .text.ProcTexLut_FromArray
                0x00103d2c       0xa4 /opt/devkitpro/libctru/lib/libcitro3d.a(proctex.o)
                0x00103d2c                ProcTexLut_FromArray
 .text.C3Di_ProcTexUpdate
                0x00103dd0      0x178 /opt/devkitpro/libctru/lib/libcitro3d.a(proctex.o)
                0x00103dd0                C3Di_ProcTexUpdate
 .text.C3Di_ProcTexDirty
                0x00103f48       0x68 /opt/devkitpro/libctru/lib/libcitro3d.a(proctex.o)
                0x00103f48                C3Di_ProcTexDirty
 .text.onVBlank0
                0x00103fb0       0x4c /opt/devkitpro/libctru/lib/libcitro3d.a(renderqueue.o)
 .text.onVBlank1
                0x00103ffc       0x4c /opt/devkitpro/libctru/lib/libcitro3d.a(renderqueue.o)
 .text.C3Di_RenderTargetDestroy
                0x00104048       0x80 /opt/devkitpro/libctru/lib/libcitro3d.a(renderqueue.o)
 .text.onQueueFinish
                0x001040c8       0xf4 /opt/devkitpro/libctru/lib/libcitro3d.a(renderqueue.o)
 .text.C3Di_RenderQueueEnableVBlank
                0x001041bc       0x38 /opt/devkitpro/libctru/lib/libcitro3d.a(renderqueue.o)
                0x001041bc                C3Di_RenderQueueEnableVBlank
 .text.C3Di_RenderQueueDisableVBlank
                0x001041f4       0x30 /opt/devkitpro/libctru/lib/libcitro3d.a(renderqueue.o)
                0x001041f4                C3Di_RenderQueueDisableVBlank
 .text.C3Di_RenderQueueInit
                0x00104224       0x60 /opt/devkitpro/libctru/lib/libcitro3d.a(renderqueue.o)
                0x00104224                C3Di_RenderQueueInit
 .text.C3Di_RenderQueueExit
                0x00104284       0xb4 /opt/devkitpro/libctru/lib/libcitro3d.a(renderqueue.o)
                0x00104284                C3Di_RenderQueueExit
 .text.C3Di_RenderQueueWaitDone
                0x00104338       0x34 /opt/devkitpro/libctru/lib/libcitro3d.a(renderqueue.o)
                0x00104338                C3Di_RenderQueueWaitDone
 .text.C3D_FrameBegin
                0x0010436c       0xe8 /opt/devkitpro/libctru/lib/libcitro3d.a(renderqueue.o)
                0x0010436c                C3D_FrameBegin
 .text.C3D_FrameDrawOn
                0x00104454       0x48 /opt/devkitpro/libctru/lib/libcitro3d.a(renderqueue.o)
                0x00104454                C3D_FrameDrawOn
 .text.C3D_FrameSplit
                0x0010449c       0x58 /opt/devkitpro/libctru/lib/libcitro3d.a(renderqueue.o)
                0x0010449c                C3D_FrameSplit
 .text.C3D_FrameEnd
                0x001044f4      0x1d0 /opt/devkitpro/libctru/lib/libcitro3d.a(renderqueue.o)
                0x001044f4                C3D_FrameEnd
 .text.C3D_FrameEndHook
                0x001046c4       0x1c /opt/devkitpro/libctru/lib/libcitro3d.a(renderqueue.o)
                0x001046c4                C3D_FrameEndHook
 .text.C3D_RenderTargetCreate
                0x001046e0      0x170 /opt/devkitpro/libctru/lib/libcitro3d.a(renderqueue.o)
                0x001046e0                C3D_RenderTargetCreate
 .text.C3D_RenderTargetSetOutput
                0x00104850       0xa8 /opt/devkitpro/libctru/lib/libcitro3d.a(renderqueue.o)
                0x00104850                C3D_RenderTargetSetOutput
 .text.C3D_SyncTextureCopy
                0x001048f8       0xfc /opt/devkitpro/libctru/lib/libcitro3d.a(renderqueue.o)
                0x001048f8                C3D_SyncTextureCopy
 .text.Tex3DSi_ImportCommon
                0x001049f4      0x3d8 /opt/devkitpro/libctru/lib/libcitro3d.a(tex3ds.o)
 .text.Tex3DS_TextureImportStdio
                0x00104dcc       0x38 /opt/devkitpro/libctru/lib/libcitro3d.a(tex3ds.o)
                0x00104dcc                Tex3DS_TextureImportStdio
 .text.Tex3DS_GetSubTexture
                0x00104e04       0x1c /opt/devkitpro/libctru/lib/libcitro3d.a(tex3ds.o)
                0x00104e04                Tex3DS_GetSubTexture
 .text.Tex3DS_TextureFree
                0x00104e20        0x4 /opt/devkitpro/libctru/lib/libcitro3d.a(tex3ds.o)
                0x00104e20                Tex3DS_TextureFree
 .text.C3D_GetTexEnv
                0x00104e24       0x34 /opt/devkitpro/libctru/lib/libcitro3d.a(texenv.o)
                0x00104e24                C3D_GetTexEnv
 .text.C3Di_TexEnvBind
                0x00104e58       0x24 /opt/devkitpro/libctru/lib/libcitro3d.a(texenv.o)
                0x00104e58                C3Di_TexEnvBind
 .text.C3D_TexInitWithParams
                0x00104e7c      0x290 /opt/devkitpro/libctru/lib/libcitro3d.a(texture.o)
                0x00104e7c                C3D_TexInitWithParams
 .text.C3D_TexLoadImage
                0x0010510c       0xc8 /opt/devkitpro/libctru/lib/libcitro3d.a(texture.o)
                0x0010510c                C3D_TexLoadImage
 .text.C3D_TexBind
                0x001051d4       0x44 /opt/devkitpro/libctru/lib/libcitro3d.a(texture.o)
                0x001051d4                C3D_TexBind
 .text.C3D_TexDelete
                0x00105218       0x74 /opt/devkitpro/libctru/lib/libcitro3d.a(texture.o)
                0x00105218                C3D_TexDelete
 .text.C3Di_SetTex
                0x0010528c      0x14c /opt/devkitpro/libctru/lib/libcitro3d.a(texture.o)
                0x0010528c                C3Di_SetTex
 .text.C3D_UpdateUniforms
                0x001053d8      0x290 /opt/devkitpro/libctru/lib/libcitro3d.a(uniforms.o)
                0x001053d8                C3D_UpdateUniforms
 .text.C3Di_DirtyUniforms
                0x00105668       0xc0 /opt/devkitpro/libctru/lib/libcitro3d.a(uniforms.o)
                0x00105668                C3Di_DirtyUniforms
 .text.C3Di_LoadShaderUniforms
                0x00105728       0xd8 /opt/devkitpro/libctru/lib/libcitro3d.a(uniforms.o)
                0x00105728                C3Di_LoadShaderUniforms
 .text.C3Di_ClearShaderUniforms
                0x00105800       0x28 /opt/devkitpro/libctru/lib/libcitro3d.a(uniforms.o)
                0x00105800                C3Di_ClearShaderUniforms
 .text.Mtx_Ortho
                0x00105828       0xcc /opt/devkitpro/libctru/lib/libcitro3d.a(mtx_ortho.o)
                0x00105828                Mtx_Ortho
 .text.Mtx_OrthoTilt
                0x001058f4       0xcc /opt/devkitpro/libctru/lib/libcitro3d.a(mtx_orthotilt.o)
                0x001058f4                Mtx_OrthoTilt
 .text._ZL21addrMapNodeComparatorPK11rbtree_nodeS1_
                0x001059c0       0x24 /opt/devkitpro/libctru/lib/libctru.a(linear.o)
 .text._ZL21addrMapNodeDestructorP11rbtree_node
                0x001059e4        0x4 /opt/devkitpro/libctru/lib/libctru.a(linear.o)
 .text.linearMemAlign
                0x001059e8      0x120 /opt/devkitpro/libctru/lib/libctru.a(linear.o)
                0x001059e8                linearMemAlign
 .text.linearAlloc
                0x00105b08        0x8 /opt/devkitpro/libctru/lib/libctru.a(linear.o)
                0x00105b08                linearAlloc
 .text.linearFree
                0x00105b10       0x5c /opt/devkitpro/libctru/lib/libctru.a(linear.o)
                0x00105b10                linearFree
 .text._ZN7MemPool13CoalesceRightEP8MemBlock
                0x00105b6c       0x80 /opt/devkitpro/libctru/lib/libctru.a(mem_pool.o)
                0x00105b6c                MemPool::CoalesceRight(MemBlock*)
 .text._ZN7MemPool8AllocateER8MemChunkmi
                0x00105bec      0x16c /opt/devkitpro/libctru/lib/libctru.a(mem_pool.o)
                0x00105bec                MemPool::Allocate(MemChunk&, unsigned long, int)
 .text._ZN7MemPool10DeallocateERK8MemChunk
                0x00105d58       0xfc /opt/devkitpro/libctru/lib/libctru.a(mem_pool.o)
                0x00105d58                MemPool::Deallocate(MemChunk const&)
 .text._ZN7MemPool12GetFreeSpaceEv
                0x00105e54       0x30 /opt/devkitpro/libctru/lib/libctru.a(mem_pool.o)
                0x00105e54                MemPool::GetFreeSpace()
 .text._ZL21addrMapNodeComparatorPK11rbtree_nodeS1_
                0x00105e84       0x24 /opt/devkitpro/libctru/lib/libctru.a(vram.o)
 .text._ZL21addrMapNodeDestructorP11rbtree_node
                0x00105ea8        0x4 /opt/devkitpro/libctru/lib/libctru.a(vram.o)
 .text.vramMemAlignAt
                0x00105eac      0x24c /opt/devkitpro/libctru/lib/libctru.a(vram.o)
                0x00105eac                vramMemAlignAt
 .text.vramAlloc
                0x001060f8        0xc /opt/devkitpro/libctru/lib/libctru.a(vram.o)
                0x001060f8                vramAlloc
 .text.vramAllocAt
                0x00106104        0xc /opt/devkitpro/libctru/lib/libctru.a(vram.o)
                0x00106104                vramAllocAt
 .text.vramFree
                0x00106110       0x90 /opt/devkitpro/libctru/lib/libctru.a(vram.o)
                0x00106110                vramFree
 .text.gfxPresentFramebuffer
                0x001061a0       0xd0 /opt/devkitpro/libctru/lib/libctru.a(gfx.o)
 .text.gfxIsWide
                0x00106270       0x1c /opt/devkitpro/libctru/lib/libctru.a(gfx.o)
                0x00106270                gfxIsWide
 .text.gfxSetScreenFormat
                0x0010628c       0xec /opt/devkitpro/libctru/lib/libctru.a(gfx.o)
                0x0010628c                gfxSetScreenFormat
 .text.gfxInit  0x00106378       0xe0 /opt/devkitpro/libctru/lib/libctru.a(gfx.o)
                0x00106378                gfxInit
 .text.gfxInitDefault
                0x00106458       0x10 /opt/devkitpro/libctru/lib/libctru.a(gfx.o)
                0x00106458                gfxInitDefault
 .text.gfxExit  0x00106468       0xb4 /opt/devkitpro/libctru/lib/libctru.a(gfx.o)
                0x00106468                gfxExit
 .text.gfxGetFramebuffer
                0x0010651c       0xa0 /opt/devkitpro/libctru/lib/libctru.a(gfx.o)
                0x0010651c                gfxGetFramebuffer
 .text.gfxScreenSwapBuffers
                0x001065bc       0x30 /opt/devkitpro/libctru/lib/libctru.a(gfx.o)
                0x001065bc                gfxScreenSwapBuffers
 .text.osConvertVirtToPhys
                0x001065ec       0x74 /opt/devkitpro/libctru/lib/libctru.a(os.o)
                0x001065ec                osConvertVirtToPhys
 .text.osGetTimeRef
                0x00106660       0x54 /opt/devkitpro/libctru/lib/libctru.a(os.o)
                0x00106660                osGetTimeRef
 .text.osGetTime
                0x001066b4       0xec /opt/devkitpro/libctru/lib/libctru.a(os.o)
                0x001066b4                osGetTime
 .text.__ctru_speedup_config
                0x001067a0       0x34 /opt/devkitpro/libctru/lib/libctru.a(os.o)
                0x001067a0                __ctru_speedup_config
 .text.romfs_close
                0x001067d4        0x8 /opt/devkitpro/libctru/lib/libctru.a(romfs_dev.o)
 .text.romfs_seek
                0x001067dc       0xc4 /opt/devkitpro/libctru/lib/libctru.a(romfs_dev.o)
 .text.romfs_dirreset
                0x001068a0       0x24 /opt/devkitpro/libctru/lib/libctru.a(romfs_dev.o)
 .text.fill_dir
                0x001068c4       0xc8 /opt/devkitpro/libctru/lib/libctru.a(romfs_dev.o)
 .text.romfs_dirnext
                0x0010698c      0x2a8 /opt/devkitpro/libctru/lib/libctru.a(romfs_dev.o)
 .text.romfs_free
                0x00106c34       0x84 /opt/devkitpro/libctru/lib/libctru.a(romfs_dev.o)
 .text.searchForFile.constprop.0
                0x00106cb8       0xd4 /opt/devkitpro/libctru/lib/libctru.a(romfs_dev.o)
 .text.searchForDir.constprop.0
                0x00106d8c       0xd8 /opt/devkitpro/libctru/lib/libctru.a(romfs_dev.o)
 .text.navigateToDir.constprop.0
                0x00106e64      0x1c0 /opt/devkitpro/libctru/lib/libctru.a(romfs_dev.o)
 .text.romfs_open
                0x00107024      0x10c /opt/devkitpro/libctru/lib/libctru.a(romfs_dev.o)
 .text.romfs_chdir
                0x00107130       0x4c /opt/devkitpro/libctru/lib/libctru.a(romfs_dev.o)
 .text.romfs_diropen
                0x0010717c       0x70 /opt/devkitpro/libctru/lib/libctru.a(romfs_dev.o)
 .text.romfs_stat
                0x001071ec      0x174 /opt/devkitpro/libctru/lib/libctru.a(romfs_dev.o)
 .text.romfs_dirclose
                0x00107360        0x8 /opt/devkitpro/libctru/lib/libctru.a(romfs_dev.o)
 .text.romfs_fstat
                0x00107368       0x84 /opt/devkitpro/libctru/lib/libctru.a(romfs_dev.o)
 .text.romfs_read
                0x001073ec       0xd0 /opt/devkitpro/libctru/lib/libctru.a(romfs_dev.o)
 .text.romfsMountFromFile
                0x001074bc      0x28c /opt/devkitpro/libctru/lib/libctru.a(romfs_dev.o)
                0x001074bc                romfsMountFromFile
 .text.romfsMountFromCurrentProcess
                0x00107748       0x98 /opt/devkitpro/libctru/lib/libctru.a(romfs_dev.o)
                0x00107748                romfsMountFromCurrentProcess
 .text.romfsMountSelf
                0x001077e0      0x260 /opt/devkitpro/libctru/lib/libctru.a(romfs_dev.o)
                0x001077e0                romfsMountSelf
 .text.GPUCMD_Add
                0x00107a40      0x13c /opt/devkitpro/libctru/lib/libctru.a(gpu.o)
                0x00107a40                GPUCMD_Add
 .text.GPUCMD_Split
                0x00107b7c       0xb0 /opt/devkitpro/libctru/lib/libctru.a(gpu.o)
                0x00107b7c                GPUCMD_Split
 .text.f32tof16
                0x00107c2c       0x34 /opt/devkitpro/libctru/lib/libctru.a(gpu.o)
                0x00107c2c                f32tof16
 .text.f32tof24
                0x00107c60       0x34 /opt/devkitpro/libctru/lib/libctru.a(gpu.o)
                0x00107c60                f32tof24
 .text.f32tof31
                0x00107c94       0x38 /opt/devkitpro/libctru/lib/libctru.a(gpu.o)
                0x00107c94                f32tof31
 .text.GX_BindQueue
                0x00107ccc       0x10 /opt/devkitpro/libctru/lib/libctru.a(gx.o)
                0x00107ccc                GX_BindQueue
 .text.GX_ProcessCommandList
                0x00107cdc       0x78 /opt/devkitpro/libctru/lib/libctru.a(gx.o)
                0x00107cdc                GX_ProcessCommandList
 .text.GX_MemoryFill
                0x00107d54       0x74 /opt/devkitpro/libctru/lib/libctru.a(gx.o)
                0x00107d54                GX_MemoryFill
 .text.GX_DisplayTransfer
                0x00107dc8       0x70 /opt/devkitpro/libctru/lib/libctru.a(gx.o)
                0x00107dc8                GX_DisplayTransfer
 .text.GX_TextureCopy
                0x00107e38       0x74 /opt/devkitpro/libctru/lib/libctru.a(gx.o)
                0x00107e38                GX_TextureCopy
 .text.gxCmdQueueDoCommands.part.0
                0x00107eac       0x68 /opt/devkitpro/libctru/lib/libctru.a(gxqueue.o)
 .text.gxCmdQueueInterrupt
                0x00107f14       0xc8 /opt/devkitpro/libctru/lib/libctru.a(gxqueue.o)
                0x00107f14                gxCmdQueueInterrupt
 .text.gxCmdQueueClear
                0x00107fdc       0x4c /opt/devkitpro/libctru/lib/libctru.a(gxqueue.o)
                0x00107fdc                gxCmdQueueClear
 .text.gxCmdQueueAdd
                0x00108028       0xf8 /opt/devkitpro/libctru/lib/libctru.a(gxqueue.o)
                0x00108028                gxCmdQueueAdd
 .text.gxCmdQueueRun
                0x00108120       0x80 /opt/devkitpro/libctru/lib/libctru.a(gxqueue.o)
                0x00108120                gxCmdQueueRun
 .text.gxCmdQueueStop
                0x001081a0       0x60 /opt/devkitpro/libctru/lib/libctru.a(gxqueue.o)
                0x001081a0                gxCmdQueueStop
 .text.gxCmdQueueWait
                0x00108200       0x8c /opt/devkitpro/libctru/lib/libctru.a(gxqueue.o)
                0x00108200                gxCmdQueueWait
 .text.shaderInstanceInit
                0x0010828c      0x1d0 /opt/devkitpro/libctru/lib/libctru.a(shaderProgram.o)
                0x0010828c                shaderInstanceInit
 .text.shaderInstanceGetUniformLocation
                0x0010845c       0x18 /opt/devkitpro/libctru/lib/libctru.a(shaderProgram.o)
                0x0010845c                shaderInstanceGetUniformLocation
 .text.shaderProgramInit
                0x00108474       0x1c /opt/devkitpro/libctru/lib/libctru.a(shaderProgram.o)
                0x00108474                shaderProgramInit
 .text.shaderProgramFree
                0x00108490       0x64 /opt/devkitpro/libctru/lib/libctru.a(shaderProgram.o)
                0x00108490                shaderProgramFree
 .text.shaderProgramSetVsh
                0x001084f4       0x80 /opt/devkitpro/libctru/lib/libctru.a(shaderProgram.o)
                0x001084f4                shaderProgramSetVsh
 .text.shaderProgramConfigure
                0x00108574      0x8e0 /opt/devkitpro/libctru/lib/libctru.a(shaderProgram.o)
                0x00108574                shaderProgramConfigure
 .text.DVLE_GenerateOutmap.part.0
                0x00108e54      0x1cc /opt/devkitpro/libctru/lib/libctru.a(shbin.o)
 .text.DVLB_ParseFile
                0x00109020      0x1b4 /opt/devkitpro/libctru/lib/libctru.a(shbin.o)
                0x00109020                DVLB_ParseFile
 .text.DVLB_Free
                0x001091d4       0x38 /opt/devkitpro/libctru/lib/libctru.a(shbin.o)
                0x001091d4                DVLB_Free
 .text.DVLE_GetUniformRegister
                0x0010920c       0x74 /opt/devkitpro/libctru/lib/libctru.a(shbin.o)
                0x0010920c                DVLE_GetUniformRegister
 .text.aptConvertScreenForCapture
                0x00109280      0x1ac /opt/devkitpro/libctru/lib/libctru.a(apt.o)
 .text.aptDspSleep
                0x0010942c        0x8 /opt/devkitpro/libctru/lib/libctru.a(apt.o)
                0x0010942c                aptDspSleep
 .text.aptDspWakeup
                0x00109434        0x4 /opt/devkitpro/libctru/lib/libctru.a(apt.o)
                0x00109434                aptDspWakeup
 .text.aptDspCancel
                0x00109438        0x4 /opt/devkitpro/libctru/lib/libctru.a(apt.o)
                0x00109438                aptDspCancel
 .text.aptSendCommand
                0x0010943c      0x158 /opt/devkitpro/libctru/lib/libctru.a(apt.o)
                0x0010943c                aptSendCommand
 *fill*         0x00109594        0x4 
 .text.aptExitProcess
                0x00109598       0x44 /opt/devkitpro/libctru/lib/libctru.a(apt.o)
 .text.aptExit  0x001095dc      0x38c /opt/devkitpro/libctru/lib/libctru.a(apt.o)
                0x001095dc                aptExit
 .text.aptHandleSleep
                0x00109968       0xe0 /opt/devkitpro/libctru/lib/libctru.a(apt.o)
                0x00109968                aptHandleSleep
 .text.aptHook  0x00109a48       0x30 /opt/devkitpro/libctru/lib/libctru.a(apt.o)
                0x00109a48                aptHook
 .text.aptUnhook
                0x00109a78       0x30 /opt/devkitpro/libctru/lib/libctru.a(apt.o)
                0x00109a78                aptUnhook
 .text.APT_SleepIfShellClosed
                0x00109aa8       0x84 /opt/devkitpro/libctru/lib/libctru.a(apt.o)
                0x00109aa8                APT_SleepIfShellClosed
 .text.aptSetSleepAllowed
                0x00109b2c       0x84 /opt/devkitpro/libctru/lib/libctru.a(apt.o)
                0x00109b2c                aptSetSleepAllowed
 .text.APT_UnlockTransition
                0x00109bb0       0x84 /opt/devkitpro/libctru/lib/libctru.a(apt.o)
                0x00109bb0                APT_UnlockTransition
 *fill*         0x00109c34        0x4 
 .text.aptEventHandler
                0x00109c38      0x4a4 /opt/devkitpro/libctru/lib/libctru.a(apt.o)
 .text.APT_ReceiveParameter
                0x0010a0dc       0xb0 /opt/devkitpro/libctru/lib/libctru.a(apt.o)
                0x0010a0dc                APT_ReceiveParameter
 .text.aptReceiveParameter.constprop.0
                0x0010a18c       0xac /opt/devkitpro/libctru/lib/libctru.a(apt.o)
 .text.aptScreenTransfer
                0x0010a238      0x2ac /opt/devkitpro/libctru/lib/libctru.a(apt.o)
 .text.aptWaitForWakeUp.isra.0
                0x0010a4e4      0x320 /opt/devkitpro/libctru/lib/libctru.a(apt.o)
 .text.aptJumpToHomeMenu
                0x0010a804       0xf8 /opt/devkitpro/libctru/lib/libctru.a(apt.o)
                0x0010a804                aptJumpToHomeMenu
 .text.aptMainLoop
                0x0010a8fc       0x48 /opt/devkitpro/libctru/lib/libctru.a(apt.o)
                0x0010a8fc                aptMainLoop
 .text.aptInit  0x0010a944      0x22c /opt/devkitpro/libctru/lib/libctru.a(apt.o)
                0x0010a944                aptInit
 .text.APT_CheckNew3DS
                0x0010ab70       0x7c /opt/devkitpro/libctru/lib/libctru.a(apt.o)
                0x0010ab70                APT_CheckNew3DS
 .text.fsInit   0x0010abec       0xcc /opt/devkitpro/libctru/lib/libctru.a(fs.o)
                0x0010abec                fsInit
 .text.fsExit   0x0010acb8       0x3c /opt/devkitpro/libctru/lib/libctru.a(fs.o)
                0x0010acb8                fsExit
 .text.fsExemptFromSession
                0x0010acf4       0x60 /opt/devkitpro/libctru/lib/libctru.a(fs.o)
                0x0010acf4                fsExemptFromSession
 .text.fsUnexemptFromSession
                0x0010ad54       0x50 /opt/devkitpro/libctru/lib/libctru.a(fs.o)
                0x0010ad54                fsUnexemptFromSession
 .text.FSUSER_OpenFile
                0x0010ada4       0xcc /opt/devkitpro/libctru/lib/libctru.a(fs.o)
                0x0010ada4                FSUSER_OpenFile
 .text.FSUSER_OpenFileDirectly
                0x0010ae70       0xd4 /opt/devkitpro/libctru/lib/libctru.a(fs.o)
                0x0010ae70                FSUSER_OpenFileDirectly
 .text.FSUSER_DeleteFile
                0x0010af44       0xbc /opt/devkitpro/libctru/lib/libctru.a(fs.o)
                0x0010af44                FSUSER_DeleteFile
 .text.FSUSER_RenameFile
                0x0010b000       0xf8 /opt/devkitpro/libctru/lib/libctru.a(fs.o)
                0x0010b000                FSUSER_RenameFile
 .text.FSUSER_DeleteDirectory
                0x0010b0f8       0xbc /opt/devkitpro/libctru/lib/libctru.a(fs.o)
                0x0010b0f8                FSUSER_DeleteDirectory
 .text.FSUSER_CreateFile
                0x0010b1b4       0xd4 /opt/devkitpro/libctru/lib/libctru.a(fs.o)
                0x0010b1b4                FSUSER_CreateFile
 .text.FSUSER_CreateDirectory
                0x0010b288       0xc4 /opt/devkitpro/libctru/lib/libctru.a(fs.o)
                0x0010b288                FSUSER_CreateDirectory
 .text.FSUSER_RenameDirectory
                0x0010b34c       0xf8 /opt/devkitpro/libctru/lib/libctru.a(fs.o)
                0x0010b34c                FSUSER_RenameDirectory
 .text.FSUSER_OpenDirectory
                0x0010b444       0xb4 /opt/devkitpro/libctru/lib/libctru.a(fs.o)
                0x0010b444                FSUSER_OpenDirectory
 .text.FSUSER_OpenArchive
                0x0010b4f8       0x94 /opt/devkitpro/libctru/lib/libctru.a(fs.o)
                0x0010b4f8                FSUSER_OpenArchive
 .text.FSUSER_CloseArchive
                0x0010b58c       0x8c /opt/devkitpro/libctru/lib/libctru.a(fs.o)
                0x0010b58c                FSUSER_CloseArchive
 .text.FSUSER_GetSdmcArchiveResource
                0x0010b618       0x74 /opt/devkitpro/libctru/lib/libctru.a(fs.o)
                0x0010b618                FSUSER_GetSdmcArchiveResource
 .text.FSUSER_IsSdmcWritable
                0x0010b68c       0x64 /opt/devkitpro/libctru/lib/libctru.a(fs.o)
                0x0010b68c                FSUSER_IsSdmcWritable
 .text.FSFILE_Read
                0x0010b6f0       0x58 /opt/devkitpro/libctru/lib/libctru.a(fs.o)
                0x0010b6f0                FSFILE_Read
 .text.FSFILE_Write
                0x0010b748       0x60 /opt/devkitpro/libctru/lib/libctru.a(fs.o)
                0x0010b748                FSFILE_Write
 .text.FSFILE_GetSize
                0x0010b7a8       0x38 /opt/devkitpro/libctru/lib/libctru.a(fs.o)
                0x0010b7a8                FSFILE_GetSize
 .text.FSFILE_SetSize
                0x0010b7e0       0x28 /opt/devkitpro/libctru/lib/libctru.a(fs.o)
                0x0010b7e0                FSFILE_SetSize
 .text.FSFILE_Close
                0x0010b808       0x3c /opt/devkitpro/libctru/lib/libctru.a(fs.o)
                0x0010b808                FSFILE_Close
 .text.FSFILE_Flush
                0x0010b844       0x24 /opt/devkitpro/libctru/lib/libctru.a(fs.o)
                0x0010b844                FSFILE_Flush
 .text.FSDIR_Read
                0x0010b868       0x50 /opt/devkitpro/libctru/lib/libctru.a(fs.o)
                0x0010b868                FSDIR_Read
 .text.FSDIR_Close
                0x0010b8b8       0x3c /opt/devkitpro/libctru/lib/libctru.a(fs.o)
                0x0010b8b8                FSDIR_Close
 .text.gspHardwareInit
                0x0010b8f4      0xc64 /opt/devkitpro/libctru/lib/libctru.a(gspgpu.o)
 .text.gspInit  0x0010c558      0x248 /opt/devkitpro/libctru/lib/libctru.a(gspgpu.o)
                0x0010c558                gspInit
 .text.gspExit  0x0010c7a0       0xf0 /opt/devkitpro/libctru/lib/libctru.a(gspgpu.o)
                0x0010c7a0                gspExit
 .text.gspHasGpuRight
                0x0010c890       0x10 /opt/devkitpro/libctru/lib/libctru.a(gspgpu.o)
                0x0010c890                gspHasGpuRight
 .text.gspPresentBuffer
                0x0010c8a0       0xa0 /opt/devkitpro/libctru/lib/libctru.a(gspgpu.o)
                0x0010c8a0                gspPresentBuffer
 .text.gspSetEventCallback
                0x0010c940       0x30 /opt/devkitpro/libctru/lib/libctru.a(gspgpu.o)
                0x0010c940                gspSetEventCallback
 .text.gspWaitForEvent
                0x0010c970       0x44 /opt/devkitpro/libctru/lib/libctru.a(gspgpu.o)
                0x0010c970                gspWaitForEvent
 .text.gspWaitForAnyEvent
                0x0010c9b4       0x4c /opt/devkitpro/libctru/lib/libctru.a(gspgpu.o)
                0x0010c9b4                gspWaitForAnyEvent
 .text.gspEventThreadMain
                0x0010ca00      0x158 /opt/devkitpro/libctru/lib/libctru.a(gspgpu.o)
 .text.gspSubmitGxCommand
                0x0010cb58      0x130 /opt/devkitpro/libctru/lib/libctru.a(gspgpu.o)
                0x0010cb58                gspSubmitGxCommand
 .text.GSPGPU_FlushDataCache
                0x0010cc88       0x50 /opt/devkitpro/libctru/lib/libctru.a(gspgpu.o)
                0x0010cc88                GSPGPU_FlushDataCache
 .text.GSPGPU_SetLcdForceBlack
                0x0010ccd8       0x34 /opt/devkitpro/libctru/lib/libctru.a(gspgpu.o)
                0x0010ccd8                GSPGPU_SetLcdForceBlack
 .text.GSPGPU_AcquireRight
                0x0010cd0c       0x68 /opt/devkitpro/libctru/lib/libctru.a(gspgpu.o)
                0x0010cd0c                GSPGPU_AcquireRight
 .text.GSPGPU_ReleaseRight
                0x0010cd74       0x48 /opt/devkitpro/libctru/lib/libctru.a(gspgpu.o)
                0x0010cd74                GSPGPU_ReleaseRight
 .text.GSPGPU_ImportDisplayCaptureInfo
                0x0010cdbc       0x7c /opt/devkitpro/libctru/lib/libctru.a(gspgpu.o)
                0x0010cdbc                GSPGPU_ImportDisplayCaptureInfo
 .text.GSPGPU_SaveVramSysArea
                0x0010ce38       0x2c /opt/devkitpro/libctru/lib/libctru.a(gspgpu.o)
                0x0010ce38                GSPGPU_SaveVramSysArea
 .text.GSPGPU_RestoreVramSysArea
                0x0010ce64       0x2c /opt/devkitpro/libctru/lib/libctru.a(gspgpu.o)
                0x0010ce64                GSPGPU_RestoreVramSysArea
 .text.hidShouldUseIrrst
                0x0010ce90       0x24 /opt/devkitpro/libctru/lib/libctru.a(hid.o)
                0x0010ce90                hidShouldUseIrrst
 .text.hidInit  0x0010ceb4      0x18c /opt/devkitpro/libctru/lib/libctru.a(hid.o)
                0x0010ceb4                hidInit
 .text.hidExit  0x0010d040       0xe8 /opt/devkitpro/libctru/lib/libctru.a(hid.o)
                0x0010d040                hidExit
 .text.hidScanInput
                0x0010d128      0x2a4 /opt/devkitpro/libctru/lib/libctru.a(hid.o)
                0x0010d128                hidScanInput
 .text.hidKeysDown
                0x0010d3cc       0x10 /opt/devkitpro/libctru/lib/libctru.a(hid.o)
                0x0010d3cc                hidKeysDown
 .text.irrstInit
                0x0010d3dc      0x160 /opt/devkitpro/libctru/lib/libctru.a(irrst.o)
                0x0010d3dc                irrstInit
 .text.irrstExit
                0x0010d53c       0xcc /opt/devkitpro/libctru/lib/libctru.a(irrst.o)
                0x0010d53c                irrstExit
 .text.irrstScanInput
                0x0010d608       0xb4 /opt/devkitpro/libctru/lib/libctru.a(irrst.o)
                0x0010d608                irrstScanInput
 .text.irrstKeysHeld
                0x0010d6bc       0x24 /opt/devkitpro/libctru/lib/libctru.a(irrst.o)
                0x0010d6bc                irrstKeysHeld
 .text.ptmSysmInit
                0x0010d6e0       0x74 /opt/devkitpro/libctru/lib/libctru.a(ptmsysm.o)
                0x0010d6e0                ptmSysmInit
 .text.ptmSysmExit
                0x0010d754       0x3c /opt/devkitpro/libctru/lib/libctru.a(ptmsysm.o)
                0x0010d754                ptmSysmExit
 .text.PTMSYSM_ConfigureNew3DSCPU
                0x0010d790       0x34 /opt/devkitpro/libctru/lib/libctru.a(ptmsysm.o)
                0x0010d790                PTMSYSM_ConfigureNew3DSCPU
 .text.buffer_read
                0x0010d7c4       0xc4 /opt/devkitpro/libctru/lib/libctru.a(decompress.o)
 .text.iov_read
                0x0010d888       0xcc /opt/devkitpro/libctru/lib/libctru.a(decompress.o)
 .text.iov_memmove
                0x0010d954      0x148 /opt/devkitpro/libctru/lib/libctru.a(decompress.o)
 .text.decompress_rle
                0x0010da9c      0x1dc /opt/devkitpro/libctru/lib/libctru.a(decompress.o)
 .text.decompress_lzss
                0x0010dc78      0x244 /opt/devkitpro/libctru/lib/libctru.a(decompress.o)
 .text.decompress_lz11
                0x0010debc      0x428 /opt/devkitpro/libctru/lib/libctru.a(decompress.o)
 .text.decompress_huff
                0x0010e2e4      0x2d4 /opt/devkitpro/libctru/lib/libctru.a(decompress.o)
 .text.decompressCallback_Stdio
                0x0010e5b8       0x10 /opt/devkitpro/libctru/lib/libctru.a(decompress.o)
                0x0010e5b8                decompressCallback_Stdio
 .text.decompressHeader
                0x0010e5c8       0xdc /opt/devkitpro/libctru/lib/libctru.a(decompress.o)
                0x0010e5c8                decompressHeader
 .text.decompressV
                0x0010e6a4      0x240 /opt/devkitpro/libctru/lib/libctru.a(decompress.o)
                0x0010e6a4                decompressV
 .text.rbtree_find
                0x0010e8e4       0x74 /opt/devkitpro/libctru/lib/libctru.a(rbtree_find.o)
                0x0010e8e4                rbtree_find
 .text.rbtree_init
                0x0010e958       0x10 /opt/devkitpro/libctru/lib/libctru.a(rbtree_init.o)
                0x0010e958                rbtree_init
 .text.do_insert
                0x0010e968      0x1b0 /opt/devkitpro/libctru/lib/libctru.a(rbtree_insert.o)
 .text.rbtree_insert
                0x0010eb18        0x8 /opt/devkitpro/libctru/lib/libctru.a(rbtree_insert.o)
                0x0010eb18                rbtree_insert
 .text.rbtree_remove
                0x0010eb20      0x318 /opt/devkitpro/libctru/lib/libctru.a(rbtree_remove.o)
                0x0010eb20                rbtree_remove
 .text.rbtree_rotate
                0x0010ee38       0x90 /opt/devkitpro/libctru/lib/libctru.a(rbtree_rotate.o)
                0x0010ee38                rbtree_rotate
 .text.utf16_to_utf8
                0x0010eec8       0xe8 /opt/devkitpro/libctru/lib/libctru.a(utf16_to_utf8.o)
                0x0010eec8                utf16_to_utf8
 .text.utf8_to_utf16
                0x0010efb0       0xc0 /opt/devkitpro/libctru/lib/libctru.a(utf8_to_utf16.o)
                0x0010efb0                utf8_to_utf16
 .text.__system_allocateHeaps
                0x0010f070      0x1e0 /opt/devkitpro/libctru/lib/libctru.a(allocateHeaps.o)
                0x0010f070                __system_allocateHeaps
 .text.__libctru_init
                0x0010f250       0x38 /opt/devkitpro/libctru/lib/libctru.a(ctru_init.o)
                0x0010f250                __libctru_init
 .text.__system_initArgv
                0x0010f288      0x170 /opt/devkitpro/libctru/lib/libctru.a(initArgv.o)
                0x0010f288                __system_initArgv
 .text.__syscall_getreent
                0x0010f3f8       0x30 /opt/devkitpro/libctru/lib/libctru.a(syscalls.o)
                0x0010f3f8                __syscall_getreent
 .text.__syscall_gettod_r
                0x0010f428       0x64 /opt/devkitpro/libctru/lib/libctru.a(syscalls.o)
                0x0010f428                __syscall_gettod_r
 .text.__syscall_lock_acquire
                0x0010f48c        0x4 /opt/devkitpro/libctru/lib/libctru.a(syscalls.o)
                0x0010f48c                __syscall_lock_acquire
 .text.__syscall_lock_release
                0x0010f490        0x4 /opt/devkitpro/libctru/lib/libctru.a(syscalls.o)
                0x0010f490                __syscall_lock_release
 .text.__syscall_lock_acquire_recursive
                0x0010f494        0x4 /opt/devkitpro/libctru/lib/libctru.a(syscalls.o)
                0x0010f494                __syscall_lock_acquire_recursive
 .text.__syscall_lock_release_recursive
                0x0010f498        0x4 /opt/devkitpro/libctru/lib/libctru.a(syscalls.o)
                0x0010f498                __syscall_lock_release_recursive
 .text.__syscall_exit
                0x0010f49c        0x4 /opt/devkitpro/libctru/lib/libctru.a(syscalls.o)
                0x0010f49c                __syscall_exit
 .text.initThreadVars
                0x0010f4a0       0x50 /opt/devkitpro/libctru/lib/libctru.a(syscalls.o)
                0x0010f4a0                initThreadVars
 .text.__system_initSyscalls
                0x0010f4f0       0x80 /opt/devkitpro/libctru/lib/libctru.a(syscalls.o)
                0x0010f4f0                __system_initSyscalls
 .text.svcControlMemory
                0x0010f570       0x20 /opt/devkitpro/libctru/lib/libctru.a(svc.o)
                0x0010f570                svcControlMemory
 .text.svcQueryMemory
                0x0010f590       0x30 /opt/devkitpro/libctru/lib/libctru.a(svc.o)
                0x0010f590                svcQueryMemory
 .text.svcExitProcess
                0x0010f5c0        0x8 /opt/devkitpro/libctru/lib/libctru.a(svc.o)
                0x0010f5c0                svcExitProcess
 .text.svcCreateThread
                0x0010f5c8       0x20 /opt/devkitpro/libctru/lib/libctru.a(svc.o)
                0x0010f5c8                svcCreateThread
 .text.svcExitThread
                0x0010f5e8        0x8 /opt/devkitpro/libctru/lib/libctru.a(svc.o)
                0x0010f5e8                svcExitThread
 .text.svcSleepThread
                0x0010f5f0        0x8 /opt/devkitpro/libctru/lib/libctru.a(svc.o)
                0x0010f5f0                svcSleepThread
 .text.svcReleaseMutex
                0x0010f5f8        0x8 /opt/devkitpro/libctru/lib/libctru.a(svc.o)
                0x0010f5f8                svcReleaseMutex
 .text.svcCreateEvent
                0x0010f600       0x14 /opt/devkitpro/libctru/lib/libctru.a(svc.o)
                0x0010f600                svcCreateEvent
 .text.svcSignalEvent
                0x0010f614        0x8 /opt/devkitpro/libctru/lib/libctru.a(svc.o)
                0x0010f614                svcSignalEvent
 .text.svcClearEvent
                0x0010f61c        0x8 /opt/devkitpro/libctru/lib/libctru.a(svc.o)
                0x0010f61c                svcClearEvent
 .text.svcMapMemoryBlock
                0x0010f624        0x8 /opt/devkitpro/libctru/lib/libctru.a(svc.o)
                0x0010f624                svcMapMemoryBlock
 .text.svcUnmapMemoryBlock
                0x0010f62c        0x8 /opt/devkitpro/libctru/lib/libctru.a(svc.o)
                0x0010f62c                svcUnmapMemoryBlock
 .text.svcCreateAddressArbiter
                0x0010f634       0x14 /opt/devkitpro/libctru/lib/libctru.a(svc.o)
                0x0010f634                svcCreateAddressArbiter
 .text.svcArbitrateAddressNoTimeout
                0x0010f648        0x8 /opt/devkitpro/libctru/lib/libctru.a(svc.o)
                0x0010f648                svcArbitrateAddressNoTimeout
 .text.svcCloseHandle
                0x0010f650        0x8 /opt/devkitpro/libctru/lib/libctru.a(svc.o)
                0x0010f650                svcCloseHandle
 .text.svcWaitSynchronization
                0x0010f658        0x8 /opt/devkitpro/libctru/lib/libctru.a(svc.o)
                0x0010f658                svcWaitSynchronization
 .text.svcWaitSynchronizationN
                0x0010f660       0x28 /opt/devkitpro/libctru/lib/libctru.a(svc.o)
                0x0010f660                svcWaitSynchronizationN
 .text.svcDuplicateHandle
                0x0010f688       0x14 /opt/devkitpro/libctru/lib/libctru.a(svc.o)
                0x0010f688                svcDuplicateHandle
 .text.svcGetSystemTick
                0x0010f69c        0x8 /opt/devkitpro/libctru/lib/libctru.a(svc.o)
                0x0010f69c                svcGetSystemTick
 .text.svcConnectToPort
                0x0010f6a4       0x14 /opt/devkitpro/libctru/lib/libctru.a(svc.o)
                0x0010f6a4                svcConnectToPort
 .text.svcSendSyncRequest
                0x0010f6b8        0x8 /opt/devkitpro/libctru/lib/libctru.a(svc.o)
                0x0010f6b8                svcSendSyncRequest
 .text.svcGetResourceLimit
                0x0010f6c0       0x14 /opt/devkitpro/libctru/lib/libctru.a(svc.o)
                0x0010f6c0                svcGetResourceLimit
 .text.svcGetResourceLimitLimitValues
                0x0010f6d4        0x8 /opt/devkitpro/libctru/lib/libctru.a(svc.o)
                0x0010f6d4                svcGetResourceLimitLimitValues
 .text.svcGetResourceLimitCurrentValues
                0x0010f6dc        0x8 /opt/devkitpro/libctru/lib/libctru.a(svc.o)
                0x0010f6dc                svcGetResourceLimitCurrentValues
 .text.svcBreak
                0x0010f6e4        0x8 /opt/devkitpro/libctru/lib/libctru.a(svc.o)
                0x0010f6e4                svcBreak
 .text.__aeabi_read_tp
                0x0010f6ec        0xc /opt/devkitpro/libctru/lib/libctru.a(readtp.o)
                0x0010f6ec                __aeabi_read_tp
 .text.initSystem
                0x0010f6f8       0x50 /opt/devkitpro/libctru/lib/libctru.a(stack_adjust.o)
                0x0010f6f8                initSystem
 .text.__ctru_exit
                0x0010f748       0x14 /opt/devkitpro/libctru/lib/libctru.a(stack_adjust.o)
                0x0010f748                __ctru_exit
 .text.envGetHandle
                0x0010f75c       0x84 /opt/devkitpro/libctru/lib/libctru.a(env.o)
                0x0010f75c                envGetHandle
 .text.envDestroyHandles
                0x0010f7e0       0x50 /opt/devkitpro/libctru/lib/libctru.a(env.o)
                0x0010f7e0                envDestroyHandles
 .text.srvInit  0x0010f830      0x12c /opt/devkitpro/libctru/lib/libctru.a(srv.o)
                0x0010f830                srvInit
 .text.srvExit  0x0010f95c       0x58 /opt/devkitpro/libctru/lib/libctru.a(srv.o)
                0x0010f95c                srvExit
 .text.srvEnableNotification
                0x0010f9b4       0x60 /opt/devkitpro/libctru/lib/libctru.a(srv.o)
                0x0010f9b4                srvEnableNotification
 .text.srvGetServiceHandleDirect
                0x0010fa14       0xa0 /opt/devkitpro/libctru/lib/libctru.a(srv.o)
                0x0010fa14                srvGetServiceHandleDirect
 .text.srvGetServiceHandle
                0x0010fab4       0x38 /opt/devkitpro/libctru/lib/libctru.a(srv.o)
                0x0010fab4                srvGetServiceHandle
 .text.srvSubscribe
                0x0010faec       0x34 /opt/devkitpro/libctru/lib/libctru.a(srv.o)
                0x0010faec                srvSubscribe
 .text.srvReceiveNotification
                0x0010fb20       0x60 /opt/devkitpro/libctru/lib/libctru.a(srv.o)
                0x0010fb20                srvReceiveNotification
 .text.srvPublishToSubscriber
                0x0010fb80       0x38 /opt/devkitpro/libctru/lib/libctru.a(srv.o)
                0x0010fb80                srvPublishToSubscriber
 .text.__sync_init
                0x0010fbb8        0xc /opt/devkitpro/libctru/lib/libctru.a(synchronization.o)
                0x0010fbb8                __sync_init
 .text.__sync_fini
                0x0010fbc4       0x18 /opt/devkitpro/libctru/lib/libctru.a(synchronization.o)
                0x0010fbc4                __sync_fini
 .text.syncArbitrateAddress
                0x0010fbdc       0x2c /opt/devkitpro/libctru/lib/libctru.a(synchronization.o)
                0x0010fbdc                syncArbitrateAddress
 .text.LightLock_Lock
                0x0010fc08       0xac /opt/devkitpro/libctru/lib/libctru.a(synchronization.o)
                0x0010fc08                LightLock_Lock
 .text.LightLock_Unlock
                0x0010fcb4       0x40 /opt/devkitpro/libctru/lib/libctru.a(synchronization.o)
                0x0010fcb4                LightLock_Unlock
 .text.RecursiveLock_Lock
                0x0010fcf4       0x30 /opt/devkitpro/libctru/lib/libctru.a(synchronization.o)
                0x0010fcf4                RecursiveLock_Lock
 .text.RecursiveLock_Unlock
                0x0010fd24       0x54 /opt/devkitpro/libctru/lib/libctru.a(synchronization.o)
                0x0010fd24                RecursiveLock_Unlock
 .text.LightEvent_Init
                0x0010fd78       0x40 /opt/devkitpro/libctru/lib/libctru.a(synchronization.o)
                0x0010fd78                LightEvent_Init
 .text.LightEvent_Clear
                0x0010fdb8       0xa4 /opt/devkitpro/libctru/lib/libctru.a(synchronization.o)
                0x0010fdb8                LightEvent_Clear
 .text.LightEvent_Signal
                0x0010fe5c       0xc8 /opt/devkitpro/libctru/lib/libctru.a(synchronization.o)
                0x0010fe5c                LightEvent_Signal
 .text.LightEvent_TryWait
                0x0010ff24       0x50 /opt/devkitpro/libctru/lib/libctru.a(synchronization.o)
                0x0010ff24                LightEvent_TryWait
 .text.LightEvent_Wait
                0x0010ff74       0xa0 /opt/devkitpro/libctru/lib/libctru.a(synchronization.o)
                0x0010ff74                LightEvent_Wait
 .text.threadCreate
                0x00110014      0x1d8 /opt/devkitpro/libctru/lib/libctru.a(thread.o)
                0x00110014                threadCreate
 .text.threadFree
                0x001101ec       0x2c /opt/devkitpro/libctru/lib/libctru.a(thread.o)
                0x001101ec                threadFree
 .text.threadJoin
                0x00110218       0x24 /opt/devkitpro/libctru/lib/libctru.a(thread.o)
                0x00110218                threadJoin
 .text.threadGetCurrent
                0x0011023c       0x30 /opt/devkitpro/libctru/lib/libctru.a(thread.o)
                0x0011023c                threadGetCurrent
 .text.threadExit
                0x0011026c       0x40 /opt/devkitpro/libctru/lib/libctru.a(thread.o)
                0x0011026c                threadExit
 .text._thread_begin
                0x001102ac       0x20 /opt/devkitpro/libctru/lib/libctru.a(thread.o)
 .text.mappableFindAddressWithin
                0x001102cc       0xb4 /opt/devkitpro/libctru/lib/libctru.a(mappable.o)
 .text.mappableInit
                0x00110380       0x28 /opt/devkitpro/libctru/lib/libctru.a(mappable.o)
                0x00110380                mappableInit
 .text.mappableAlloc
                0x001103a8       0x80 /opt/devkitpro/libctru/lib/libctru.a(mappable.o)
                0x001103a8                mappableAlloc
 .text.mappableFree
                0x00110428        0x4 /opt/devkitpro/libctru/lib/libctru.a(mappable.o)
                0x00110428                mappableFree
 .text.srvPmGetSessionHandle
                0x0011042c        0xc /opt/devkitpro/libctru/lib/libctru.a(srvpm.o)
                0x0011042c                srvPmGetSessionHandle
 .text.rbtree_node_next
                0x00110438       0x5c /opt/devkitpro/libctru/lib/libctru.a(rbtree_iterator.o)
                0x00110438                rbtree_node_next
 .text.decode_utf16
                0x00110494       0x64 /opt/devkitpro/libctru/lib/libctru.a(decode_utf16.o)
                0x00110494                decode_utf16
 .text.decode_utf8
                0x001104f8      0x13c /opt/devkitpro/libctru/lib/libctru.a(decode_utf8.o)
                0x001104f8                decode_utf8
 .text.encode_utf16
                0x00110634       0x54 /opt/devkitpro/libctru/lib/libctru.a(encode_utf16.o)
                0x00110634                encode_utf16
 .text.encode_utf8
                0x00110688       0xe0 /opt/devkitpro/libctru/lib/libctru.a(encode_utf8.o)
                0x00110688                encode_utf8
 .text.__appExit
                0x00110768       0x30 /opt/devkitpro/libctru/lib/libctru.a(appExit.o)
                0x00110768                __appExit
 .text.__appInit
                0x00110798       0x30 /opt/devkitpro/libctru/lib/libctru.a(appInit.o)
                0x00110798                __appInit
 .text.__libctru_exit
                0x001107c8       0x90 /opt/devkitpro/libctru/lib/libctru.a(ctru_exit.o)
                0x001107c8                __libctru_exit
 .text.archive_link
                0x00110858       0x14 /opt/devkitpro/libctru/lib/libctru.a(archive_dev.o)
 .text.archive_dirreset
                0x0011086c       0x14 /opt/devkitpro/libctru/lib/libctru.a(archive_dev.o)
 .text.archive_chmod
                0x00110880       0x14 /opt/devkitpro/libctru/lib/libctru.a(archive_dev.o)
 .text.error_cmp
                0x00110894       0x24 /opt/devkitpro/libctru/lib/libctru.a(archive_dev.o)
 .text.archive_translate_error
                0x001108b8       0x50 /opt/devkitpro/libctru/lib/libctru.a(archive_dev.o)
 .text.archive_seek
                0x00110908       0xc8 /opt/devkitpro/libctru/lib/libctru.a(archive_dev.o)
 .text._archiveInit.part.0
                0x001109d0       0x7c /opt/devkitpro/libctru/lib/libctru.a(archive_dev.o)
 .text.archiveFindDevice.part.0
                0x00110a4c       0xc4 /opt/devkitpro/libctru/lib/libctru.a(archive_dev.o)
 .text.archive_utf16path
                0x00110b10      0x280 /opt/devkitpro/libctru/lib/libctru.a(archive_dev.o)
 .text._archiveUnmountDeviceStruct.part.0
                0x00110d90       0x9c /opt/devkitpro/libctru/lib/libctru.a(archive_dev.o)
 .text.archive_fchmod
                0x00110e2c       0x14 /opt/devkitpro/libctru/lib/libctru.a(archive_dev.o)
 .text.archive_statvfs
                0x00110e40       0x14 /opt/devkitpro/libctru/lib/libctru.a(archive_dev.o)
 .text._archiveMountDevice
                0x00110e54      0x164 /opt/devkitpro/libctru/lib/libctru.a(archive_dev.o)
 .text.archive_diropen
                0x00110fb8       0xe8 /opt/devkitpro/libctru/lib/libctru.a(archive_dev.o)
 .text.archive_fstat
                0x001110a0       0xa4 /opt/devkitpro/libctru/lib/libctru.a(archive_dev.o)
 .text.archive_fsync
                0x00111144       0x6c /opt/devkitpro/libctru/lib/libctru.a(archive_dev.o)
 .text.archive_close
                0x001111b0       0x6c /opt/devkitpro/libctru/lib/libctru.a(archive_dev.o)
 .text.archive_dirclose
                0x0011121c       0x70 /opt/devkitpro/libctru/lib/libctru.a(archive_dev.o)
 .text.sdmc_statvfs
                0x0011128c       0xe8 /opt/devkitpro/libctru/lib/libctru.a(archive_dev.o)
 .text.archive_chdir
                0x00111374       0xec /opt/devkitpro/libctru/lib/libctru.a(archive_dev.o)
 .text.archive_ftruncate
                0x00111460       0x7c /opt/devkitpro/libctru/lib/libctru.a(archive_dev.o)
 .text.archive_read
                0x001114dc       0xac /opt/devkitpro/libctru/lib/libctru.a(archive_dev.o)
 .text.archive_unlink
                0x00111588       0xa4 /opt/devkitpro/libctru/lib/libctru.a(archive_dev.o)
 .text.archive_rmdir
                0x0011162c       0xbc /opt/devkitpro/libctru/lib/libctru.a(archive_dev.o)
 .text.archive_mkdir
                0x001116e8       0xdc /opt/devkitpro/libctru/lib/libctru.a(archive_dev.o)
 .text.archive_stat
                0x001117c4      0x194 /opt/devkitpro/libctru/lib/libctru.a(archive_dev.o)
 .text.archive_dirnext
                0x00111958      0x160 /opt/devkitpro/libctru/lib/libctru.a(archive_dev.o)
 .text.archive_write
                0x00111ab8      0x124 /opt/devkitpro/libctru/lib/libctru.a(archive_dev.o)
 .text.archive_open
                0x00111bdc      0x20c /opt/devkitpro/libctru/lib/libctru.a(archive_dev.o)
 .text.archive_rename
                0x00111de8      0x278 /opt/devkitpro/libctru/lib/libctru.a(archive_dev.o)
 .text.archiveMountSdmc
                0x00112060      0x19c /opt/devkitpro/libctru/lib/libctru.a(archive_dev.o)
                0x00112060                archiveMountSdmc
 .text.archiveUnmountAll
                0x001121fc       0x54 /opt/devkitpro/libctru/lib/libctru.a(archive_dev.o)
                0x001121fc                archiveUnmountAll
 .text.sinf     0x00112250      0x25c /opt/devkitpro/devkitARM/bin/../lib/gcc/arm-none-eabi/14.1.0/../../../../arm-none-eabi/lib/armv6k/fpu/libm.a(libm_a-sinf.o)
                0x00112250                sinf
 .text.with_errnof
                0x001124ac       0x24 /opt/devkitpro/devkitARM/bin/../lib/gcc/arm-none-eabi/14.1.0/../../../../arm-none-eabi/lib/armv6k/fpu/libm.a(libm_a-math_errf.o)
 .text.__math_invalidf
                0x001124d0       0x1c /opt/devkitpro/devkitARM/bin/../lib/gcc/arm-none-eabi/14.1.0/../../../../arm-none-eabi/lib/armv6k/fpu/libm.a(libm_a-math_errf.o)
                0x001124d0                __math_invalidf
 *fill*         0x001124ec        0x4 
 .text.cosf     0x001124f0      0x21c /opt/devkitpro/devkitARM/bin/../lib/gcc/arm-none-eabi/14.1.0/../../../../arm-none-eabi/lib/armv6k/fpu/libm.a(libm_a-cosf.o)
                0x001124f0                cosf
 .text.__udivmoddi4
                0x0011270c      0x120 /opt/devkitpro/devkitARM/bin/../lib/gcc/arm-none-eabi/14.1.0/armv6k/fpu/libgcc.a(_udivmoddi4.o)
                0x0011270c                __udivmoddi4
 .text.strncmp  0x0011282c       0xd8 /opt/devkitpro/devkitARM/bin/../lib/gcc/arm-none-eabi/14.1.0/../../../../arm-none-eabi/lib/armv6k/fpu/libg.a(libc_a-strncmp.o)
                0x0011282c                strncmp
 .text.strchr   0x00112904      0x130 /opt/devkitpro/devkitARM/bin/../lib/gcc/arm-none-eabi/14.1.0/../../../../arm-none-eabi/lib/armv6k/fpu/libg.a(libc_a-strchr.o)
                0x00112904                strchr
 .text.srand    0x00112a34       0x1c /opt/devkitpro/devkitARM/bin/../lib/gcc/arm-none-eabi/14.1.0/../../../../arm-none-eabi/lib/armv6k/fpu/libg.a(libc_a-rand.o)
                0x00112a34                srand
 .text.rand     0x00112a50       0x44 /opt/devkitpro/devkitARM/bin/../lib/gcc/arm-none-eabi/14.1.0/../../../../arm-none-eabi/lib/armv6k/fpu/libg.a(libc_a-rand.o)
                0x00112a50                rand
 .text.strlen   0x00112a94       0x5c /opt/devkitpro/devkitARM/bin/../lib/gcc/arm-none-eabi/14.1.0/../../../../arm-none-eabi/lib/armv6k/fpu/libg.a(libc_a-strlen-stub.o)
                0x00112a94                strlen
 .text.memcmp   0x00112af0       0xd4 /opt/devkitpro/devkitARM/bin/../lib/gcc/arm-none-eabi/14.1.0/../../../../arm-none-eabi/lib/armv6k/fpu/libg.a(libc_a-memcmp.o)
                0x00112af0                memcmp
 .text._strtoul_l.isra.0
                0x00112bc4      0x1e4 /opt/devkitpro/devkitARM/bin/../lib/gcc/arm-none-eabi/14.1.0/../../../../arm-none-eabi/lib/armv6k/fpu/libg.a(libc_a-strtoul.o)
 .text.strtoul  0x00112da8       0x34 /opt/devkitpro/devkitARM/bin/../lib/gcc/arm-none-eabi/14.1.0/../../../../arm-none-eabi/lib/armv6k/fpu/libg.a(libc_a-strtoul.o)
                0x00112da8                strtoul
 .text.strncat  0x00112ddc       0xe4 /opt/devkitpro/devkitARM/bin/../lib/gcc/arm-none-eabi/14.1.0/../../../../arm-none-eabi/lib/armv6k/fpu/libg.a(libc_a-strncat.o)
                0x00112ddc                strncat
 .text.bsearch  0x00112ec0       0x78 /opt/devkitpro/devkitARM/bin/../lib/gcc/arm-none-eabi/14.1.0/../../../../arm-none-eabi/lib/armv6k/fpu/libg.a(libc_a-bsearch.o)
                0x00112ec0                bsearch
 .text._fread_r
                0x00112f38      0x344 /opt/devkitpro/devkitARM/bin/../lib/gcc/arm-none-eabi/14.1.0/../../../../arm-none-eabi/lib/armv6k/fpu/libg.a(libc_a-fread.o)
                0x00112f38                _fread_r
 .text.fread    0x0011327c       0x38 /opt/devkitpro/devkitARM/bin/../lib/gcc/arm-none-eabi/14.1.0/../../../../arm-none-eabi/lib/armv6k/fpu/libg.a(libc_a-fread.o)
                0x0011327c                fread
 .text.calloc   0x001132b4       0x20 /opt/devkitpro/devkitARM/bin/../lib/gcc/arm-none-eabi/14.1.0/../../../../arm-none-eabi/lib/armv6k/fpu/libg.a(libc_a-calloc.o)
                0x001132b4                calloc
 .text.lflush   0x001132d4       0x38 /opt/devkitpro/devkitARM/bin/../lib/gcc/arm-none-eabi/14.1.0/../../../../arm-none-eabi/lib/armv6k/fpu/libg.a(libc_a-refill.o)
 .text.__srefill_r
                0x0011330c      0x19c /opt/devkitpro/devkitARM/bin/../lib/gcc/arm-none-eabi/14.1.0/../../../../arm-none-eabi/lib/armv6k/fpu/libg.a(libc_a-refill.o)
                0x0011330c                __srefill_r
 .text._fclose_r
                0x001134a8      0x148 /opt/devkitpro/devkitARM/bin/../lib/gcc/arm-none-eabi/14.1.0/../../../../arm-none-eabi/lib/armv6k/fpu/libg.a(libc_a-fclose.o)
                0x001134a8                _fclose_r
 .text.fclose   0x001135f0       0x18 /opt/devkitpro/devkitARM/bin/../lib/gcc/arm-none-eabi/14.1.0/../../../../arm-none-eabi/lib/armv6k/fpu/libg.a(libc_a-fclose.o)
                0x001135f0                fclose
 .text._calloc_r
                0x00113608       0xc0 /opt/devkitpro/devkitARM/bin/../lib/gcc/arm-none-eabi/14.1.0/../../../../arm-none-eabi/lib/armv6k/fpu/libg.a(libc_a-callocr.o)
                0x00113608                _calloc_r
 .text.__smakebuf_r
                0x001136c8      0x144 /opt/devkitpro/devkitARM/bin/../lib/gcc/arm-none-eabi/14.1.0/../../../../arm-none-eabi/lib/armv6k/fpu/libg.a(libc_a-makebuf.o)
                0x001136c8                __smakebuf_r
 .text.__swhatbuf_r
                0x0011380c       0x8c /opt/devkitpro/devkitARM/bin/../lib/gcc/arm-none-eabi/14.1.0/../../../../arm-none-eabi/lib/armv6k/fpu/libg.a(libc_a-makebuf.o)
                0x0011380c                __swhatbuf_r
 .text.memalign
                0x00113898       0x20 /opt/devkitpro/devkitARM/bin/../lib/gcc/arm-none-eabi/14.1.0/../../../../arm-none-eabi/lib/armv6k/fpu/libg.a(libc_a-malign.o)
                0x00113898                memalign
 .text.stdio_exit_handler
                0x001138b8       0x1c /opt/devkitpro/devkitARM/bin/../lib/gcc/arm-none-eabi/14.1.0/../../../../arm-none-eabi/lib/armv6k/fpu/libg.a(libc_a-findfp.o)
 .text.cleanup_stdio
                0x001138d4       0x5c /opt/devkitpro/devkitARM/bin/../lib/gcc/arm-none-eabi/14.1.0/../../../../arm-none-eabi/lib/armv6k/fpu/libg.a(libc_a-findfp.o)
 .text.global_stdio_init.part.0
                0x00113930      0x154 /opt/devkitpro/devkitARM/bin/../lib/gcc/arm-none-eabi/14.1.0/../../../../arm-none-eabi/lib/armv6k/fpu/libg.a(libc_a-findfp.o)
 .text.__sfp    0x00113a84      0x134 /opt/devkitpro/devkitARM/bin/../lib/gcc/arm-none-eabi/14.1.0/../../../../arm-none-eabi/lib/armv6k/fpu/libg.a(libc_a-findfp.o)
                0x00113a84                __sfp
 .text.__sinit  0x00113bb8       0x5c /opt/devkitpro/devkitARM/bin/../lib/gcc/arm-none-eabi/14.1.0/../../../../arm-none-eabi/lib/armv6k/fpu/libg.a(libc_a-findfp.o)
                0x00113bb8                __sinit
 .text.__sfp_lock_acquire
                0x00113c14        0xc /opt/devkitpro/devkitARM/bin/../lib/gcc/arm-none-eabi/14.1.0/../../../../arm-none-eabi/lib/armv6k/fpu/libg.a(libc_a-findfp.o)
                0x00113c14                __sfp_lock_acquire
 .text.__sfp_lock_release
                0x00113c20        0xc /opt/devkitpro/devkitARM/bin/../lib/gcc/arm-none-eabi/14.1.0/../../../../arm-none-eabi/lib/armv6k/fpu/libg.a(libc_a-findfp.o)
                0x00113c20                __sfp_lock_release
 .text._malloc_r
                0x00113c2c      0x7e8 /opt/devkitpro/devkitARM/bin/../lib/gcc/arm-none-eabi/14.1.0/../../../../arm-none-eabi/lib/armv6k/fpu/libg.a(libc_a-mallocr.o)
                0x00113c2c                _malloc_r
 .text._malloc_trim_r
                0x00114414       0xf8 /opt/devkitpro/devkitARM/bin/../lib/gcc/arm-none-eabi/14.1.0/../../../../arm-none-eabi/lib/armv6k/fpu/libg.a(libc_a-freer.o)
                0x00114414                _malloc_trim_r
 .text._free_r  0x0011450c      0x300 /opt/devkitpro/devkitARM/bin/../lib/gcc/arm-none-eabi/14.1.0/../../../../arm-none-eabi/lib/armv6k/fpu/libg.a(libc_a-freer.o)
                0x0011450c                _free_r
 .text.setvbuf  0x0011480c      0x294 /opt/devkitpro/devkitARM/bin/../lib/gcc/arm-none-eabi/14.1.0/../../../../arm-none-eabi/lib/armv6k/fpu/libg.a(libc_a-setvbuf.o)
                0x0011480c                setvbuf
 .text.strnlen  0x00114aa0       0x4c /opt/devkitpro/devkitARM/bin/../lib/gcc/arm-none-eabi/14.1.0/../../../../arm-none-eabi/lib/armv6k/fpu/libg.a(libc_a-strnlen.o)
                0x00114aa0                strnlen
 .text.__errno  0x00114aec        0xc /opt/devkitpro/devkitARM/bin/../lib/gcc/arm-none-eabi/14.1.0/../../../../arm-none-eabi/lib/armv6k/fpu/libg.a(libc_a-errno.o)
                0x00114aec                __errno
 .text.malloc   0x00114af8       0x34 /opt/devkitpro/devkitARM/bin/../lib/gcc/arm-none-eabi/14.1.0/../../../../arm-none-eabi/lib/armv6k/fpu/libg.a(libc_a-malloc.o)
                0x00114af8                malloc
 .text.free     0x00114b2c       0x18 /opt/devkitpro/devkitARM/bin/../lib/gcc/arm-none-eabi/14.1.0/../../../../arm-none-eabi/lib/armv6k/fpu/libg.a(libc_a-malloc.o)
                0x00114b2c                free
 .text.memcpy   0x00114b44      0x130 /opt/devkitpro/devkitARM/bin/../lib/gcc/arm-none-eabi/14.1.0/../../../../arm-none-eabi/lib/armv6k/fpu/libg.a(libc_a-memcpy-stub.o)
                0x00114b44                memcpy
 .text._fopen_r
                0x00114c74      0x134 /opt/devkitpro/devkitARM/bin/../lib/gcc/arm-none-eabi/14.1.0/../../../../arm-none-eabi/lib/armv6k/fpu/libg.a(libc_a-fopen.o)
                0x00114c74                _fopen_r
 .text.fopen    0x00114da8       0x20 /opt/devkitpro/devkitARM/bin/../lib/gcc/arm-none-eabi/14.1.0/../../../../arm-none-eabi/lib/armv6k/fpu/libg.a(libc_a-fopen.o)
                0x00114da8                fopen
 .text.time     0x00114dc8       0x4c /opt/devkitpro/devkitARM/bin/../lib/gcc/arm-none-eabi/14.1.0/../../../../arm-none-eabi/lib/armv6k/fpu/libg.a(libc_a-time.o)
                0x00114dc8                time
 .text.memset   0x00114e14       0xe8 /opt/devkitpro/devkitARM/bin/../lib/gcc/arm-none-eabi/14.1.0/../../../../arm-none-eabi/lib/armv6k/fpu/libg.a(libc_a-memset.o)
                0x00114e14                memset
 .text._fwalk_sglue
                0x00114efc       0x70 /opt/devkitpro/devkitARM/bin/../lib/gcc/arm-none-eabi/14.1.0/../../../../arm-none-eabi/lib/armv6k/fpu/libg.a(libc_a-fwalk.o)
                0x00114efc                _fwalk_sglue
 .text.__malloc_lock
                0x00114f6c        0xc /opt/devkitpro/devkitARM/bin/../lib/gcc/arm-none-eabi/14.1.0/../../../../arm-none-eabi/lib/armv6k/fpu/libg.a(libc_a-mlock.o)
                0x00114f6c                __malloc_lock
 .text.__malloc_unlock
                0x00114f78        0xc /opt/devkitpro/devkitARM/bin/../lib/gcc/arm-none-eabi/14.1.0/../../../../arm-none-eabi/lib/armv6k/fpu/libg.a(libc_a-mlock.o)
                0x00114f78                __malloc_unlock
 .text.__call_exitprocs
                0x00114f84        0x4 /opt/devkitpro/devkitARM/bin/../lib/gcc/arm-none-eabi/14.1.0/../../../../arm-none-eabi/lib/armv6k/fpu/libg.a(libc_a-exit.o)
                0x00114f84                __call_exitprocs
 .text.exit     0x00114f88       0x30 /opt/devkitpro/devkitARM/bin/../lib/gcc/arm-none-eabi/14.1.0/../../../../arm-none-eabi/lib/armv6k/fpu/libg.a(libc_a-exit.o)
                0x00114f88                exit
 .text._fseek_r
                0x00114fb8       0x1c /opt/devkitpro/devkitARM/bin/../lib/gcc/arm-none-eabi/14.1.0/../../../../arm-none-eabi/lib/armv6k/fpu/libg.a(libc_a-fseek.o)
                0x00114fb8                _fseek_r
 .text.strncpy  0x00114fd4       0xc4 /opt/devkitpro/devkitARM/bin/../lib/gcc/arm-none-eabi/14.1.0/../../../../arm-none-eabi/lib/armv6k/fpu/libg.a(libc_a-strncpy.o)
                0x00114fd4                strncpy
 .text.__sflags
                0x00115098       0xb4 /opt/devkitpro/devkitARM/bin/../lib/gcc/arm-none-eabi/14.1.0/../../../../arm-none-eabi/lib/armv6k/fpu/libg.a(libc_a-flags.o)
                0x00115098                __sflags
 .text.__libc_init_array
                0x0011514c       0x84 /opt/devkitpro/devkitARM/bin/../lib/gcc/arm-none-eabi/14.1.0/../../../../arm-none-eabi/lib/armv6k/fpu/libg.a(libc_a-init.o)
                0x0011514c                __libc_init_array
 .text.__sflush_r
                0x001151d0      0x228 /opt/devkitpro/devkitARM/bin/../lib/gcc/arm-none-eabi/14.1.0/../../../../arm-none-eabi/lib/armv6k/fpu/libg.a(libc_a-fflush.o)
                0x001151d0                __sflush_r
 .text._fflush_r
                0x001153f8       0x94 /opt/devkitpro/devkitARM/bin/../lib/gcc/arm-none-eabi/14.1.0/../../../../arm-none-eabi/lib/armv6k/fpu/libg.a(libc_a-fflush.o)
                0x001153f8                _fflush_r
 .text._memalign_r
                0x0011548c      0x150 /opt/devkitpro/devkitARM/bin/../lib/gcc/arm-none-eabi/14.1.0/../../../../arm-none-eabi/lib/armv6k/fpu/libg.a(libc_a-malignr.o)
                0x0011548c                _memalign_r
 .text.__libc_fini_array
                0x001155dc       0x3c /opt/devkitpro/devkitARM/bin/../lib/gcc/arm-none-eabi/14.1.0/../../../../arm-none-eabi/lib/armv6k/fpu/libg.a(libc_a-fini.o)
                0x001155dc                __libc_fini_array
 .text._fseeko_r
                0x00115618      0x58c /opt/devkitpro/devkitARM/bin/../lib/gcc/arm-none-eabi/14.1.0/../../../../arm-none-eabi/lib/armv6k/fpu/libg.a(libc_a-fseeko.o)
                0x00115618                _fseeko_r
 .text.__sread  0x00115ba4       0x44 /opt/devkitpro/devkitARM/bin/../lib/gcc/arm-none-eabi/14.1.0/../../../../arm-none-eabi/lib/armv6k/fpu/libg.a(libc_a-stdio.o)
                0x00115ba4                __sread
 .text.__swrite
                0x00115be8       0x68 /opt/devkitpro/devkitARM/bin/../lib/gcc/arm-none-eabi/14.1.0/../../../../arm-none-eabi/lib/armv6k/fpu/libg.a(libc_a-stdio.o)
                0x00115be8                __swrite
 .text.__sseek  0x00115c50       0x40 /opt/devkitpro/devkitARM/bin/../lib/gcc/arm-none-eabi/14.1.0/../../../../arm-none-eabi/lib/armv6k/fpu/libg.a(libc_a-stdio.o)
                0x00115c50                __sseek
 .text.__sclose
                0x00115c90        0x8 /opt/devkitpro/devkitARM/bin/../lib/gcc/arm-none-eabi/14.1.0/../../../../arm-none-eabi/lib/armv6k/fpu/libg.a(libc_a-stdio.o)
                0x00115c90                __sclose
 .text._exit    0x00115c98       0x20 /opt/devkitpro/devkitARM/bin/../lib/gcc/arm-none-eabi/14.1.0/../../../../arm-none-eabi/lib/armv6k/fpu/libsysbase.a(libsysbase_libsysbase_a-_exit.o)
                0x00115c98                _exit
 .text.chdir    0x00115cb8      0x13c /opt/devkitpro/devkitARM/bin/../lib/gcc/arm-none-eabi/14.1.0/../../../../arm-none-eabi/lib/armv6k/fpu/libsysbase.a(libsysbase_libsysbase_a-chdir.o)
                0x00115cb8                chdir
 .text._concatenate_path
                0x00115df4      0x1cc /opt/devkitpro/devkitARM/bin/../lib/gcc/arm-none-eabi/14.1.0/../../../../arm-none-eabi/lib/armv6k/fpu/libsysbase.a(libsysbase_libsysbase_a-concatenate.o)
                0x00115df4                _concatenate_path
 .text._fstat_r
                0x00115fc0       0x88 /opt/devkitpro/devkitARM/bin/../lib/gcc/arm-none-eabi/14.1.0/../../../../arm-none-eabi/lib/armv6k/fpu/libsysbase.a(libsysbase_libsysbase_a-fstat.o)
                0x00115fc0                _fstat_r
 .text.__getreent
                0x00116048       0x2c /opt/devkitpro/devkitARM/bin/../lib/gcc/arm-none-eabi/14.1.0/../../../../arm-none-eabi/lib/armv6k/fpu/libsysbase.a(libsysbase_libsysbase_a-getreent.o)
                0x00116048                __getreent
 .text._gettimeofday_r
                0x00116074       0x30 /opt/devkitpro/devkitARM/bin/../lib/gcc/arm-none-eabi/14.1.0/../../../../arm-none-eabi/lib/armv6k/fpu/libsysbase.a(libsysbase_libsysbase_a-gettod.o)
                0x00116074                _gettimeofday_r
 .text.__release_handle
                0x001160a4       0x8c /opt/devkitpro/devkitARM/bin/../lib/gcc/arm-none-eabi/14.1.0/../../../../arm-none-eabi/lib/armv6k/fpu/libsysbase.a(libsysbase_libsysbase_a-handle_manager.o)
                0x001160a4                __release_handle
 .text.__alloc_handle
                0x00116130       0xb0 /opt/devkitpro/devkitARM/bin/../lib/gcc/arm-none-eabi/14.1.0/../../../../arm-none-eabi/lib/armv6k/fpu/libsysbase.a(libsysbase_libsysbase_a-handle_manager.o)
                0x00116130                __alloc_handle
 .text.__get_handle
                0x001161e0       0x3c /opt/devkitpro/devkitARM/bin/../lib/gcc/arm-none-eabi/14.1.0/../../../../arm-none-eabi/lib/armv6k/fpu/libsysbase.a(libsysbase_libsysbase_a-handle_manager.o)
                0x001161e0                __get_handle
 .text._close_r
                0x0011621c       0xf4 /opt/devkitpro/devkitARM/bin/../lib/gcc/arm-none-eabi/14.1.0/../../../../arm-none-eabi/lib/armv6k/fpu/libsysbase.a(libsysbase_libsysbase_a-handle_manager.o)
                0x0011621c                _close_r
 .text.null_write
                0x00116310        0x8 /opt/devkitpro/devkitARM/bin/../lib/gcc/arm-none-eabi/14.1.0/../../../../arm-none-eabi/lib/armv6k/fpu/libsysbase.a(libsysbase_libsysbase_a-iosupport.o)
 .text.setDefaultDevice
                0x00116318       0x18 /opt/devkitpro/devkitARM/bin/../lib/gcc/arm-none-eabi/14.1.0/../../../../arm-none-eabi/lib/armv6k/fpu/libsysbase.a(libsysbase_libsysbase_a-iosupport.o)
                0x00116318                setDefaultDevice
 .text.FindDevice
                0x00116330       0xc8 /opt/devkitpro/devkitARM/bin/../lib/gcc/arm-none-eabi/14.1.0/../../../../arm-none-eabi/lib/armv6k/fpu/libsysbase.a(libsysbase_libsysbase_a-iosupport.o)
                0x00116330                FindDevice
 .text.RemoveDevice
                0x001163f8       0x28 /opt/devkitpro/devkitARM/bin/../lib/gcc/arm-none-eabi/14.1.0/../../../../arm-none-eabi/lib/armv6k/fpu/libsysbase.a(libsysbase_libsysbase_a-iosupport.o)
                0x001163f8                RemoveDevice
 .text.AddDevice
                0x00116420       0x98 /opt/devkitpro/devkitARM/bin/../lib/gcc/arm-none-eabi/14.1.0/../../../../arm-none-eabi/lib/armv6k/fpu/libsysbase.a(libsysbase_libsysbase_a-iosupport.o)
                0x00116420                AddDevice
 .text.GetDeviceOpTab
                0x001164b8       0x20 /opt/devkitpro/devkitARM/bin/../lib/gcc/arm-none-eabi/14.1.0/../../../../arm-none-eabi/lib/armv6k/fpu/libsysbase.a(libsysbase_libsysbase_a-iosupport.o)
                0x001164b8                GetDeviceOpTab
 .text._isatty_r
                0x001164d8        0x8 /opt/devkitpro/devkitARM/bin/../lib/gcc/arm-none-eabi/14.1.0/../../../../arm-none-eabi/lib/armv6k/fpu/libsysbase.a(libsysbase_libsysbase_a-isatty.o)
                0x001164d8                _isatty_r
 .text._lseek_r
                0x001164e0       0x8c /opt/devkitpro/devkitARM/bin/../lib/gcc/arm-none-eabi/14.1.0/../../../../arm-none-eabi/lib/armv6k/fpu/libsysbase.a(libsysbase_libsysbase_a-lseek.o)
                0x001164e0                _lseek_r
 .text._open_r  0x0011656c       0xbc /opt/devkitpro/devkitARM/bin/../lib/gcc/arm-none-eabi/14.1.0/../../../../arm-none-eabi/lib/armv6k/fpu/libsysbase.a(libsysbase_libsysbase_a-open.o)
                0x0011656c                _open_r
 .text._read_r  0x00116628       0x88 /opt/devkitpro/devkitARM/bin/../lib/gcc/arm-none-eabi/14.1.0/../../../../arm-none-eabi/lib/armv6k/fpu/libsysbase.a(libsysbase_libsysbase_a-read.o)
                0x00116628                _read_r
 .text._sbrk_r  0x001166b0       0x78 /opt/devkitpro/devkitARM/bin/../lib/gcc/arm-none-eabi/14.1.0/../../../../arm-none-eabi/lib/armv6k/fpu/libsysbase.a(libsysbase_libsysbase_a-sbrk.o)
                0x001166b0                _sbrk_r
 .text.__libc_lock_acquire
                0x00116728       0x1c /opt/devkitpro/devkitARM/bin/../lib/gcc/arm-none-eabi/14.1.0/../../../../arm-none-eabi/lib/armv6k/fpu/libsysbase.a(libsysbase_libsysbase_a-syscall_support.o)
                0x00116728                __libc_lock_acquire
 .text.__libc_lock_release
                0x00116744       0x1c /opt/devkitpro/devkitARM/bin/../lib/gcc/arm-none-eabi/14.1.0/../../../../arm-none-eabi/lib/armv6k/fpu/libsysbase.a(libsysbase_libsysbase_a-syscall_support.o)
                0x00116744                __libc_lock_release
 .text.__libc_lock_acquire_recursive
                0x00116760       0x1c /opt/devkitpro/devkitARM/bin/../lib/gcc/arm-none-eabi/14.1.0/../../../../arm-none-eabi/lib/armv6k/fpu/libsysbase.a(libsysbase_libsysbase_a-syscall_support.o)
                0x00116760                __libc_lock_acquire_recursive
 .text.__libc_lock_release_recursive
                0x0011677c       0x1c /opt/devkitpro/devkitARM/bin/../lib/gcc/arm-none-eabi/14.1.0/../../../../arm-none-eabi/lib/armv6k/fpu/libsysbase.a(libsysbase_libsysbase_a-syscall_support.o)
                0x0011677c                __libc_lock_release_recursive
 .text._write_r
                0x00116798       0x88 /opt/devkitpro/devkitARM/bin/../lib/gcc/arm-none-eabi/14.1.0/../../../../arm-none-eabi/lib/armv6k/fpu/libsysbase.a(libsysbase_libsysbase_a-write.o)
                0x00116798                _write_r
 .text.strrchr  0x00116820       0x48 /opt/devkitpro/devkitARM/bin/../lib/gcc/arm-none-eabi/14.1.0/../../../../arm-none-eabi/lib/armv6k/fpu/libg.a(libc_a-strrchr.o)
                0x00116820                strrchr
 *(.glue_7)
 .glue_7        0x00116868        0x0 linker stubs
 *(.glue_7t)
 .glue_7t       0x00116868        0x0 linker stubs
 *(.stub)
 *(.gnu.warning)
 *(.gnu.linkonce.t*)
                0x00116868                        . = ALIGN (0x4)
 *(.fini)
 .fini          0x00116868        0xc /opt/devkitpro/devkitARM/bin/../lib/gcc/arm-none-eabi/14.1.0/armv6k/fpu/crti.o
                0x00116868                _fini
 .fini          0x00116874        0xc /opt/devkitpro/devkitARM/bin/../lib/gcc/arm-none-eabi/14.1.0/armv6k/fpu/crtn.o
                0x00116880                        . = ALIGN (0x4)

.vfp11_veneer   0x00116880        0x0
 .vfp11_veneer  0x00116880        0x0 linker stubs

.v4_bx          0x00116880        0x0
 .v4_bx         0x00116880        0x0 linker stubs

.iplt           0x00116880        0x0
 .iplt          0x00116880        0x0 /opt/devkitpro/devkitARM/bin/../lib/gcc/arm-none-eabi/14.1.0/../../../../arm-none-eabi/lib/armv6k/fpu/3dsx_crt0.o
                0x00117000                        . = ALIGN (0x1000)

.rodata         0x00117000      0x6f8
 *(.rodata)
 .rodata        0x00117000        0xc /opt/devkitpro/libctru/lib/libctru.a(romfs_dev.o)
 .rodata        0x0011700c        0xc /opt/devkitpro/libctru/lib/libctru.a(archive_dev.o)
 *(.roda)
 *(.rodata.*)
 .rodata.str1.4
                0x00117018       0xe4 main.o
                                 0x21 (size before relaxing)
 .rodata.C2D_Init.str1.4
                0x001170fc       0x10 /opt/devkitpro/libctru/lib/libcitro2d.a(base.o)
 .rodata.s_defaultTint.0
                0x001170fc        0x8 /opt/devkitpro/libctru/lib/libcitro2d.a(base.o)
 .rodata.C2D_SpriteSheetLoad.str1.4
                0x00117104        0x3 /opt/devkitpro/libctru/lib/libcitro2d.a(spritesheet.o)
 .rodata.render2d_shbin
                0x00117104      0x190 /opt/devkitpro/libctru/lib/libcitro2d.a(render2d.shbin.o)
                0x00117104                render2d_shbin
                0x00117290                render2d_shbin_size
                0x00117290                render2d_shbin_end
 .rodata.depthFmtSizes
                0x00117294        0x4 /opt/devkitpro/libctru/lib/libcitro3d.a(framebuffer.o)
 .rodata.colorFmtSizes
                0x00117298        0x5 /opt/devkitpro/libctru/lib/libcitro3d.a(framebuffer.o)
 *fill*         0x0011729d        0x3 
 .rodata.CSWTCH.11
                0x001172a0       0x10 /opt/devkitpro/libctru/lib/libcitro3d.a(proctex.o)
 .rodata.CSWTCH.19
                0x001172b0       0x38 /opt/devkitpro/libctru/lib/libcitro3d.a(texture.o)
 .rodata.romfs_dirnext.str1.4
                0x001172e8        0x7 /opt/devkitpro/libctru/lib/libctru.a(romfs_dev.o)
 .rodata.romfsMountSelf.str1.4
                0x001172e8       0x19 /opt/devkitpro/libctru/lib/libctru.a(romfs_dev.o)
 .rodata.str1.4
                0x001172e8        0x1 /opt/devkitpro/libctru/lib/libctru.a(romfs_dev.o)
 .rodata.romFS_devoptab
                0x001172e8       0x80 /opt/devkitpro/libctru/lib/libctru.a(romfs_dev.o)
 .rodata.aptSendCommand.str1.4
                0x00117368       0x16 /opt/devkitpro/libctru/lib/libctru.a(apt.o)
 .rodata.morton_y.2
                0x00117368        0x8 /opt/devkitpro/libctru/lib/libctru.a(apt.o)
 .rodata.morton_x.3
                0x00117370        0x8 /opt/devkitpro/libctru/lib/libctru.a(apt.o)
 .rodata.s_sleepWakeEvents.4
                0x00117378        0x8 /opt/devkitpro/libctru/lib/libctru.a(apt.o)
 .rodata.fsInit.str1.4
                0x00117380        0x8 /opt/devkitpro/libctru/lib/libctru.a(fs.o)
 .rodata.gspInit.str1.4
                0x00117380        0x9 /opt/devkitpro/libctru/lib/libctru.a(gspgpu.o)
 .rodata.hidInit.str1.4
                0x00117380       0x15 /opt/devkitpro/libctru/lib/libctru.a(hid.o)
 .rodata.irrstInit.str1.4
                0x00117380        0x7 /opt/devkitpro/libctru/lib/libctru.a(irrst.o)
 .rodata.ptmSysmInit.str1.4
                0x00117380        0x9 /opt/devkitpro/libctru/lib/libctru.a(ptmsysm.o)
 .rodata.__system_initArgv.str1.4
                0x00117380        0xa /opt/devkitpro/libctru/lib/libctru.a(initArgv.o)
 .rodata.srvInit.str1.4
                0x00117380        0x5 /opt/devkitpro/libctru/lib/libctru.a(srv.o)
 .rodata.archive_utf16path.str1.4
                0x00117380        0x2 /opt/devkitpro/libctru/lib/libctru.a(archive_dev.o)
 .rodata._archiveUnmountDeviceStruct.part.0.str1.4
                0x00117380        0x2 /opt/devkitpro/libctru/lib/libctru.a(archive_dev.o)
 .rodata._archiveMountDevice.str1.4
                0x00117380        0xc /opt/devkitpro/libctru/lib/libctru.a(archive_dev.o)
 .rodata.archiveMountSdmc.str1.4
                0x00117380        0x5 /opt/devkitpro/libctru/lib/libctru.a(archive_dev.o)
 .rodata.error_table
                0x00117380       0x30 /opt/devkitpro/libctru/lib/libctru.a(archive_dev.o)
 .rodata.str1.4
                0x001173b0        0x8 /opt/devkitpro/libctru/lib/libctru.a(archive_dev.o)
 .rodata.archive_devoptab
                0x001173b0       0x80 /opt/devkitpro/libctru/lib/libctru.a(archive_dev.o)
 .rodata.__inv_pio4
                0x00117430       0x60 /opt/devkitpro/devkitARM/bin/../lib/gcc/arm-none-eabi/14.1.0/../../../../arm-none-eabi/lib/armv6k/fpu/libm.a(libm_a-sincosf_data.o)
                0x00117430                __inv_pio4
 .rodata.__sincosf_table
                0x00117490       0xe0 /opt/devkitpro/devkitARM/bin/../lib/gcc/arm-none-eabi/14.1.0/../../../../arm-none-eabi/lib/armv6k/fpu/libm.a(libm_a-sincosf_data.o)
                0x00117490                __sincosf_table
 .rodata._ctype_
                0x00117570      0x101 /opt/devkitpro/devkitARM/bin/../lib/gcc/arm-none-eabi/14.1.0/../../../../arm-none-eabi/lib/armv6k/fpu/libg.a(libc_a-ctype_.o)
                0x00117570                _ctype_
 .rodata.AddDevice.str1.4
                0x00117671        0x8 /opt/devkitpro/devkitARM/bin/../lib/gcc/arm-none-eabi/14.1.0/../../../../arm-none-eabi/lib/armv6k/fpu/libsysbase.a(libsysbase_libsysbase_a-iosupport.o)
 *fill*         0x00117671        0x3 
 .rodata.dotab_stdnull
                0x00117674       0x80 /opt/devkitpro/devkitARM/bin/../lib/gcc/arm-none-eabi/14.1.0/../../../../arm-none-eabi/lib/armv6k/fpu/libsysbase.a(libsysbase_libsysbase_a-iosupport.o)
                0x00117674                dotab_stdnull
 *all.rodata*(*)
 *(.gnu.linkonce.r*)
                0x001176f4                        . = ALIGN (0x4)
                0x001176f4                        __tdata_align = .
                0x001176f4        0x4 LONG 0x4 ALIGNOF (.tdata)
                0x001176f8                        . = ALIGN (0x4)

.eh_frame       0x001176f8        0x0
 .eh_frame      0x001176f8        0x0 /opt/devkitpro/devkitARM/bin/../lib/gcc/arm-none-eabi/14.1.0/armv6k/fpu/crtbegin.o

.rel.dyn        0x001176f8        0x0
 .rel.iplt      0x001176f8        0x0 /opt/devkitpro/devkitARM/bin/../lib/gcc/arm-none-eabi/14.1.0/../../../../arm-none-eabi/lib/armv6k/fpu/3dsx_crt0.o
 .rel.got       0x001176f8        0x0 /opt/devkitpro/devkitARM/bin/../lib/gcc/arm-none-eabi/14.1.0/../../../../arm-none-eabi/lib/armv6k/fpu/3dsx_crt0.o

.ARM.extab
 *(.ARM.extab* .gnu.linkonce.armextab.*)
                0x001176f8                        __exidx_start = .

.ARM.exidx
 *(.ARM.exidx* .gnu.linkonce.armexidx.*)
                0x001176f8                        __exidx_end = .
                0x00118000                        . = ALIGN (0x1000)

.data           0x00118000     0x1a1c
 *(.data)
 *(.data.*)
 .data.framerateCounter
                0x00118000        0x8 /opt/devkitpro/libctru/lib/libcitro3d.a(renderqueue.o)
 .data.framerate
                0x00118008        0x4 /opt/devkitpro/libctru/lib/libcitro3d.a(renderqueue.o)
 .data.queueLock
                0x0011800c        0x4 /opt/devkitpro/libctru/lib/libctru.a(gxqueue.o)
 .data.aptChainloadDeliverArgSize
                0x00118010        0x4 /opt/devkitpro/libctru/lib/libctru.a(apt.o)
 .data.kCount   0x00118014        0x4 /opt/devkitpro/libctru/lib/libctru.a(hid.o)
 .data.kInterval
                0x00118018        0x4 /opt/devkitpro/libctru/lib/libctru.a(hid.o)
 .data.kDelay   0x0011801c        0x4 /opt/devkitpro/libctru/lib/libctru.a(hid.o)
 .data.__stacksize__
                0x00118020        0x4 /opt/devkitpro/libctru/lib/libctru.a(stack_adjust.o)
                0x00118020                __stacksize__
 .data._impure_ptr
                0x00118024        0x4 /opt/devkitpro/devkitARM/bin/../lib/gcc/arm-none-eabi/14.1.0/../../../../arm-none-eabi/lib/armv6k/fpu/libg.a(libc_a-impure.o)
                0x00118024                _impure_ptr
 .data._impure_data
                0x00118028      0x120 /opt/devkitpro/devkitARM/bin/../lib/gcc/arm-none-eabi/14.1.0/../../../../arm-none-eabi/lib/armv6k/fpu/libg.a(libc_a-impure.o)
                0x00118028                _impure_data
 .data.__sglue  0x00118148        0xc /opt/devkitpro/devkitARM/bin/../lib/gcc/arm-none-eabi/14.1.0/../../../../arm-none-eabi/lib/armv6k/fpu/libg.a(libc_a-findfp.o)
                0x00118148                __sglue
 .data.__malloc_sbrk_base
                0x00118154        0x4 /opt/devkitpro/devkitARM/bin/../lib/gcc/arm-none-eabi/14.1.0/../../../../arm-none-eabi/lib/armv6k/fpu/libg.a(libc_a-mallocr.o)
                0x00118154                __malloc_sbrk_base
 .data.__malloc_trim_threshold
                0x00118158        0x4 /opt/devkitpro/devkitARM/bin/../lib/gcc/arm-none-eabi/14.1.0/../../../../arm-none-eabi/lib/armv6k/fpu/libg.a(libc_a-mallocr.o)
                0x00118158                __malloc_trim_threshold
 *fill*         0x0011815c        0x4 
 .data.__malloc_av_
                0x00118160      0x408 /opt/devkitpro/devkitARM/bin/../lib/gcc/arm-none-eabi/14.1.0/../../../../arm-none-eabi/lib/armv6k/fpu/libg.a(libc_a-mallocr.o)
                0x00118160                __malloc_av_
 .data._current_working_directory